../drivers/fsl_usart.c:55:10:USART_GetInstance	8	static
../drivers/fsl_usart.c:77:8:USART_TransferGetRxRingBufferLength	8	static
../drivers/fsl_usart.c:97:13:USART_TransferIsRxRingBufferFull	8	static
../drivers/fsl_usart.c:1123:6:USART_TransferHandleIRQ	40	static
../drivers/fsl_usart.c:132:6:USART_TransferStartRingBuffer	8	static
../drivers/fsl_usart.c:156:6:USART_TransferStopRingBuffer	8	static
../drivers/fsl_usart.c:275:6:USART_Deinit	8	static
../drivers/fsl_usart.c:317:6:USART_GetDefaultConfig	8	static
../drivers/fsl_usart.c:435:10:USART_SetBaudRate	40	static
../drivers/fsl_usart.c:193:10:USART_Init	24	static
../drivers/fsl_usart.c:527:10:USART_Enable32kMode	8	static
../drivers/fsl_usart.c:564:6:USART_Enable9bitMode	8	static
../drivers/fsl_usart.c:591:6:USART_SendAddress	8	static
../drivers/fsl_usart.c:610:10:USART_WriteBlocking	8	static
../drivers/fsl_usart.c:680:10:USART_ReadBlocking	16	static
../drivers/fsl_usart.c:768:10:USART_TransferCreateHandle	24	static
../drivers/fsl_usart.c:820:10:USART_TransferSendNonBlocking	16	static
../drivers/fsl_usart.c:868:6:USART_TransferAbortSend	8	static
../drivers/fsl_usart.c:893:10:USART_TransferGetSendCount	8	static
../drivers/fsl_usart.c:935:10:USART_TransferReceiveNonBlocking	32	static
../drivers/fsl_usart.c:1071:6:USART_TransferAbortReceive	8	static
../drivers/fsl_usart.c:1100:10:USART_TransferGetReceiveCount	8	static
