../Core/Src/main.c:79:16:platform_write	48	static
../Core/Src/main.c:84:16:platform_read	48	static
../Core/Src/main.c:90:5:_write	24	static
../Core/Src/main.c:101:5:main	120	static
../Core/Src/main.c:190:6:SystemClock_Config	96	static
../Core/Src/main.c:236:13:MX_I2C1_Init	8	static
../Core/Src/main.c:284:13:MX_USART2_UART_Init	8	static
../Core/Src/main.c:319:13:MX_GPIO_Init	56	static
../Core/Src/main.c:372:6:StartDefaultTask	16	static
../Core/Src/main.c:390:6:StartVisualTask	32	static
../Core/Src/main.c:426:6:StartAcceleroTask	32	static
../Core/Src/main.c:478:6:HAL_TIM_PeriodElapsedCallback	16	static
../Core/Src/main.c:495:6:Error_Handler	8	static,ignoring_inline_asm
