../drivers/fsl_powerquad_matrix.c:22:6:PQ_MatrixAddition	16	static
../drivers/fsl_powerquad_matrix.c:35:6:PQ_MatrixSubtraction	16	static
../drivers/fsl_powerquad_matrix.c:48:6:PQ_MatrixMultiplication	16	static
../drivers/fsl_powerquad_matrix.c:61:6:PQ_MatrixProduct	16	static
../drivers/fsl_powerquad_matrix.c:74:6:PQ_VectorDotProduct	16	static
../drivers/fsl_powerquad_matrix.c:87:6:PQ_MatrixInversion	16	static
../drivers/fsl_powerquad_matrix.c:106:6:PQ_MatrixTranspose	8	static
../drivers/fsl_powerquad_matrix.c:117:6:PQ_MatrixScale	8	static
