Archive member included to satisfy reference by file (symbol)

C:/appz/nxp/MCUXpressoIDE_11.10.0_3148/ide/plugins/com.nxp.mcuxpresso.tools.win32_11.10.0.202311280810/tools/bin/../lib/gcc/arm-none-eabi/13.2.1/thumb/v8-m.main+fp/hard\libgcc.a(_arm_addsubdf3.o)
                              ./source/powerquad_benchmark_filter.o (__aeabi_f2d)
C:/appz/nxp/MCUXpressoIDE_11.10.0_3148/ide/plugins/com.nxp.mcuxpresso.tools.win32_11.10.0.202311280810/tools/bin/../lib/gcc/arm-none-eabi/13.2.1/thumb/v8-m.main+fp/hard\libgcc.a(_arm_cmpdf2.o)
                              ./source/powerquad_benchmark_filter.o (__aeabi_dcmplt)
C:/appz/nxp/MCUXpressoIDE_11.10.0_3148/ide/plugins/com.nxp.mcuxpresso.tools.win32_11.10.0.202311280810/tools/bin/../lib/gcc/arm-none-eabi/13.2.1/thumb/v8-m.main+fp/hard\libgcc.a(_aeabi_uldivmod.o)
                              ./drivers/fsl_clock.o (__aeabi_uldivmod)
C:/appz/nxp/MCUXpressoIDE_11.10.0_3148/ide/plugins/com.nxp.mcuxpresso.tools.win32_11.10.0.202311280810/tools/bin/../lib/gcc/arm-none-eabi/13.2.1/thumb/v8-m.main+fp/hard\libgcc.a(_fixunssfdi.o)
                              ./drivers/fsl_clock.o (__aeabi_f2ulz)
C:/appz/nxp/MCUXpressoIDE_11.10.0_3148/ide/plugins/com.nxp.mcuxpresso.tools.win32_11.10.0.202311280810/tools/bin/../lib/gcc/arm-none-eabi/13.2.1/thumb/v8-m.main+fp/hard\libgcc.a(_udivmoddi4.o)
                              C:/appz/nxp/MCUXpressoIDE_11.10.0_3148/ide/plugins/com.nxp.mcuxpresso.tools.win32_11.10.0.202311280810/tools/bin/../lib/gcc/arm-none-eabi/13.2.1/thumb/v8-m.main+fp/hard\libgcc.a(_aeabi_uldivmod.o) (__udivmoddi4)
C:/appz/nxp/MCUXpressoIDE_11.10.0_3148/ide/plugins/com.nxp.mcuxpresso.tools.win32_11.10.0.202311280810/tools/bin/../lib/gcc/arm-none-eabi/13.2.1/thumb/v8-m.main+fp/hard\libgcc.a(_arm_muldf3.o)
                              C:/appz/nxp/MCUXpressoIDE_11.10.0_3148/ide/plugins/com.nxp.mcuxpresso.tools.win32_11.10.0.202311280810/tools/bin/../lib/gcc/arm-none-eabi/13.2.1/thumb/v8-m.main+fp/hard\libgcc.a(_fixunssfdi.o) (__aeabi_dmul)
C:/appz/nxp/MCUXpressoIDE_11.10.0_3148/ide/plugins/com.nxp.mcuxpresso.tools.win32_11.10.0.202311280810/tools/bin/../lib/gcc/arm-none-eabi/13.2.1/thumb/v8-m.main+fp/hard\libgcc.a(_dvmd_tls.o)
                              C:/appz/nxp/MCUXpressoIDE_11.10.0_3148/ide/plugins/com.nxp.mcuxpresso.tools.win32_11.10.0.202311280810/tools/bin/../lib/gcc/arm-none-eabi/13.2.1/thumb/v8-m.main+fp/hard\libgcc.a(_aeabi_uldivmod.o) (__aeabi_ldiv0)
C:/appz/nxp/MCUXpressoIDE_11.10.0_3148/ide/plugins/com.nxp.mcuxpresso.tools.win32_11.10.0.202311280810/tools/bin/../lib/gcc/arm-none-eabi/13.2.1/thumb/v8-m.main+fp/hard\libgcc.a(_arm_fixunsdfsi.o)
                              C:/appz/nxp/MCUXpressoIDE_11.10.0_3148/ide/plugins/com.nxp.mcuxpresso.tools.win32_11.10.0.202311280810/tools/bin/../lib/gcc/arm-none-eabi/13.2.1/thumb/v8-m.main+fp/hard\libgcc.a(_fixunssfdi.o) (__aeabi_d2uiz)
C:/appz/nxp/MCUXpressoIDE_11.10.0_3148/ide/plugins/com.nxp.mcuxpresso.tools.win32_11.10.0.202311280810/tools/bin/../lib/gcc/arm-none-eabi/13.2.1/thumb/v8-m.main+fp/hard\libc_nano.a(libc_a-abs.o)
                              ./source/powerquad_benchmark_filter.o (abs)
C:/appz/nxp/MCUXpressoIDE_11.10.0_3148/ide/plugins/com.nxp.mcuxpresso.tools.win32_11.10.0.202311280810/tools/bin/../lib/gcc/arm-none-eabi/13.2.1/thumb/v8-m.main+fp/hard\libc_nano.a(libc_a-malloc.o)
                              ./drivers/fsl_common.o (malloc)
C:/appz/nxp/MCUXpressoIDE_11.10.0_3148/ide/plugins/com.nxp.mcuxpresso.tools.win32_11.10.0.202311280810/tools/bin/../lib/gcc/arm-none-eabi/13.2.1/thumb/v8-m.main+fp/hard\libc_nano.a(libc_a-mallocr.o)
                              C:/appz/nxp/MCUXpressoIDE_11.10.0_3148/ide/plugins/com.nxp.mcuxpresso.tools.win32_11.10.0.202311280810/tools/bin/../lib/gcc/arm-none-eabi/13.2.1/thumb/v8-m.main+fp/hard\libc_nano.a(libc_a-malloc.o) (_malloc_r)
C:/appz/nxp/MCUXpressoIDE_11.10.0_3148/ide/plugins/com.nxp.mcuxpresso.tools.win32_11.10.0.202311280810/tools/bin/../lib/gcc/arm-none-eabi/13.2.1/thumb/v8-m.main+fp/hard\libc_nano.a(libc_a-mlock.o)
                              C:/appz/nxp/MCUXpressoIDE_11.10.0_3148/ide/plugins/com.nxp.mcuxpresso.tools.win32_11.10.0.202311280810/tools/bin/../lib/gcc/arm-none-eabi/13.2.1/thumb/v8-m.main+fp/hard\libc_nano.a(libc_a-mallocr.o) (__malloc_lock)
C:/appz/nxp/MCUXpressoIDE_11.10.0_3148/ide/plugins/com.nxp.mcuxpresso.tools.win32_11.10.0.202311280810/tools/bin/../lib/gcc/arm-none-eabi/13.2.1/thumb/v8-m.main+fp/hard\libc_nano.a(libc_a-strtoul.o)
                              ./utilities/fsl_str.o (strtoul)
C:/appz/nxp/MCUXpressoIDE_11.10.0_3148/ide/plugins/com.nxp.mcuxpresso.tools.win32_11.10.0.202311280810/tools/bin/../lib/gcc/arm-none-eabi/13.2.1/thumb/v8-m.main+fp/hard\libc_nano.a(libc_a-ctype_.o)
                              C:/appz/nxp/MCUXpressoIDE_11.10.0_3148/ide/plugins/com.nxp.mcuxpresso.tools.win32_11.10.0.202311280810/tools/bin/../lib/gcc/arm-none-eabi/13.2.1/thumb/v8-m.main+fp/hard\libc_nano.a(libc_a-strtoul.o) (_ctype_)
[...]
Memory Configuration

Name             Origin             Length             Attributes
PROGRAM_FLASH    0x00000000         0x00098000         xr
SRAM             0x20000000         0x00040000         xrw
SRAMX            0x04000000         0x00008000         xrw
USB_RAM          0x40100000         0x00004000         xrw
*default*        0x00000000         0xffffffff

Linker script and memory map

LOAD ./utilities/fsl_assert.o
LOAD ./utilities/fsl_debug_console.o
LOAD ./utilities/fsl_memcpy.o
LOAD ./utilities/fsl_str.o
LOAD ./startup/boot_multicore_slave.o
LOAD ./startup/startup_lpc55s69_cm33_core0.o
LOAD ./source/powerquad_benchmark_filter.o
LOAD ./source/semihost_hardfault.o
LOAD ./drivers/fsl_clock.o
LOAD ./drivers/fsl_common.o
LOAD ./drivers/fsl_common_arm.o
LOAD ./drivers/fsl_flexcomm.o
LOAD ./drivers/fsl_gpio.o
LOAD ./drivers/fsl_inputmux.o
LOAD ./drivers/fsl_power.o
LOAD ./drivers/fsl_powerquad_basic.o
LOAD ./drivers/fsl_powerquad_cmsis.o
LOAD ./drivers/fsl_powerquad_data.o
LOAD ./drivers/fsl_powerquad_filter.o
LOAD ./drivers/fsl_powerquad_math.o
LOAD ./drivers/fsl_powerquad_matrix.o
LOAD ./drivers/fsl_powerquad_transform.o
LOAD ./drivers/fsl_reset.o
LOAD ./drivers/fsl_usart.o
LOAD ./device/system_LPC55S69_cm33_core0.o
LOAD ./component/uart/fsl_adapter_usart.o
LOAD ./component/lists/fsl_component_generic_list.o
LOAD ./board/board.o
LOAD ./board/clock_config.o
LOAD ./board/pin_mux.o
START GROUP
LOAD C:/appz/nxp/MCUXpressoIDE_11.10.0_3148/ide/plugins/com.nxp.mcuxpresso.tools.win32_11.10.0.202311280810/tools/bin/../lib/gcc/arm-none-eabi/13.2.1/thumb/v8-m.main+fp/hard\libgcc.a
LOAD C:/appz/nxp/MCUXpressoIDE_11.10.0_3148/ide/plugins/com.nxp.mcuxpresso.tools.win32_11.10.0.202311280810/tools/bin/../lib/gcc/arm-none-eabi/13.2.1/thumb/v8-m.main+fp/hard\libc_nano.a
LOAD C:/appz/nxp/MCUXpressoIDE_11.10.0_3148/ide/plugins/com.nxp.mcuxpresso.tools.win32_11.10.0.202311280810/tools/bin/../lib/gcc/arm-none-eabi/13.2.1/thumb/v8-m.main+fp/hard\libm.a
LOAD C:/appz/nxp/MCUXpressoIDE_11.10.0_3148/ide/plugins/com.nxp.mcuxpresso.tools.win32_11.10.0.202311280810/tools/bin/../lib/gcc/arm-none-eabi/13.2.1/../../../../arm-none-eabi/lib/thumb/v8-m.main+fp/hard\libcr_newlib_nohost.a
END GROUP
                0x00000000                        __base_PROGRAM_FLASH = 0x0
                0x00000000                        __base_Flash = 0x0
                0x00098000                        __top_PROGRAM_FLASH = 0x98000
                0x00098000                        __top_Flash = 0x98000
                0x20000000                        __base_SRAM = 0x20000000
                0x20000000                        __base_RAM = 0x20000000
                0x20040000                        __top_SRAM = 0x20040000
                0x20040000                        __top_RAM = 0x20040000
                0x04000000                        __base_SRAMX = 0x4000000
                0x04000000                        __base_RAM2 = 0x4000000
                0x04008000                        __top_SRAMX = 0x4008000
                0x04008000                        __top_RAM2 = 0x4008000
                0x40100000                        __base_USB_RAM = 0x40100000
                0x40100000                        __base_RAM3 = 0x40100000
                0x40104000                        __top_USB_RAM = 0x40104000
                0x40104000                        __top_RAM3 = 0x40104000

.text           0x00000000     0x3b50
 FILL mask 0xff
                0x00000000                        __vectors_start__ = ABSOLUTE (.)
 *(SORT_BY_ALIGNMENT(.isr_vector))
 .isr_vector    0x00000000      0x130 ./startup/startup_lpc55s69_cm33_core0.o
                0x00000000                g_pfnVectors
                0x00000000                __Vectors
                0x00000130                        . = ALIGN (0x4)
                0x00000130                        __section_table_start = .
                0x00000130                        __data_section_table = .
                0x00000130        0x4 LONG 0x3b58 LOADADDR (.data)
                0x00000134        0x4 LONG 0x20000000 ADDR (.data)
                0x00000138        0x4 LONG 0x4 SIZEOF (.data)
                0x0000013c        0x4 LONG 0x3b58 LOADADDR (.data_RAM2)
                0x00000140        0x4 LONG 0x4000000 ADDR (.data_RAM2)
                0x00000144        0x4 LONG 0x0 SIZEOF (.data_RAM2)
                0x00000148        0x4 LONG 0x3b58 LOADADDR (.data_RAM3)
                0x0000014c        0x4 LONG 0x40100000 ADDR (.data_RAM3)
                0x00000150        0x4 LONG 0x0 SIZEOF (.data_RAM3)
                0x00000154                        __data_section_table_end = .
                0x00000154                        __bss_section_table = .
                0x00000154        0x4 LONG 0x20000004 ADDR (.bss)
                0x00000158        0x4 LONG 0x60 SIZEOF (.bss)
                0x0000015c        0x4 LONG 0x4000000 ADDR (.bss_RAM2)
                0x00000160        0x4 LONG 0x0 SIZEOF (.bss_RAM2)
                0x00000164        0x4 LONG 0x40100000 ADDR (.bss_RAM3)
                0x00000168        0x4 LONG 0x0 SIZEOF (.bss_RAM3)
                0x0000016c                        __bss_section_table_end = .
                0x0000016c                        __section_table_end = .
 *(SORT_BY_ALIGNMENT(.after_vectors*))
 .after_vectors.reset
                0x0000016c       0x68 ./startup/startup_lpc55s69_cm33_core0.o
                0x0000016c                ResetISR
 .after_vectors
                0x000001d4       0x16 ./startup/startup_lpc55s69_cm33_core0.o
                0x000001d4                NMI_Handler
                0x000001d8                MemManage_Handler
                0x000001da                BusFault_Handler
                0x000001dc                UsageFault_Handler
                0x000001de                SecureFault_Handler
                0x000001e0                SVC_Handler
                0x000001e2                DebugMon_Handler
                0x000001e4                PendSV_Handler
                0x000001e8                PIN_INT2_DriverIRQHandler
                0x000001e8                Reserved56_DriverIRQHandler
                0x000001e8                PIN_INT0_DriverIRQHandler
                0x000001e8                CTIMER2_DriverIRQHandler
                0x000001e8                SEC_VIO_DriverIRQHandler
                0x000001e8                IntDefaultHandler
                0x000001e8                USB0_DriverIRQHandler
                0x000001e8                CASER_DriverIRQHandler
                0x000001e8                MRT0_DriverIRQHandler
                0x000001e8                UTICK0_DriverIRQHandler
                0x000001e8                Reserved41_DriverIRQHandler
                0x000001e8                PIN_INT4_DriverIRQHandler
                0x000001e8                PIN_INT5_DriverIRQHandler
                0x000001e8                SEC_GPIO_INT0_IRQ0_DriverIRQHandler
                0x000001e8                CTIMER4_DriverIRQHandler
                0x000001e8                GINT1_DriverIRQHandler
                0x000001e8                PIN_INT7_DriverIRQHandler
                0x000001e8                Reserved55_DriverIRQHandler
                0x000001e8                HASHCRYPT_DriverIRQHandler
                0x000001e8                USB0_NEEDCLK_DriverIRQHandler
                0x000001e8                CTIMER0_DriverIRQHandler
                0x000001e8                CTIMER1_DriverIRQHandler
                0x000001e8                PIN_INT3_DriverIRQHandler
                0x000001e8                PIN_INT6_DriverIRQHandler
                0x000001e8                PQ_DriverIRQHandler
                0x000001e8                MAILBOX_DriverIRQHandler
                0x000001e8                PIN_INT1_DriverIRQHandler
                0x000001e8                CTIMER3_DriverIRQHandler
                0x000001e8                Reserved61_DriverIRQHandler
                0x000001e8                SEC_GPIO_INT0_IRQ1_DriverIRQHandler
                0x000001e8                PUF_DriverIRQHandler
                0x000001e8                RTC_DriverIRQHandler
                0x000001e8                Reserved42_DriverIRQHandler
                0x000001e8                DMA0_DriverIRQHandler
                0x000001e8                USB1_DriverIRQHandler
                0x000001e8                Reserved60_DriverIRQHandler
                0x000001e8                DMA1_DriverIRQHandler
                0x000001e8                ADC0_DriverIRQHandler
                0x000001e8                USB1_NEEDCLK_DriverIRQHandler
                0x000001e8                Reserved59_DriverIRQHandler
                0x000001e8                SDIO_DriverIRQHandler
                0x000001e8                GINT0_DriverIRQHandler
                0x000001e8                USB1_PHY_DriverIRQHandler
                0x000001e8                ACMP_DriverIRQHandler
                0x000001e8                Reserved57_DriverIRQHandler
                0x000001e8                Reserved39_DriverIRQHandler
                0x000001e8                Reserved46_DriverIRQHandler
                0x000001e8                WDT_BOD_DriverIRQHandler
                0x000001e8                SCT0_DriverIRQHandler
                0x000001e8                PLU_DriverIRQHandler
                0x000001e8                OS_EVENT_DriverIRQHandler
                0x000001e8                SEC_HYPERVISOR_CALL_DriverIRQHandler
 .after_vectors.init_data
                0x000001ea       0x1e ./startup/startup_lpc55s69_cm33_core0.o
                0x000001ea                data_init
 .after_vectors.init_bss
                0x00000208       0x12 ./startup/startup_lpc55s69_cm33_core0.o
                0x00000208                bss_init
 *(SORT_BY_ALIGNMENT(.text*))
 *fill*         0x0000021a        0x6 ff
 .text.biquad_cascade_f32Test
                0x00000220      0x164 ./source/powerquad_benchmark_filter.o
 *fill*         0x00000384        0x4 ff
 .text.arm_fir_f32Test
                0x00000388      0x118 ./source/powerquad_benchmark_filter.o
 .text.main     0x000004a0      0x660 ./source/powerquad_benchmark_filter.o
                0x000004a0                main
 .text.__assert_func
                0x00000b00       0x2c ./utilities/fsl_assert.o
                0x00000b00                __assert_func
 .text.DbgConsole_Putchar
                0x00000b2c       0x28 ./utilities/fsl_debug_console.o
                0x00000b2c                DbgConsole_Putchar
 .text.DbgConsole_Init
                0x00000b54       0x5c ./utilities/fsl_debug_console.o
                0x00000b54                DbgConsole_Init
 .text.DbgConsole_Vprintf
                0x00000bb0      0x2cc ./utilities/fsl_debug_console.o
                0x00000bb0                DbgConsole_Vprintf
 .text          0x00000e7c       0xa0 ./utilities/fsl_memcpy.o
                0x00000e7c                memcpy
 .text.arm_fir_q31Test
                0x00000f1c       0xdc ./source/powerquad_benchmark_filter.o
 .text.SysTick_Handler
                0x00000ff8       0x10 ./source/powerquad_benchmark_filter.o
                0x00000ff8                SysTick_Handler
 .text.CLOCK_AttachClk
                0x00001008       0x68 ./drivers/fsl_clock.o
                0x00001008                CLOCK_AttachClk
 .text.CLOCK_SetupFROClocking
                0x00001070       0x78 ./drivers/fsl_clock.o
                0x00001070                CLOCK_SetupFROClocking
 .text.CLOCK_SetFLASHAccessCyclesForFreq
                0x000010e8      0x10c ./drivers/fsl_clock.o
                0x000010e8                CLOCK_SetFLASHAccessCyclesForFreq
 .text.FLEXCOMM_GetInstance
                0x000011f4       0x34 ./drivers/fsl_flexcomm.o
                0x000011f4                FLEXCOMM_GetInstance
 .text.FLEXCOMM_Init
                0x00001228       0x88 ./drivers/fsl_flexcomm.o
                0x00001228                FLEXCOMM_Init
 .text.FLEXCOMM0_DriverIRQHandler
                0x000012b0       0x48 ./drivers/fsl_flexcomm.o
                0x000012b0                FLEXCOMM0_DriverIRQHandler
 .text.FLEXCOMM1_DriverIRQHandler
                0x000012f8       0x48 ./drivers/fsl_flexcomm.o
                0x000012f8                FLEXCOMM1_DriverIRQHandler
 .text.FLEXCOMM2_DriverIRQHandler
                0x00001340       0x48 ./drivers/fsl_flexcomm.o
                0x00001340                FLEXCOMM2_DriverIRQHandler
 .text.FLEXCOMM3_DriverIRQHandler
                0x00001388       0x48 ./drivers/fsl_flexcomm.o
                0x00001388                FLEXCOMM3_DriverIRQHandler
 .text.FLEXCOMM4_DriverIRQHandler
                0x000013d0       0x48 ./drivers/fsl_flexcomm.o
                0x000013d0                FLEXCOMM4_DriverIRQHandler
 .text.FLEXCOMM5_DriverIRQHandler
                0x00001418       0x48 ./drivers/fsl_flexcomm.o
                0x00001418                FLEXCOMM5_DriverIRQHandler
 .text.FLEXCOMM6_DriverIRQHandler
                0x00001460       0x4c ./drivers/fsl_flexcomm.o
                0x00001460                FLEXCOMM6_DriverIRQHandler
 .text.FLEXCOMM7_DriverIRQHandler
                0x000014ac       0x4c ./drivers/fsl_flexcomm.o
                0x000014ac                FLEXCOMM7_DriverIRQHandler
 .text.FLEXCOMM8_DriverIRQHandler
                0x000014f8       0x4c ./drivers/fsl_flexcomm.o
                0x000014f8                FLEXCOMM8_DriverIRQHandler
 .text.lowpower_set_system_voltage
                0x00001544       0xd8 ./drivers/fsl_power.o
 .text.lowpower_get_part_process_corner
                0x0000161c       0x4c ./drivers/fsl_power.o
 .text.POWER_SetVoltageForFreq
                0x00001668       0xe0 ./drivers/fsl_power.o
                0x00001668                POWER_SetVoltageForFreq
 .text.PQ_Init  0x00001748       0x24 ./drivers/fsl_powerquad_basic.o
                0x00001748                PQ_Init
 .text.arm_fir_init_f32
                0x0000176c       0x4c ./drivers/fsl_powerquad_cmsis.o
                0x0000176c                arm_fir_init_f32
 .text.arm_fir_init_q31
                0x000017b8       0x44 ./drivers/fsl_powerquad_cmsis.o
                0x000017b8                arm_fir_init_q31
 .text.arm_fir_init_q15
                0x000017fc       0x48 ./drivers/fsl_powerquad_cmsis.o
                0x000017fc                arm_fir_init_q15
 .text.arm_fir_f32
                0x00001844       0xd0 ./drivers/fsl_powerquad_cmsis.o
                0x00001844                arm_fir_f32
 .text.arm_fir_q31
                0x00001914       0xd8 ./drivers/fsl_powerquad_cmsis.o
                0x00001914                arm_fir_q31
 .text.arm_fir_q15
                0x000019ec       0xd8 ./drivers/fsl_powerquad_cmsis.o
                0x000019ec                arm_fir_q15
 .text.arm_conv_f32
                0x00001ac4       0x90 ./drivers/fsl_powerquad_cmsis.o
                0x00001ac4                arm_conv_f32
 .text.arm_conv_q31
                0x00001b54       0x98 ./drivers/fsl_powerquad_cmsis.o
                0x00001b54                arm_conv_q31
 .text.arm_conv_q15
                0x00001bec       0x98 ./drivers/fsl_powerquad_cmsis.o
                0x00001bec                arm_conv_q15
 .text.arm_correlate_f32
                0x00001c84       0x90 ./drivers/fsl_powerquad_cmsis.o
                0x00001c84                arm_correlate_f32
 .text.arm_correlate_q31
                0x00001d14       0x98 ./drivers/fsl_powerquad_cmsis.o
                0x00001d14                arm_correlate_q31
 .text.arm_correlate_q15
                0x00001dac       0x94 ./drivers/fsl_powerquad_cmsis.o
                0x00001dac                arm_correlate_q15
 .text.PQ_FIR   0x00001e40       0x64 ./drivers/fsl_powerquad_filter.o
                0x00001e40                PQ_FIR
 .text.PQ_BiquadCascadeDf2F32
                0x00001ea4       0xb4 ./drivers/fsl_powerquad_filter.o
                0x00001ea4                PQ_BiquadCascadeDf2F32
 .text.RESET_SetPeripheralReset
                0x00001f58       0x40 ./drivers/fsl_reset.o
                0x00001f58                RESET_SetPeripheralReset
 .text.RESET_ClearPeripheralReset
                0x00001f98       0x40 ./drivers/fsl_reset.o
                0x00001f98                RESET_ClearPeripheralReset
 .text.USART_GetDefaultConfig
                0x00001fd8       0x50 ./drivers/fsl_usart.o
                0x00001fd8                USART_GetDefaultConfig
 .text.USART_SetBaudRate
                0x00002028      0x118 ./drivers/fsl_usart.o
                0x00002028                USART_SetBaudRate
 .text.USART_Init
                0x00002140      0x154 ./drivers/fsl_usart.o
                0x00002140                USART_Init
 .text.USART_WriteBlocking
                0x00002294       0x58 ./drivers/fsl_usart.o
                0x00002294                USART_WriteBlocking
 .text.USART_ReadBlocking
                0x000022ec       0xb4 ./drivers/fsl_usart.o
                0x000022ec                USART_ReadBlocking
 .text.SystemInit
                0x000023a0       0x50 ./device/system_LPC55S69_cm33_core0.o
                0x000023a0                SystemInit
 .text.HAL_UartInit
                0x000023f0       0xec ./component/uart/fsl_adapter_usart.o
                0x000023f0                HAL_UartInit
 .text.HAL_UartReceiveBlocking
                0x000024dc       0x64 ./component/uart/fsl_adapter_usart.o
                0x000024dc                HAL_UartReceiveBlocking
 .text.HAL_UartSendBlocking
                0x00002540       0x5c ./component/uart/fsl_adapter_usart.o
                0x00002540                HAL_UartSendBlocking
 .text.BOARD_InitDebugConsole
                0x0000259c       0x28 ./board/board.o
                0x0000259c                BOARD_InitDebugConsole
 .text.BOARD_BootClockFROHF96M
                0x000025c4       0x58 ./board/clock_config.o
                0x000025c4                BOARD_BootClockFROHF96M
 .text          0x0000261c      0x378 C:/appz/nxp/MCUXpressoIDE_11.10.0_3148/ide/plugins/com.nxp.mcuxpresso.tools.win32_11.10.0.202311280810/tools/bin/../lib/gcc/arm-none-eabi/13.2.1/thumb/v8-m.main+fp/hard\libgcc.a(_arm_addsubdf3.o)
                0x0000261c                __aeabi_drsub
                0x00002624                __aeabi_dsub
                0x00002624                __subdf3
                0x00002628                __aeabi_dadd
                0x00002628                __adddf3
                0x000028a0                __floatunsidf
                0x000028a0                __aeabi_ui2d
                0x000028c0                __floatsidf
                0x000028c0                __aeabi_i2d
                0x000028e4                __aeabi_f2d
                0x000028e4                __extendsfdf2
                0x00002928                __floatundidf
                0x00002928                __aeabi_ul2d
                0x00002938                __floatdidf
                0x00002938                __aeabi_l2d
 .text          0x00002994      0x110 C:/appz/nxp/MCUXpressoIDE_11.10.0_3148/ide/plugins/com.nxp.mcuxpresso.tools.win32_11.10.0.202311280810/tools/bin/../lib/gcc/arm-none-eabi/13.2.1/thumb/v8-m.main+fp/hard\libgcc.a(_arm_cmpdf2.o)
                0x00002994                __gtdf2
                0x00002994                __gedf2
                0x0000299c                __ltdf2
                0x0000299c                __ledf2
                0x000029a4                __nedf2
                0x000029a4                __eqdf2
                0x000029a4                __cmpdf2
                0x00002a20                __aeabi_cdrcmple
                0x00002a30                __aeabi_cdcmpeq
                0x00002a30                __aeabi_cdcmple
                0x00002a40                __aeabi_dcmpeq
                0x00002a54                __aeabi_dcmplt
                0x00002a68                __aeabi_dcmple
                0x00002a7c                __aeabi_dcmpge
                0x00002a90                __aeabi_dcmpgt
 .text.fabs     0x00002aa4       0x10 C:/appz/nxp/MCUXpressoIDE_11.10.0_3148/ide/plugins/com.nxp.mcuxpresso.tools.win32_11.10.0.202311280810/tools/bin/../lib/gcc/arm-none-eabi/13.2.1/thumb/v8-m.main+fp/hard\libm.a(libm_a-s_fabs.o)
                0x00002aa4                fabs
 .text.fsl_assert_hook
                0x00002ab4        0x4 ./utilities/fsl_assert.o
                0x00002ab4                fsl_assert_hook
 .text.DbgConsole_ConvertRadixNumToString
                0x00002ab8       0x4c ./utilities/fsl_debug_console.o
 .text.DbgConsole_Printf
                0x00002b04       0x1c ./utilities/fsl_debug_console.o
                0x00002b04                DbgConsole_Printf
 .text.WDT_BOD_IRQHandler
                0x00002b20        0x8 ./startup/startup_lpc55s69_cm33_core0.o
                0x00002b20                WDT_BOD_IRQHandler
 .text.DMA0_IRQHandler
                0x00002b28        0x8 ./startup/startup_lpc55s69_cm33_core0.o
                0x00002b28                DMA0_IRQHandler
 .text.GINT0_IRQHandler
                0x00002b30        0x8 ./startup/startup_lpc55s69_cm33_core0.o
                0x00002b30                GINT0_IRQHandler
 .text.GINT1_IRQHandler
                0x00002b38        0x8 ./startup/startup_lpc55s69_cm33_core0.o
                0x00002b38                GINT1_IRQHandler
 .text.PIN_INT0_IRQHandler
                0x00002b40        0x8 ./startup/startup_lpc55s69_cm33_core0.o
                0x00002b40                PIN_INT0_IRQHandler
 .text.PIN_INT1_IRQHandler
                0x00002b48        0x8 ./startup/startup_lpc55s69_cm33_core0.o
                0x00002b48                PIN_INT1_IRQHandler
 .text.PIN_INT2_IRQHandler
                0x00002b50        0x8 ./startup/startup_lpc55s69_cm33_core0.o
                0x00002b50                PIN_INT2_IRQHandler
 .text.PIN_INT3_IRQHandler
                0x00002b58        0x8 ./startup/startup_lpc55s69_cm33_core0.o
                0x00002b58                PIN_INT3_IRQHandler
 .text.UTICK0_IRQHandler
                0x00002b60        0x8 ./startup/startup_lpc55s69_cm33_core0.o
                0x00002b60                UTICK0_IRQHandler
 .text.MRT0_IRQHandler
                0x00002b68        0x8 ./startup/startup_lpc55s69_cm33_core0.o
                0x00002b68                MRT0_IRQHandler
 .text.CTIMER0_IRQHandler
                0x00002b70        0x8 ./startup/startup_lpc55s69_cm33_core0.o
                0x00002b70                CTIMER0_IRQHandler
 .text.CTIMER1_IRQHandler
                0x00002b78        0x8 ./startup/startup_lpc55s69_cm33_core0.o
                0x00002b78                CTIMER1_IRQHandler
 .text.SCT0_IRQHandler
                0x00002b80        0x8 ./startup/startup_lpc55s69_cm33_core0.o
                0x00002b80                SCT0_IRQHandler
 .text.CTIMER3_IRQHandler
                0x00002b88        0x8 ./startup/startup_lpc55s69_cm33_core0.o
                0x00002b88                CTIMER3_IRQHandler
 .text.FLEXCOMM0_IRQHandler
                0x00002b90        0x8 ./startup/startup_lpc55s69_cm33_core0.o
                0x00002b90                FLEXCOMM0_IRQHandler
 .text.FLEXCOMM1_IRQHandler
                0x00002b98        0x8 ./startup/startup_lpc55s69_cm33_core0.o
                0x00002b98                FLEXCOMM1_IRQHandler
 .text.FLEXCOMM2_IRQHandler
                0x00002ba0        0x8 ./startup/startup_lpc55s69_cm33_core0.o
                0x00002ba0                FLEXCOMM2_IRQHandler
 .text.FLEXCOMM3_IRQHandler
                0x00002ba8        0x8 ./startup/startup_lpc55s69_cm33_core0.o
                0x00002ba8                FLEXCOMM3_IRQHandler
 .text.FLEXCOMM4_IRQHandler
                0x00002bb0        0x8 ./startup/startup_lpc55s69_cm33_core0.o
                0x00002bb0                FLEXCOMM4_IRQHandler
 .text.FLEXCOMM5_IRQHandler
                0x00002bb8        0x8 ./startup/startup_lpc55s69_cm33_core0.o
                0x00002bb8                FLEXCOMM5_IRQHandler
 .text.FLEXCOMM6_IRQHandler
                0x00002bc0        0x8 ./startup/startup_lpc55s69_cm33_core0.o
                0x00002bc0                FLEXCOMM6_IRQHandler
 .text.FLEXCOMM7_IRQHandler
                0x00002bc8        0x8 ./startup/startup_lpc55s69_cm33_core0.o
                0x00002bc8                FLEXCOMM7_IRQHandler
 .text.ADC0_IRQHandler
                0x00002bd0        0x8 ./startup/startup_lpc55s69_cm33_core0.o
                0x00002bd0                ADC0_IRQHandler
 .text.Reserved39_IRQHandler
                0x00002bd8        0x8 ./startup/startup_lpc55s69_cm33_core0.o
                0x00002bd8                Reserved39_IRQHandler
 .text.ACMP_IRQHandler
                0x00002be0        0x8 ./startup/startup_lpc55s69_cm33_core0.o
                0x00002be0                ACMP_IRQHandler
 .text.Reserved41_IRQHandler
                0x00002be8        0x8 ./startup/startup_lpc55s69_cm33_core0.o
                0x00002be8                Reserved41_IRQHandler
 .text.Reserved42_IRQHandler
                0x00002bf0        0x8 ./startup/startup_lpc55s69_cm33_core0.o
                0x00002bf0                Reserved42_IRQHandler
 .text.USB0_NEEDCLK_IRQHandler
                0x00002bf8        0x8 ./startup/startup_lpc55s69_cm33_core0.o
                0x00002bf8                USB0_NEEDCLK_IRQHandler
 .text.USB0_IRQHandler
                0x00002c00        0x8 ./startup/startup_lpc55s69_cm33_core0.o
                0x00002c00                USB0_IRQHandler
 .text.RTC_IRQHandler
                0x00002c08        0x8 ./startup/startup_lpc55s69_cm33_core0.o
                0x00002c08                RTC_IRQHandler
 .text.Reserved46_IRQHandler
                0x00002c10        0x8 ./startup/startup_lpc55s69_cm33_core0.o
                0x00002c10                Reserved46_IRQHandler
 .text.MAILBOX_IRQHandler
                0x00002c18        0x8 ./startup/startup_lpc55s69_cm33_core0.o
                0x00002c18                MAILBOX_IRQHandler
 .text.PIN_INT4_IRQHandler
                0x00002c20        0x8 ./startup/startup_lpc55s69_cm33_core0.o
                0x00002c20                PIN_INT4_IRQHandler
 .text.PIN_INT5_IRQHandler
                0x00002c28        0x8 ./startup/startup_lpc55s69_cm33_core0.o
                0x00002c28                PIN_INT5_IRQHandler
 .text.PIN_INT6_IRQHandler
                0x00002c30        0x8 ./startup/startup_lpc55s69_cm33_core0.o
                0x00002c30                PIN_INT6_IRQHandler
 .text.PIN_INT7_IRQHandler
                0x00002c38        0x8 ./startup/startup_lpc55s69_cm33_core0.o
                0x00002c38                PIN_INT7_IRQHandler
 .text.CTIMER2_IRQHandler
                0x00002c40        0x8 ./startup/startup_lpc55s69_cm33_core0.o
                0x00002c40                CTIMER2_IRQHandler
 .text.CTIMER4_IRQHandler
                0x00002c48        0x8 ./startup/startup_lpc55s69_cm33_core0.o
                0x00002c48                CTIMER4_IRQHandler
 .text.OS_EVENT_IRQHandler
                0x00002c50        0x8 ./startup/startup_lpc55s69_cm33_core0.o
                0x00002c50                OS_EVENT_IRQHandler
 .text.Reserved55_IRQHandler
                0x00002c58        0x8 ./startup/startup_lpc55s69_cm33_core0.o
                0x00002c58                Reserved55_IRQHandler
 .text.Reserved56_IRQHandler
                0x00002c60        0x8 ./startup/startup_lpc55s69_cm33_core0.o
                0x00002c60                Reserved56_IRQHandler
 .text.Reserved57_IRQHandler
                0x00002c68        0x8 ./startup/startup_lpc55s69_cm33_core0.o
                0x00002c68                Reserved57_IRQHandler
 .text.SDIO_IRQHandler
                0x00002c70        0x8 ./startup/startup_lpc55s69_cm33_core0.o
                0x00002c70                SDIO_IRQHandler
 .text.Reserved59_IRQHandler
                0x00002c78        0x8 ./startup/startup_lpc55s69_cm33_core0.o
                0x00002c78                Reserved59_IRQHandler
 .text.Reserved60_IRQHandler
                0x00002c80        0x8 ./startup/startup_lpc55s69_cm33_core0.o
                0x00002c80                Reserved60_IRQHandler
 .text.Reserved61_IRQHandler
                0x00002c88        0x8 ./startup/startup_lpc55s69_cm33_core0.o
                0x00002c88                Reserved61_IRQHandler
 .text.USB1_PHY_IRQHandler
                0x00002c90        0x8 ./startup/startup_lpc55s69_cm33_core0.o
                0x00002c90                USB1_PHY_IRQHandler
 .text.USB1_IRQHandler
                0x00002c98        0x8 ./startup/startup_lpc55s69_cm33_core0.o
                0x00002c98                USB1_IRQHandler
 .text.USB1_NEEDCLK_IRQHandler
                0x00002ca0        0x8 ./startup/startup_lpc55s69_cm33_core0.o
                0x00002ca0                USB1_NEEDCLK_IRQHandler
 .text.SEC_HYPERVISOR_CALL_IRQHandler
                0x00002ca8        0x8 ./startup/startup_lpc55s69_cm33_core0.o
                0x00002ca8                SEC_HYPERVISOR_CALL_IRQHandler
 .text.SEC_GPIO_INT0_IRQ0_IRQHandler
                0x00002cb0        0x8 ./startup/startup_lpc55s69_cm33_core0.o
                0x00002cb0                SEC_GPIO_INT0_IRQ0_IRQHandler
 .text.SEC_GPIO_INT0_IRQ1_IRQHandler
                0x00002cb8        0x8 ./startup/startup_lpc55s69_cm33_core0.o
                0x00002cb8                SEC_GPIO_INT0_IRQ1_IRQHandler
 .text.PLU_IRQHandler
                0x00002cc0        0x8 ./startup/startup_lpc55s69_cm33_core0.o
                0x00002cc0                PLU_IRQHandler
 .text.SEC_VIO_IRQHandler
                0x00002cc8        0x8 ./startup/startup_lpc55s69_cm33_core0.o
                0x00002cc8                SEC_VIO_IRQHandler
 .text.HASHCRYPT_IRQHandler
                0x00002cd0        0x8 ./startup/startup_lpc55s69_cm33_core0.o
                0x00002cd0                HASHCRYPT_IRQHandler
 .text.CASER_IRQHandler
                0x00002cd8        0x8 ./startup/startup_lpc55s69_cm33_core0.o
                0x00002cd8                CASER_IRQHandler
 .text.PUF_IRQHandler
                0x00002ce0        0x8 ./startup/startup_lpc55s69_cm33_core0.o
                0x00002ce0                PUF_IRQHandler
 .text.PQ_IRQHandler
                0x00002ce8        0x8 ./startup/startup_lpc55s69_cm33_core0.o
                0x00002ce8                PQ_IRQHandler
 .text.DMA1_IRQHandler
                0x00002cf0        0x8 ./startup/startup_lpc55s69_cm33_core0.o
                0x00002cf0                DMA1_IRQHandler
 .text.FLEXCOMM8_IRQHandler
                0x00002cf8        0x8 ./startup/startup_lpc55s69_cm33_core0.o
                0x00002cf8                FLEXCOMM8_IRQHandler
 .text.HardFault_Handler
                0x00002d00       0x34 ./source/semihost_hardfault.o
                0x00002d00                HardFault_Handler
 .text.CLOCK_SetClkDiv
                0x00002d34       0x4e ./drivers/fsl_clock.o
                0x00002d34                CLOCK_SetClkDiv
 .text.PQ_VectorBiquadDf2F32
                0x00002d82       0xd0 ./drivers/fsl_powerquad_filter.o
                0x00002d82                PQ_VectorBiquadDf2F32
 .text.PQ_VectorBiquadCascadeDf2F32
                0x00002e52      0x132 ./drivers/fsl_powerquad_filter.o
                0x00002e52                PQ_VectorBiquadCascadeDf2F32
 .text.PQ_BiquadRestoreInternalState
                0x00002f84       0x6e ./drivers/fsl_powerquad_filter.o
                0x00002f84                PQ_BiquadRestoreInternalState
 .text.PQ_BiquadCascadeDf2Init
                0x00002ff2        0x6 ./drivers/fsl_powerquad_filter.o
                0x00002ff2                PQ_BiquadCascadeDf2Init
 .text.RESET_PeripheralReset
                0x00002ff8       0x10 ./drivers/fsl_reset.o
                0x00002ff8                RESET_PeripheralReset
 .text.SystemInitHook
                0x00003008        0x2 ./device/system_LPC55S69_cm33_core0.o
                0x00003008                SystemInitHook
 .text.BOARD_InitPins
                0x0000300a       0x1a ./board/pin_mux.o
                0x0000300a                BOARD_InitPins
 .text.BOARD_InitBootPins
                0x00003024        0x8 ./board/pin_mux.o
                0x00003024                BOARD_InitBootPins
 .text.abs      0x0000302c        0x8 C:/appz/nxp/MCUXpressoIDE_11.10.0_3148/ide/plugins/com.nxp.mcuxpresso.tools.win32_11.10.0.202311280810/tools/bin/../lib/gcc/arm-none-eabi/13.2.1/thumb/v8-m.main+fp/hard\libc_nano.a(libc_a-abs.o)
                0x0000302c                abs
 .text.memset   0x00003034       0x10 C:/appz/nxp/MCUXpressoIDE_11.10.0_3148/ide/plugins/com.nxp.mcuxpresso.tools.win32_11.10.0.202311280810/tools/bin/../lib/gcc/arm-none-eabi/13.2.1/thumb/v8-m.main+fp/hard\libc_nano.a(libc_a-memset.o)
                0x00003034                memset
 .text          0x00003044       0x10 C:/appz/nxp/MCUXpressoIDE_11.10.0_3148/ide/plugins/com.nxp.mcuxpresso.tools.win32_11.10.0.202311280810/tools/bin/../lib/gcc/arm-none-eabi/13.2.1/thumb/v8-m.main+fp/hard\libc_nano.a(libc_a-strlen.o)
                0x00003044                strlen
 *(SORT_BY_ALIGNMENT(.rodata) SORT_BY_ALIGNMENT(.rodata.*) SORT_BY_ALIGNMENT(.constdata) SORT_BY_ALIGNMENT(.constdata.*))
 .rodata.__assert_func.str1.4
                0x00003054      0x3a7 ./utilities/fsl_assert.o
                                 0x3e (size before relaxing)
 .rodata.biquad_cascade_f32Test.str1.4
                0x000033fb       0x17 ./source/powerquad_benchmark_filter.o
 .rodata.main.str1.4
                0x000033fb       0x5b ./source/powerquad_benchmark_filter.o
 *fill*         0x000033fb        0x1 ff
 .rodata.__func__.0
                0x000033fc       0x17 ./source/powerquad_benchmark_filter.o
 *fill*         0x00003413        0x1 ff
 .rodata.__func__.1
                0x00003414       0x16 ./source/powerquad_benchmark_filter.o
 *fill*         0x0000342a        0x2 ff
 .rodata.__func__.2
                0x0000342c       0x16 ./source/powerquad_benchmark_filter.o
 *fill*         0x00003442        0x2 ff
 .rodata.__func__.3
                0x00003444       0x16 ./source/powerquad_benchmark_filter.o
 *fill*         0x0000345a        0x2 ff
 .rodata.__func__.4
                0x0000345c       0x11 ./source/powerquad_benchmark_filter.o
 *fill*         0x0000346d        0x3 ff
 .rodata.__func__.5
                0x00003470       0x11 ./source/powerquad_benchmark_filter.o
 *fill*         0x00003481        0x3 ff
 .rodata.__func__.6
                0x00003484       0x11 ./source/powerquad_benchmark_filter.o
 *fill*         0x00003495        0x3 ff
 .rodata.__func__.7
                0x00003498       0x10 ./source/powerquad_benchmark_filter.o
 .rodata.__func__.8
                0x000034a8       0x10 ./source/powerquad_benchmark_filter.o
 .rodata.__func__.9
                0x000034b8       0x10 ./source/powerquad_benchmark_filter.o
 .rodata.biquadRef
                0x000034c8      0x200 ./source/powerquad_benchmark_filter.o
 .rodata.corrRef
                0x000036c8       0x24 ./source/powerquad_benchmark_filter.o
 .rodata.corrInputB
                0x000036ec       0x14 ./source/powerquad_benchmark_filter.o
 .rodata.corrInputA
                0x00003700       0x14 ./source/powerquad_benchmark_filter.o
 .rodata.convRef
                0x00003714       0x24 ./source/powerquad_benchmark_filter.o
 .rodata.convInputB
                0x00003738       0x14 ./source/powerquad_benchmark_filter.o
 .rodata.convInputA
                0x0000374c       0x14 ./source/powerquad_benchmark_filter.o
 .rodata.firRef
                0x00003760       0x40 ./source/powerquad_benchmark_filter.o
 .rodata.firTaps
                0x000037a0       0x30 ./source/powerquad_benchmark_filter.o
 .rodata.firInput
                0x000037d0       0x40 ./source/powerquad_benchmark_filter.o
 .rodata.FLEXCOMM_GetInstance.str1.4
                0x00003810       0x3f ./drivers/fsl_flexcomm.o
 .rodata.FLEXCOMM0_DriverIRQHandler.str1.4
                0x00003810       0x27 ./drivers/fsl_flexcomm.o
 .rodata.__func__.0
                0x00003810       0x1b ./drivers/fsl_flexcomm.o
 *fill*         0x0000382b        0x1 ff
 .rodata.__func__.1
                0x0000382c       0x1b ./drivers/fsl_flexcomm.o
 *fill*         0x00003847        0x1 ff
 .rodata.__func__.2
                0x00003848       0x1b ./drivers/fsl_flexcomm.o
 *fill*         0x00003863        0x1 ff
 .rodata.__func__.3
                0x00003864       0x1b ./drivers/fsl_flexcomm.o
 *fill*         0x0000387f        0x1 ff
 .rodata.__func__.4
                0x00003880       0x1b ./drivers/fsl_flexcomm.o
 *fill*         0x0000389b        0x1 ff
 .rodata.__func__.5
                0x0000389c       0x1b ./drivers/fsl_flexcomm.o
 *fill*         0x000038b7        0x1 ff
 .rodata.__func__.6
                0x000038b8       0x1b ./drivers/fsl_flexcomm.o
 *fill*         0x000038d3        0x1 ff
 .rodata.__func__.7
                0x000038d4       0x1b ./drivers/fsl_flexcomm.o
 *fill*         0x000038ef        0x1 ff
 .rodata.__func__.8
                0x000038f0       0x1b ./drivers/fsl_flexcomm.o
 *fill*         0x0000390b        0x1 ff
 .rodata.__func__.9
                0x0000390c       0x15 ./drivers/fsl_flexcomm.o
 *fill*         0x00003921        0x3 ff
 .rodata.s_flexcommResets
                0x00003924       0x24 ./drivers/fsl_flexcomm.o
 .rodata.s_flexcommClocks
                0x00003948       0x12 ./drivers/fsl_flexcomm.o
 *fill*         0x0000395a        0x2 ff
 .rodata.s_flexcommBaseAddrs
                0x0000395c       0x24 ./drivers/fsl_flexcomm.o
 .rodata.arm_cfft_q31.str1.4
                0x00003980       0x2e ./drivers/fsl_powerquad_cmsis.o
 .rodata.arm_fir_init_f32.str1.4
                0x00003980        0xf ./drivers/fsl_powerquad_cmsis.o
 .rodata.arm_fir_init_q15.str1.4
                0x00003980        0xf ./drivers/fsl_powerquad_cmsis.o
 .rodata.arm_fir_f32.str1.4
                0x00003980       0x29 ./drivers/fsl_powerquad_cmsis.o
 .rodata.arm_conv_f32.str1.4
                0x00003980       0x1e ./drivers/fsl_powerquad_cmsis.o
 .rodata.__func__.16
                0x00003980       0x12 ./drivers/fsl_powerquad_cmsis.o
 *fill*         0x00003992        0x2 ff
 .rodata.__func__.17
                0x00003994       0x12 ./drivers/fsl_powerquad_cmsis.o
 *fill*         0x000039a6        0x2 ff
 .rodata.__func__.18
                0x000039a8       0x12 ./drivers/fsl_powerquad_cmsis.o
 *fill*         0x000039ba        0x2 ff
 .rodata.__func__.19
                0x000039bc        0xd ./drivers/fsl_powerquad_cmsis.o
 *fill*         0x000039c9        0x3 ff
 .rodata.__func__.20
                0x000039cc        0xd ./drivers/fsl_powerquad_cmsis.o
 *fill*         0x000039d9        0x3 ff
 .rodata.__func__.21
                0x000039dc        0xd ./drivers/fsl_powerquad_cmsis.o
 *fill*         0x000039e9        0x3 ff
 .rodata.__func__.22
                0x000039ec        0xc ./drivers/fsl_powerquad_cmsis.o
 .rodata.__func__.23
                0x000039f8        0xc ./drivers/fsl_powerquad_cmsis.o
 .rodata.__func__.24
                0x00003a04        0xc ./drivers/fsl_powerquad_cmsis.o
 .rodata.__func__.25
                0x00003a10       0x11 ./drivers/fsl_powerquad_cmsis.o
 *fill*         0x00003a21        0x3 ff
 .rodata.__func__.26
                0x00003a24       0x11 ./drivers/fsl_powerquad_cmsis.o
 *fill*         0x00003a35        0x3 ff
 .rodata.__func__.27
                0x00003a38       0x11 ./drivers/fsl_powerquad_cmsis.o
 .rodata.PQ_FIR.str1.4
                0x00003a49       0x48 ./drivers/fsl_powerquad_filter.o
 *fill*         0x00003a49        0x3 ff
 .rodata.__func__.0
                0x00003a4c        0x7 ./drivers/fsl_powerquad_filter.o
 .rodata.RESET_SetPeripheralReset.str1.4
                0x00003a53       0x1c ./drivers/fsl_reset.o
 *fill*         0x00003a53        0x1 ff
 .rodata.__func__.0
                0x00003a54       0x1b ./drivers/fsl_reset.o
 *fill*         0x00003a6f        0x1 ff
 .rodata.__func__.1
                0x00003a70       0x19 ./drivers/fsl_reset.o
 .rodata.USART_GetInstance.str1.4
                0x00003a89       0x38 ./drivers/fsl_usart.o
 .rodata.USART_GetDefaultConfig.str1.4
                0x00003a89        0xf ./drivers/fsl_usart.o
 .rodata.USART_SetBaudRate.str1.4
                0x00003a89       0x41 ./drivers/fsl_usart.o
 .rodata.USART_Init.str1.4
                0x00003a89       0x3d ./drivers/fsl_usart.o
 .rodata.USART_WriteBlocking.str1.4
                0x00003a89       0x24 ./drivers/fsl_usart.o
 *fill*         0x00003a89        0x3 ff
 .rodata.__func__.9
                0x00003a8c       0x13 ./drivers/fsl_usart.o
 *fill*         0x00003a9f        0x1 ff
 .rodata.__func__.10
                0x00003aa0       0x14 ./drivers/fsl_usart.o
 .rodata.__func__.13
                0x00003ab4       0x12 ./drivers/fsl_usart.o
 *fill*         0x00003ac6        0x2 ff
 .rodata.__func__.14
                0x00003ac8       0x17 ./drivers/fsl_usart.o
 *fill*         0x00003adf        0x1 ff
 .rodata.__func__.16
                0x00003ae0        0xb ./drivers/fsl_usart.o
 .rodata.HAL_UartInit.str1.4
                0x00003aeb       0x91 ./component/uart/fsl_adapter_usart.o
 .rodata.HAL_UartReceiveBlocking.str1.4
                0x00003aeb        0xf ./component/uart/fsl_adapter_usart.o
 *fill*         0x00003aeb        0x1 ff
 .rodata.__func__.1
                0x00003aec       0x15 ./component/uart/fsl_adapter_usart.o
 *fill*         0x00003b01        0x3 ff
 .rodata.__func__.2
                0x00003b04       0x18 ./component/uart/fsl_adapter_usart.o
 .rodata.__func__.4
                0x00003b1c       0x13 ./component/uart/fsl_adapter_usart.o
 *fill*         0x00003b2f        0x1 ff
 .rodata.s_UsartAdapterBase
                0x00003b30       0x20 ./component/uart/fsl_adapter_usart.o
                0x00003b50                        . = ALIGN (0x4)

.glue_7         0x00003b50        0x0
 .glue_7        0x00003b50        0x0 linker stubs

.glue_7t        0x00003b50        0x0
 .glue_7t       0x00003b50        0x0 linker stubs

.vfp11_veneer   0x00003b50        0x0
 .vfp11_veneer  0x00003b50        0x0 linker stubs

.v4_bx          0x00003b50        0x0
 .v4_bx         0x00003b50        0x0 linker stubs

.iplt           0x00003b50        0x0
 .iplt          0x00003b50        0x0 ./utilities/fsl_assert.o

.ARM.extab
 *(SORT_BY_ALIGNMENT(.ARM.extab*) SORT_BY_ALIGNMENT(.gnu.linkonce.armextab.*))

.ARM.exidx      0x00003b50        0x8
                0x00003b50                        __exidx_start = .
 *(SORT_BY_ALIGNMENT(.ARM.exidx*) SORT_BY_ALIGNMENT(.gnu.linkonce.armexidx.*))
 .ARM.exidx     0x00003b50        0x8 C:/appz/nxp/MCUXpressoIDE_11.10.0_3148/ide/plugins/com.nxp.mcuxpresso.tools.win32_11.10.0.202311280810/tools/bin/../lib/gcc/arm-none-eabi/13.2.1/thumb/v8-m.main+fp/hard\libc_nano.a(libc_a-strlen.o)
                0x00003b58                        __exidx_end = .
                0x00003b58                        _etext = .

.rel.dyn        0x00003b58        0x0
 .rel.iplt      0x00003b58        0x0 ./utilities/fsl_assert.o

.m_usb_data
 *(SORT_BY_ALIGNMENT(m_usb_global))

.data_RAM2      0x04000000        0x0 load address 0x00003b58
 FILL mask 0xff
                [!provide]                        PROVIDE (__start_data_RAM2 = .)
                [!provide]                        PROVIDE (__start_data_SRAMX = .)
 *(SORT_BY_ALIGNMENT(.ramfunc.$RAM2))
 *(SORT_BY_ALIGNMENT(.ramfunc.$SRAMX))
 *(SORT_BY_ALIGNMENT(.data.$RAM2))
 *(SORT_BY_ALIGNMENT(.data.$SRAMX))
 *(SORT_BY_ALIGNMENT(.data.$RAM2.*))
 *(SORT_BY_ALIGNMENT(.data.$SRAMX.*))
                0x04000000                        . = ALIGN (0x4)
                [!provide]                        PROVIDE (__end_data_RAM2 = .)
                [!provide]                        PROVIDE (__end_data_SRAMX = .)

.data_RAM3      0x40100000        0x0 load address 0x00003b58
 FILL mask 0xff
                [!provide]                        PROVIDE (__start_data_RAM3 = .)
                [!provide]                        PROVIDE (__start_data_USB_RAM = .)
 *(SORT_BY_ALIGNMENT(.ramfunc.$RAM3))
 *(SORT_BY_ALIGNMENT(.ramfunc.$USB_RAM))
 *(SORT_BY_ALIGNMENT(.data.$RAM3))
 *(SORT_BY_ALIGNMENT(.data.$USB_RAM))
 *(SORT_BY_ALIGNMENT(.data.$RAM3.*))
 *(SORT_BY_ALIGNMENT(.data.$USB_RAM.*))
                0x40100000                        . = ALIGN (0x4)
                [!provide]                        PROVIDE (__end_data_RAM3 = .)
                [!provide]                        PROVIDE (__end_data_USB_RAM = .)

.uninit_RESERVED
                0x20000000        0x0
                0x20000000                        _start_uninit_RESERVED = .
 *(SORT_BY_ALIGNMENT(.bss.$RESERVED*))
                0x20000000                        . = ALIGN (0x4)
                0x20000000                        _end_uninit_RESERVED = .

.data           0x20000000        0x4 load address 0x00003b58
 FILL mask 0xff
                0x20000000                        _data = .
                [!provide]                        PROVIDE (__start_data_RAM = .)
                [!provide]                        PROVIDE (__start_data_SRAM = .)
 *(SORT_BY_ALIGNMENT(vtable))
 *(SORT_BY_ALIGNMENT(.ramfunc*))
 *(SORT_BY_ALIGNMENT(CodeQuickAccess))
 *(SORT_BY_ALIGNMENT(DataQuickAccess))
 *(SORT_BY_ALIGNMENT(RamFunction))
 *(SORT_BY_ALIGNMENT(.data*))
 .data.SystemCoreClock
                0x20000000        0x4 ./device/system_LPC55S69_cm33_core0.o
                0x20000000                SystemCoreClock
                0x20000004                        . = ALIGN (0x4)
                0x20000004                        _edata = .
                [!provide]                        PROVIDE (__end_data_RAM = .)
                [!provide]                        PROVIDE (__end_data_SRAM = .)

.igot.plt       0x20000004        0x0 load address 0x00003b5c
 .igot.plt      0x20000004        0x0 ./utilities/fsl_assert.o

.bss_RAM2       0x04000000        0x0
                [!provide]                        PROVIDE (__start_bss_RAM2 = .)
                [!provide]                        PROVIDE (__start_bss_SRAMX = .)
 *(SORT_BY_ALIGNMENT(.bss.$RAM2))
 *(SORT_BY_ALIGNMENT(.bss.$SRAMX))
 *(SORT_BY_ALIGNMENT(.bss.$RAM2.*))
 *(SORT_BY_ALIGNMENT(.bss.$SRAMX.*))
                0x04000000                        . = ALIGN ((. != 0x0)?0x4:0x1)
                [!provide]                        PROVIDE (__end_bss_RAM2 = .)
                [!provide]                        PROVIDE (__end_bss_SRAMX = .)

.bss_RAM3       0x40100000        0x0
                [!provide]                        PROVIDE (__start_bss_RAM3 = .)
                [!provide]                        PROVIDE (__start_bss_USB_RAM = .)
 *(SORT_BY_ALIGNMENT(.bss.$RAM3))
 *(SORT_BY_ALIGNMENT(.bss.$USB_RAM))
 *(SORT_BY_ALIGNMENT(.bss.$RAM3.*))
 *(SORT_BY_ALIGNMENT(.bss.$USB_RAM.*))
                0x40100000                        . = ALIGN ((. != 0x0)?0x4:0x1)
                [!provide]                        PROVIDE (__end_bss_RAM3 = .)
                [!provide]                        PROVIDE (__end_bss_USB_RAM = .)

.bss            0x20000004       0x60
                0x20000004                        _bss = .
                [!provide]                        PROVIDE (__start_bss_RAM = .)
                [!provide]                        PROVIDE (__start_bss_SRAM = .)
 *(SORT_BY_ALIGNMENT(.bss*))
 .bss.s_debugConsole
                0x20000004       0x14 ./utilities/fsl_debug_console.o
 .bss.s_timeMs  0x20000018        0x4 ./source/powerquad_benchmark_filter.o
 .bss.s_flexcommHandle
                0x2000001c       0x24 ./drivers/fsl_flexcomm.o
 .bss.s_flexcommIrqHandler
                0x20000040       0x24 ./drivers/fsl_flexcomm.o
 *(SORT_BY_ALIGNMENT(COMMON))
                0x20000064                        . = ALIGN (0x4)
                0x20000064                        _ebss = .
                [!provide]                        PROVIDE (__end_bss_RAM = .)
                [!provide]                        PROVIDE (__end_bss_SRAM = .)
                [!provide]                        PROVIDE (end = .)

.noinit_RAM2    0x04000000        0x0
                [!provide]                        PROVIDE (__start_noinit_RAM2 = .)
                [!provide]                        PROVIDE (__start_noinit_SRAMX = .)
 *(SORT_BY_ALIGNMENT(.noinit.$RAM2))
 *(SORT_BY_ALIGNMENT(.noinit.$SRAMX))
 *(SORT_BY_ALIGNMENT(.noinit.$RAM2.*))
 *(SORT_BY_ALIGNMENT(.noinit.$SRAMX.*))
                0x04000000                        . = ALIGN (0x4)
                [!provide]                        PROVIDE (__end_noinit_RAM2 = .)
                [!provide]                        PROVIDE (__end_noinit_SRAMX = .)

.noinit_RAM3    0x40100000        0x0
                [!provide]                        PROVIDE (__start_noinit_RAM3 = .)
                [!provide]                        PROVIDE (__start_noinit_USB_RAM = .)
 *(SORT_BY_ALIGNMENT(.noinit.$RAM3))
 *(SORT_BY_ALIGNMENT(.noinit.$USB_RAM))
 *(SORT_BY_ALIGNMENT(.noinit.$RAM3.*))
 *(SORT_BY_ALIGNMENT(.noinit.$USB_RAM.*))
                0x40100000                        . = ALIGN (0x4)
                [!provide]                        PROVIDE (__end_noinit_RAM3 = .)
                [!provide]                        PROVIDE (__end_noinit_USB_RAM = .)

.noinit         0x20000064        0x0
                0x20000064                        _noinit = .
                [!provide]                        PROVIDE (__start_noinit_RAM = .)
                [!provide]                        PROVIDE (__start_noinit_SRAM = .)
 *(SORT_BY_ALIGNMENT(.noinit*))
                0x20000064                        . = ALIGN (0x4)
                0x20000064                        _end_noinit = .
                [!provide]                        PROVIDE (__end_noinit_RAM = .)
                [!provide]                        PROVIDE (__end_noinit_SRAM = .)
                0x00001000                        _HeapSize = 0x1000

.heap           0x20000064     0x1000
                0x20000064                        _pvHeapStart = .
                0x20001064                        . = (. + _HeapSize)
 *fill*         0x20000064     0x1000 
                0x20001064                        . = ALIGN (0x4)
                0x20001064                        _pvHeapLimit = .
                0x00008000                        _StackSize = 0x8000

.heap2stackfill
                0x20001064     0x8000
                0x20009064                        . = (. + _StackSize)
 *fill*         0x20001064     0x8000 

.stack          0x20038000        0x0
                0x20038000                        _vStackBase = .
                0x20038000                        . = ALIGN (0x4)
                0x20040000                        _vStackTop = (. + _StackSize)
                [!provide]                        PROVIDE (__valid_user_code_checksum = (0x0 - ((((((_vStackTop + (ResetISR + 0x1)) + (NMI_Handler + 0x1)) + (HardFault_Handler + 0x1)) + (DEFINED (MemManage_Handler)?MemManage_Handler:0x0 + 0x1)) + (DEFINED (BusFault_Handler)?BusFault_Handler:0x0 + 0x1)) + (DEFINED (UsageFault_Handler)?UsageFault_Handler:0x0 + 0x1))))
                0x00000000                        _image_start = LOADADDR (.text)
                0x00003b5c                        _image_end = (LOADADDR (.data) + SIZEOF (.data))
                0x00003b5c                        _image_size = (_image_end - _image_start)
OUTPUT(lpcxpresso55s69_powerquad_benchmark_filter.axf elf32-littlearm)
LOAD linker stubs

.debug_info     0x00000000    0x20cda
 .debug_info    0x00000000      0x1a1 ./utilities/fsl_assert.o
 .debug_info    0x000001a1     0x10f4 ./utilities/fsl_debug_console.o
 .debug_info    0x00001295       0x24 ./utilities/fsl_memcpy.o
 .debug_info    0x000012b9      0xa0b ./startup/startup_lpc55s69_cm33_core0.o
 .debug_info    0x00001cc4     0x336c ./source/powerquad_benchmark_filter.o
 .debug_info    0x00005030       0x3c ./source/semihost_hardfault.o
 .debug_info    0x0000506c     0x48ae ./drivers/fsl_clock.o
 .debug_info    0x0000991a     0x1fad ./drivers/fsl_flexcomm.o
 .debug_info    0x0000b8c7     0x327b ./drivers/fsl_power.o
 .debug_info    0x0000eb42     0x1690 ./drivers/fsl_powerquad_basic.o
 .debug_info    0x000101d2     0x534b ./drivers/fsl_powerquad_cmsis.o
 .debug_info    0x0001551d     0x1e42 ./drivers/fsl_powerquad_filter.o
 .debug_info    0x0001735f     0x1021 ./drivers/fsl_reset.o
 .debug_info    0x00018380     0x2851 ./drivers/fsl_usart.o
 .debug_info    0x0001abd1     0x170b ./device/system_LPC55S69_cm33_core0.o
 .debug_info    0x0001c2dc     0x11ab ./component/uart/fsl_adapter_usart.o
 .debug_info    0x0001d487      0x997 ./board/board.o
 .debug_info    0x0001de1e     0x1e6e ./board/clock_config.o
 .debug_info    0x0001fc8c     0x104e ./board/pin_mux.o

.debug_abbrev   0x00000000     0x33d4
 .debug_abbrev  0x00000000       0xe4 ./utilities/fsl_assert.o
 .debug_abbrev  0x000000e4      0x3b1 ./utilities/fsl_debug_console.o
 .debug_abbrev  0x00000495       0x14 ./utilities/fsl_memcpy.o
 .debug_abbrev  0x000004a9      0x16d ./startup/startup_lpc55s69_cm33_core0.o
 .debug_abbrev  0x00000616      0x507 ./source/powerquad_benchmark_filter.o
 .debug_abbrev  0x00000b1d       0x31 ./source/semihost_hardfault.o
 .debug_abbrev  0x00000b4e      0x576 ./drivers/fsl_clock.o
 .debug_abbrev  0x000010c4      0x37f ./drivers/fsl_flexcomm.o
 .debug_abbrev  0x00001443      0x401 ./drivers/fsl_power.o
 .debug_abbrev  0x00001844      0x27b ./drivers/fsl_powerquad_basic.o
 .debug_abbrev  0x00001abf      0x4df ./drivers/fsl_powerquad_cmsis.o
 .debug_abbrev  0x00001f9e      0x38d ./drivers/fsl_powerquad_filter.o
 .debug_abbrev  0x0000232b      0x19f ./drivers/fsl_reset.o
 .debug_abbrev  0x000024ca      0x449 ./drivers/fsl_usart.o
 .debug_abbrev  0x00002913      0x253 ./device/system_LPC55S69_cm33_core0.o
 .debug_abbrev  0x00002b66      0x2cf ./component/uart/fsl_adapter_usart.o
 .debug_abbrev  0x00002e35      0x137 ./board/board.o
 .debug_abbrev  0x00002f6c      0x26e ./board/clock_config.o
 .debug_abbrev  0x000031da      0x1fa ./board/pin_mux.o

.debug_loc      0x00000000    0x122c9
 .debug_loc     0x00000000       0xe4 ./utilities/fsl_assert.o
 .debug_loc     0x000000e4      0xe80 ./utilities/fsl_debug_console.o
 .debug_loc     0x00000f64      0x257 ./startup/startup_lpc55s69_cm33_core0.o
 .debug_loc     0x000011bb      0xc81 ./source/powerquad_benchmark_filter.o
 .debug_loc     0x00001e3c     0x3311 ./drivers/fsl_clock.o
 .debug_loc     0x0000514d      0x3c2 ./drivers/fsl_flexcomm.o
 .debug_loc     0x0000550f     0x1e04 ./drivers/fsl_power.o
 .debug_loc     0x00007313      0x180 ./drivers/fsl_powerquad_basic.o
 .debug_loc     0x00007493     0x6590 ./drivers/fsl_powerquad_cmsis.o
 .debug_loc     0x0000da23     0x1b24 ./drivers/fsl_powerquad_filter.o
 .debug_loc     0x0000f547      0x20c ./drivers/fsl_reset.o
 .debug_loc     0x0000f753     0x1d9a ./drivers/fsl_usart.o
 .debug_loc     0x000114ed      0x3e6 ./device/system_LPC55S69_cm33_core0.o
 .debug_loc     0x000118d3      0x793 ./component/uart/fsl_adapter_usart.o
 .debug_loc     0x00012066      0x17b ./board/clock_config.o
 .debug_loc     0x000121e1       0xe8 ./board/pin_mux.o

.debug_aranges  0x00000000      0xaa8
 .debug_aranges
                0x00000000       0x28 ./utilities/fsl_assert.o
 .debug_aranges
                0x00000028       0x68 ./utilities/fsl_debug_console.o
 .debug_aranges
                0x00000090       0x20 ./utilities/fsl_memcpy.o
 .debug_aranges
                0x000000b0      0x268 ./startup/startup_lpc55s69_cm33_core0.o
 .debug_aranges
                0x00000318       0x40 ./source/powerquad_benchmark_filter.o
 .debug_aranges
                0x00000358       0x20 ./source/semihost_hardfault.o
 .debug_aranges
                0x00000378      0x1b8 ./drivers/fsl_clock.o
 .debug_aranges
                0x00000530       0x78 ./drivers/fsl_flexcomm.o
 .debug_aranges
                0x000005a8       0x88 ./drivers/fsl_power.o
 .debug_aranges
                0x00000630       0x40 ./drivers/fsl_powerquad_basic.o
 .debug_aranges
                0x00000670      0x1a0 ./drivers/fsl_powerquad_cmsis.o
 .debug_aranges
                0x00000810       0x88 ./drivers/fsl_powerquad_filter.o
 .debug_aranges
                0x00000898       0x30 ./drivers/fsl_reset.o
 .debug_aranges
                0x000008c8       0xc8 ./drivers/fsl_usart.o
 .debug_aranges
                0x00000990       0x38 ./device/system_LPC55S69_cm33_core0.o
 .debug_aranges
                0x000009c8       0x48 ./component/uart/fsl_adapter_usart.o
 .debug_aranges
                0x00000a10       0x28 ./board/board.o
 .debug_aranges
                0x00000a38       0x48 ./board/clock_config.o
 .debug_aranges
                0x00000a80       0x28 ./board/pin_mux.o

.debug_ranges   0x00000000     0x1060
 .debug_ranges  0x00000000       0x18 ./utilities/fsl_assert.o
 .debug_ranges  0x00000018       0x90 ./utilities/fsl_debug_console.o
 .debug_ranges  0x000000a8      0x258 ./startup/startup_lpc55s69_cm33_core0.o
 .debug_ranges  0x00000300      0x318 ./source/powerquad_benchmark_filter.o
 .debug_ranges  0x00000618       0x10 ./source/semihost_hardfault.o
 .debug_ranges  0x00000628      0x2e8 ./drivers/fsl_clock.o
 .debug_ranges  0x00000910       0xa0 ./drivers/fsl_flexcomm.o
 .debug_ranges  0x000009b0       0xd0 ./drivers/fsl_power.o
 .debug_ranges  0x00000a80       0x30 ./drivers/fsl_powerquad_basic.o
 .debug_ranges  0x00000ab0      0x298 ./drivers/fsl_powerquad_cmsis.o
 .debug_ranges  0x00000d48       0x78 ./drivers/fsl_powerquad_filter.o
 .debug_ranges  0x00000dc0       0x20 ./drivers/fsl_reset.o
 .debug_ranges  0x00000de0      0x100 ./drivers/fsl_usart.o
 .debug_ranges  0x00000ee0       0xb8 ./device/system_LPC55S69_cm33_core0.o
 .debug_ranges  0x00000f98       0x60 ./component/uart/fsl_adapter_usart.o
 .debug_ranges  0x00000ff8       0x18 ./board/board.o
 .debug_ranges  0x00001010       0x38 ./board/clock_config.o
 .debug_ranges  0x00001048       0x18 ./board/pin_mux.o

.debug_macro    0x00000000    0x19800
 .debug_macro   0x00000000      0x249 ./utilities/fsl_assert.o
 .debug_macro   0x00000249      0xb0e ./utilities/fsl_assert.o
 .debug_macro   0x00000d57       0x22 ./utilities/fsl_assert.o
 .debug_macro   0x00000d79       0x5b ./utilities/fsl_assert.o
 .debug_macro   0x00000dd4       0x2a ./utilities/fsl_assert.o
 .debug_macro   0x00000dfe       0x94 ./utilities/fsl_assert.o
 .debug_macro   0x00000e92       0x43 ./utilities/fsl_assert.o
 .debug_macro   0x00000ed5       0x34 ./utilities/fsl_assert.o
 .debug_macro   0x00000f09       0x16 ./utilities/fsl_assert.o
 .debug_macro   0x00000f1f       0x22 ./utilities/fsl_assert.o
 .debug_macro   0x00000f41       0x57 ./utilities/fsl_assert.o
 .debug_macro   0x00000f98      0x103 ./utilities/fsl_assert.o
 .debug_macro   0x0000109b       0x6a ./utilities/fsl_assert.o
 .debug_macro   0x00001105      0x1df ./utilities/fsl_assert.o
 .debug_macro   0x000012e4      0x189 ./utilities/fsl_assert.o
 .debug_macro   0x0000146d      0x38c ./utilities/fsl_assert.o
 .debug_macro   0x000017f9       0x16 ./utilities/fsl_assert.o
 .debug_macro   0x0000180f       0x4a ./utilities/fsl_assert.o
 .debug_macro   0x00001859       0x34 ./utilities/fsl_assert.o
 .debug_macro   0x0000188d       0x10 ./utilities/fsl_assert.o
 .debug_macro   0x0000189d       0x58 ./utilities/fsl_assert.o
 .debug_macro   0x000018f5       0x8e ./utilities/fsl_assert.o
 .debug_macro   0x00001983       0x10 ./utilities/fsl_assert.o
 .debug_macro   0x00001993      0x177 ./utilities/fsl_assert.o
 .debug_macro   0x00001b0a       0x10 ./utilities/fsl_assert.o
 .debug_macro   0x00001b1a       0x3c ./utilities/fsl_assert.o
 .debug_macro   0x00001b56       0x16 ./utilities/fsl_assert.o
 .debug_macro   0x00001b6c       0x16 ./utilities/fsl_assert.o
 .debug_macro   0x00001b82       0x29 ./utilities/fsl_assert.o
 .debug_macro   0x00001bab       0x10 ./utilities/fsl_assert.o
 .debug_macro   0x00001bbb       0x46 ./utilities/fsl_assert.o
 .debug_macro   0x00001c01       0x1c ./utilities/fsl_assert.o
 .debug_macro   0x00001c1d       0x29 ./utilities/fsl_assert.o
 .debug_macro   0x00001c46       0xfb ./utilities/fsl_assert.o
 .debug_macro   0x00001d41     0x1685 ./utilities/fsl_assert.o
 .debug_macro   0x000033c6       0x5e ./utilities/fsl_assert.o
 .debug_macro   0x00003424       0x2e ./utilities/fsl_assert.o
 .debug_macro   0x00003452    0x116e8 ./utilities/fsl_assert.o
 .debug_macro   0x00014b3a      0x4f1 ./utilities/fsl_assert.o
 .debug_macro   0x0001502b       0x88 ./utilities/fsl_assert.o
 .debug_macro   0x000150b3       0xaf ./utilities/fsl_assert.o
 .debug_macro   0x00015162      0x2ca ./utilities/fsl_assert.o
 .debug_macro   0x0001542c      0x11f ./utilities/fsl_assert.o
 .debug_macro   0x0001554b       0x1c ./utilities/fsl_assert.o
 .debug_macro   0x00015567       0x58 ./utilities/fsl_assert.o
 .debug_macro   0x000155bf       0x3a ./utilities/fsl_assert.o
 .debug_macro   0x000155f9      0x266 ./utilities/fsl_debug_console.o
 .debug_macro   0x0001585f      0x11c ./utilities/fsl_debug_console.o
 .debug_macro   0x0001597b       0x94 ./utilities/fsl_debug_console.o
 .debug_macro   0x00015a0f      0x19b ./utilities/fsl_debug_console.o
 .debug_macro   0x00015baa       0x16 ./utilities/fsl_debug_console.o
 .debug_macro   0x00015bc0       0x4c ./utilities/fsl_debug_console.o
 .debug_macro   0x00015c0c       0x47 ./utilities/fsl_debug_console.o
 .debug_macro   0x00015c53       0x23 ./startup/startup_lpc55s69_cm33_core0.o
 .debug_macro   0x00015c76      0x4f6 ./source/powerquad_benchmark_filter.o
 .debug_macro   0x0001616c       0x16 ./source/powerquad_benchmark_filter.o
 .debug_macro   0x00016182       0x2e ./source/powerquad_benchmark_filter.o
 .debug_macro   0x000161b0       0x35 ./source/powerquad_benchmark_filter.o
 .debug_macro   0x000161e5       0x10 ./source/powerquad_benchmark_filter.o
 .debug_macro   0x000161f5       0xfe ./source/powerquad_benchmark_filter.o
 .debug_macro   0x000162f3      0x1f0 ./source/powerquad_benchmark_filter.o
 .debug_macro   0x000164e3       0x34 ./source/powerquad_benchmark_filter.o
 .debug_macro   0x00016517      0x3cc ./source/powerquad_benchmark_filter.o
 .debug_macro   0x000168e3      0x183 ./source/powerquad_benchmark_filter.o
 .debug_macro   0x00016a66       0x7c ./source/powerquad_benchmark_filter.o
 .debug_macro   0x00016ae2       0x17 ./source/powerquad_benchmark_filter.o
 .debug_macro   0x00016af9      0x118 ./source/powerquad_benchmark_filter.o
 .debug_macro   0x00016c11       0xb9 ./source/powerquad_benchmark_filter.o
 .debug_macro   0x00016cca       0x42 ./source/powerquad_benchmark_filter.o
 .debug_macro   0x00016d0c       0x35 ./source/powerquad_benchmark_filter.o
 .debug_macro   0x00016d41       0x16 ./source/powerquad_benchmark_filter.o
 .debug_macro   0x00016d57       0x28 ./source/powerquad_benchmark_filter.o
 .debug_macro   0x00016d7f       0x16 ./source/powerquad_benchmark_filter.o
 .debug_macro   0x00016d95       0x16 ./source/powerquad_benchmark_filter.o
 .debug_macro   0x00016dab       0x10 ./source/powerquad_benchmark_filter.o
 .debug_macro   0x00016dbb       0xcd ./source/powerquad_benchmark_filter.o
 .debug_macro   0x00016e88      0x304 ./source/powerquad_benchmark_filter.o
 .debug_macro   0x0001718c       0x11 ./source/semihost_hardfault.o
 .debug_macro   0x0001719d      0x2cd ./drivers/fsl_clock.o
 .debug_macro   0x0001746a      0x237 ./drivers/fsl_flexcomm.o
 .debug_macro   0x000176a1       0x10 ./drivers/fsl_flexcomm.o
 .debug_macro   0x000176b1      0x502 ./drivers/fsl_power.o
 .debug_macro   0x00017bb3      0x25c ./drivers/fsl_powerquad_basic.o
 .debug_macro   0x00017e0f       0x8e ./drivers/fsl_powerquad_basic.o
 .debug_macro   0x00017e9d       0x51 ./drivers/fsl_powerquad_basic.o
 .debug_macro   0x00017eee       0x2e ./drivers/fsl_powerquad_basic.o
 .debug_macro   0x00017f1c       0x61 ./drivers/fsl_powerquad_basic.o
 .debug_macro   0x00017f7d      0x422 ./drivers/fsl_powerquad_cmsis.o
 .debug_macro   0x0001839f      0x25c ./drivers/fsl_powerquad_filter.o
 .debug_macro   0x000185fb      0x22e ./drivers/fsl_reset.o
 .debug_macro   0x00018829      0x246 ./drivers/fsl_usart.o
 .debug_macro   0x00018a6f       0x1c ./drivers/fsl_usart.o
 .debug_macro   0x00018a8b       0xe8 ./device/system_LPC55S69_cm33_core0.o
 .debug_macro   0x00018b73      0x243 ./component/uart/fsl_adapter_usart.o
 .debug_macro   0x00018db6       0x22 ./component/uart/fsl_adapter_usart.o
 .debug_macro   0x00018dd8      0x273 ./board/board.o
 .debug_macro   0x0001904b      0x24e ./board/clock_config.o
 .debug_macro   0x00019299      0x2fe ./board/clock_config.o
 .debug_macro   0x00019597       0x2f ./board/clock_config.o
 .debug_macro   0x000195c6      0x23a ./board/pin_mux.o

.debug_line     0x00000000    0x107c6
 .debug_line    0x00000000      0x69f ./utilities/fsl_assert.o
 .debug_line    0x0000069f      0xdc8 ./utilities/fsl_debug_console.o
 .debug_line    0x00001467       0x89 ./utilities/fsl_memcpy.o
 .debug_line    0x000014f0      0x7db ./startup/startup_lpc55s69_cm33_core0.o
 .debug_line    0x00001ccb     0x18d5 ./source/powerquad_benchmark_filter.o
 .debug_line    0x000035a0       0x58 ./source/semihost_hardfault.o
 .debug_line    0x000035f8     0x25f1 ./drivers/fsl_clock.o
 .debug_line    0x00005be9      0x92f ./drivers/fsl_flexcomm.o
 .debug_line    0x00006518     0x1543 ./drivers/fsl_power.o
 .debug_line    0x00007a5b      0x889 ./drivers/fsl_powerquad_basic.o
 .debug_line    0x000082e4     0x2ba7 ./drivers/fsl_powerquad_cmsis.o
 .debug_line    0x0000ae8b     0x117e ./drivers/fsl_powerquad_filter.o
 .debug_line    0x0000c009      0x69f ./drivers/fsl_reset.o
 .debug_line    0x0000c6a8     0x1962 ./drivers/fsl_usart.o
 .debug_line    0x0000e00a      0x864 ./device/system_LPC55S69_cm33_core0.o
 .debug_line    0x0000e86e      0x8d2 ./component/uart/fsl_adapter_usart.o
 .debug_line    0x0000f140      0x6ef ./board/board.o
 .debug_line    0x0000f82f      0x8ea ./board/clock_config.o
 .debug_line    0x00010119      0x6ad ./board/pin_mux.o

.debug_str      0x00000000    0xcfe6b
 .debug_str     0x00000000    0xcfe6b ./utilities/fsl_assert.o
                              0xb6434 (size before relaxing)
 .debug_str     0x000cfe6b    0xb7fde ./utilities/fsl_debug_console.o
 .debug_str     0x000cfe6b       0x6e ./utilities/fsl_memcpy.o
 .debug_str     0x000cfe6b     0x3648 ./startup/startup_lpc55s69_cm33_core0.o
 .debug_str     0x000cfe6b    0xc7825 ./source/powerquad_benchmark_filter.o
 .debug_str     0x000cfe6b     0x2f5b ./source/semihost_hardfault.o
 .debug_str     0x000cfe6b    0xbb131 ./drivers/fsl_clock.o
 .debug_str     0x000cfe6b    0xb8740 ./drivers/fsl_flexcomm.o
 .debug_str     0x000cfe6b    0xbb55b ./drivers/fsl_power.o
 .debug_str     0x000cfe6b    0xc1411 ./drivers/fsl_powerquad_basic.o
 .debug_str     0x000cfe6b    0xc3873 ./drivers/fsl_powerquad_cmsis.o
 .debug_str     0x000cfe6b    0xc02b5 ./drivers/fsl_powerquad_filter.o
 .debug_str     0x000cfe6b    0xb6f9e ./drivers/fsl_reset.o
 .debug_str     0x000cfe6b    0xb81bc ./drivers/fsl_usart.o
 .debug_str     0x000cfe6b    0xb0c76 ./device/system_LPC55S69_cm33_core0.o
 .debug_str     0x000cfe6b    0xb78b7 ./component/uart/fsl_adapter_usart.o
 .debug_str     0x000cfe6b    0xb8e63 ./board/board.o
 .debug_str     0x000cfe6b    0xb9136 ./board/clock_config.o
 .debug_str     0x000cfe6b    0xb74df ./board/pin_mux.o

.comment        0x00000000       0x44
 .comment       0x00000000       0x44 ./utilities/fsl_assert.o
                                 0x45 (size before relaxing)
 .comment       0x00000044       0x45 ./utilities/fsl_debug_console.o
 .comment       0x00000044       0x45 ./startup/startup_lpc55s69_cm33_core0.o
 .comment       0x00000044       0x45 ./source/powerquad_benchmark_filter.o
 .comment       0x00000044       0x45 ./source/semihost_hardfault.o
 .comment       0x00000044       0x45 ./drivers/fsl_clock.o
 .comment       0x00000044       0x45 ./drivers/fsl_flexcomm.o
 .comment       0x00000044       0x45 ./drivers/fsl_power.o
 .comment       0x00000044       0x45 ./drivers/fsl_powerquad_basic.o
 .comment       0x00000044       0x45 ./drivers/fsl_powerquad_cmsis.o
 .comment       0x00000044       0x45 ./drivers/fsl_powerquad_filter.o
 .comment       0x00000044       0x45 ./drivers/fsl_reset.o
 .comment       0x00000044       0x45 ./drivers/fsl_usart.o
 .comment       0x00000044       0x45 ./device/system_LPC55S69_cm33_core0.o
 .comment       0x00000044       0x45 ./component/uart/fsl_adapter_usart.o
 .comment       0x00000044       0x45 ./board/board.o
 .comment       0x00000044       0x45 ./board/clock_config.o
 .comment       0x00000044       0x45 ./board/pin_mux.o

.ARM.attributes
                0x00000000       0x38
 .ARM.attributes
                0x00000000       0x3a ./utilities/fsl_assert.o
 .ARM.attributes
                0x0000003a       0x3a ./utilities/fsl_debug_console.o
 .ARM.attributes
                0x00000074       0x26 ./utilities/fsl_memcpy.o
 .ARM.attributes
                0x0000009a       0x3a ./startup/startup_lpc55s69_cm33_core0.o
 .ARM.attributes
                0x000000d4       0x3a ./source/powerquad_benchmark_filter.o
 .ARM.attributes
                0x0000010e       0x3a ./source/semihost_hardfault.o
 .ARM.attributes
                0x00000148       0x3a ./drivers/fsl_clock.o
 .ARM.attributes
                0x00000182       0x3a ./drivers/fsl_flexcomm.o
 .ARM.attributes
                0x000001bc       0x3a ./drivers/fsl_power.o
 .ARM.attributes
                0x000001f6       0x3a ./drivers/fsl_powerquad_basic.o
 .ARM.attributes
                0x00000230       0x3a ./drivers/fsl_powerquad_cmsis.o
 .ARM.attributes
                0x0000026a       0x3a ./drivers/fsl_powerquad_filter.o
 .ARM.attributes
                0x000002a4       0x3a ./drivers/fsl_reset.o
 .ARM.attributes
                0x000002de       0x3a ./drivers/fsl_usart.o
 .ARM.attributes
                0x00000318       0x3a ./device/system_LPC55S69_cm33_core0.o
 .ARM.attributes
                0x00000352       0x3a ./component/uart/fsl_adapter_usart.o
 .ARM.attributes
                0x0000038c       0x3a ./board/board.o
 .ARM.attributes
                0x000003c6       0x3a ./board/clock_config.o
 .ARM.attributes
                0x00000400       0x3a ./board/pin_mux.o
 .ARM.attributes
                0x0000043a       0x26 C:/appz/nxp/MCUXpressoIDE_11.10.0_3148/ide/plugins/com.nxp.mcuxpresso.tools.win32_11.10.0.202311280810/tools/bin/../lib/gcc/arm-none-eabi/13.2.1/thumb/v8-m.main+fp/hard\libgcc.a(_arm_addsubdf3.o)
 .ARM.attributes
                0x00000460       0x26 C:/appz/nxp/MCUXpressoIDE_11.10.0_3148/ide/plugins/com.nxp.mcuxpresso.tools.win32_11.10.0.202311280810/tools/bin/../lib/gcc/arm-none-eabi/13.2.1/thumb/v8-m.main+fp/hard\libgcc.a(_arm_cmpdf2.o)
 .ARM.attributes
                0x00000486       0x38 C:/appz/nxp/MCUXpressoIDE_11.10.0_3148/ide/plugins/com.nxp.mcuxpresso.tools.win32_11.10.0.202311280810/tools/bin/../lib/gcc/arm-none-eabi/13.2.1/thumb/v8-m.main+fp/hard\libc_nano.a(libc_a-abs.o)
 .ARM.attributes
                0x000004be       0x38 C:/appz/nxp/MCUXpressoIDE_11.10.0_3148/ide/plugins/com.nxp.mcuxpresso.tools.win32_11.10.0.202311280810/tools/bin/../lib/gcc/arm-none-eabi/13.2.1/thumb/v8-m.main+fp/hard\libc_nano.a(libc_a-memset.o)
 .ARM.attributes
                0x000004f6       0x24 C:/appz/nxp/MCUXpressoIDE_11.10.0_3148/ide/plugins/com.nxp.mcuxpresso.tools.win32_11.10.0.202311280810/tools/bin/../lib/gcc/arm-none-eabi/13.2.1/thumb/v8-m.main+fp/hard\libc_nano.a(libc_a-strlen.o)
 .ARM.attributes
                0x0000051a       0x38 C:/appz/nxp/MCUXpressoIDE_11.10.0_3148/ide/plugins/com.nxp.mcuxpresso.tools.win32_11.10.0.202311280810/tools/bin/../lib/gcc/arm-none-eabi/13.2.1/thumb/v8-m.main+fp/hard\libm.a(libm_a-s_fabs.o)

.debug_frame    0x00000000     0x1f84
 .debug_frame   0x00000000       0x38 ./utilities/fsl_assert.o
 .debug_frame   0x00000038      0x170 ./utilities/fsl_debug_console.o
 .debug_frame   0x000001a8      0x69c ./startup/startup_lpc55s69_cm33_core0.o
 .debug_frame   0x00000844       0xc4 ./source/powerquad_benchmark_filter.o
 .debug_frame   0x00000908       0x20 ./source/semihost_hardfault.o
 .debug_frame   0x00000928      0x4a8 ./drivers/fsl_clock.o
 .debug_frame   0x00000dd0      0x138 ./drivers/fsl_flexcomm.o
 .debug_frame   0x00000f08      0x1a8 ./drivers/fsl_power.o
 .debug_frame   0x000010b0       0x84 ./drivers/fsl_powerquad_basic.o
 .debug_frame   0x00001134      0x5dc ./drivers/fsl_powerquad_cmsis.o
 .debug_frame   0x00001710      0x198 ./drivers/fsl_powerquad_filter.o
 .debug_frame   0x000018a8       0x58 ./drivers/fsl_reset.o
 .debug_frame   0x00001900      0x264 ./drivers/fsl_usart.o
 .debug_frame   0x00001b64       0x68 ./device/system_LPC55S69_cm33_core0.o
 .debug_frame   0x00001bcc       0xa4 ./component/uart/fsl_adapter_usart.o
 .debug_frame   0x00001c70       0x40 ./board/board.o
 .debug_frame   0x00001cb0       0xcc ./board/clock_config.o
 .debug_frame   0x00001d7c       0x38 ./board/pin_mux.o
 .debug_frame   0x00001db4       0xac C:/appz/nxp/MCUXpressoIDE_11.10.0_3148/ide/plugins/com.nxp.mcuxpresso.tools.win32_11.10.0.202311280810/tools/bin/../lib/gcc/arm-none-eabi/13.2.1/thumb/v8-m.main+fp/hard\libgcc.a(_arm_addsubdf3.o)
 .debug_frame   0x00001e60       0xc4 C:/appz/nxp/MCUXpressoIDE_11.10.0_3148/ide/plugins/com.nxp.mcuxpresso.tools.win32_11.10.0.202311280810/tools/bin/../lib/gcc/arm-none-eabi/13.2.1/thumb/v8-m.main+fp/hard\libgcc.a(_arm_cmpdf2.o)
 .debug_frame   0x00001f24       0x20 C:/appz/nxp/MCUXpressoIDE_11.10.0_3148/ide/plugins/com.nxp.mcuxpresso.tools.win32_11.10.0.202311280810/tools/bin/../lib/gcc/arm-none-eabi/13.2.1/thumb/v8-m.main+fp/hard\libc_nano.a(libc_a-abs.o)
 .debug_frame   0x00001f44       0x20 C:/appz/nxp/MCUXpressoIDE_11.10.0_3148/ide/plugins/com.nxp.mcuxpresso.tools.win32_11.10.0.202311280810/tools/bin/../lib/gcc/arm-none-eabi/13.2.1/thumb/v8-m.main+fp/hard\libc_nano.a(libc_a-memset.o)
 .debug_frame   0x00001f64       0x20 C:/appz/nxp/MCUXpressoIDE_11.10.0_3148/ide/plugins/com.nxp.mcuxpresso.tools.win32_11.10.0.202311280810/tools/bin/../lib/gcc/arm-none-eabi/13.2.1/thumb/v8-m.main+fp/hard\libm.a(libm_a-s_fabs.o)

.debug_line_str
                0x00000000      0x1c1
 .debug_line_str
                0x00000000      0x1c1 C:/appz/nxp/MCUXpressoIDE_11.10.0_3148/ide/plugins/com.nxp.mcuxpresso.tools.win32_11.10.0.202311280810/tools/bin/../lib/gcc/arm-none-eabi/13.2.1/thumb/v8-m.main+fp/hard\libgcc.a(_arm_addsubdf3.o)
                                 0xd2 (size before relaxing)
 .debug_line_str
                0x000001c1       0xd2 C:/appz/nxp/MCUXpressoIDE_11.10.0_3148/ide/plugins/com.nxp.mcuxpresso.tools.win32_11.10.0.202311280810/tools/bin/../lib/gcc/arm-none-eabi/13.2.1/thumb/v8-m.main+fp/hard\libgcc.a(_arm_cmpdf2.o)
 .debug_line_str
                0x000001c1       0xef C:/appz/nxp/MCUXpressoIDE_11.10.0_3148/ide/plugins/com.nxp.mcuxpresso.tools.win32_11.10.0.202311280810/tools/bin/../lib/gcc/arm-none-eabi/13.2.1/thumb/v8-m.main+fp/hard\libc_nano.a(libc_a-strlen.o)

Cross Reference Table

Symbol                                            File
ACMP_DriverIRQHandler                             ./startup/startup_lpc55s69_cm33_core0.o
ACMP_IRQHandler                                   ./startup/startup_lpc55s69_cm33_core0.o
ADC0_DriverIRQHandler                             ./startup/startup_lpc55s69_cm33_core0.o
ADC0_IRQHandler                                   ./startup/startup_lpc55s69_cm33_core0.o
BOARD_BootClockFRO12M                             ./board/clock_config.o
BOARD_BootClockFROHF96M                           ./board/clock_config.o
                                                  ./source/powerquad_benchmark_filter.o
BOARD_BootClockPLL100M                            ./board/clock_config.o
BOARD_BootClockPLL150M                            ./board/clock_config.o
BOARD_BootClockPLL1_150M                          ./board/clock_config.o
BOARD_InitBootClocks                              ./board/clock_config.o
BOARD_InitBootPins                                ./board/pin_mux.o
                                                  ./source/powerquad_benchmark_filter.o
BOARD_InitDebugConsole                            ./board/board.o
                                                  ./source/powerquad_benchmark_filter.o
BOARD_InitDebugConsole_Core1                      ./board/board.o
BOARD_InitPins                                    ./board/pin_mux.o
BusFault_Handler                                  ./startup/startup_lpc55s69_cm33_core0.o
CASER_DriverIRQHandler                            ./startup/startup_lpc55s69_cm33_core0.o
CASER_IRQHandler                                  ./startup/startup_lpc55s69_cm33_core0.o
CLOCK_AttachClk                                   ./drivers/fsl_clock.o
                                                  ./board/clock_config.o
                                                  ./board/board.o
                                                  ./drivers/fsl_power.o
                                                  ./source/powerquad_benchmark_filter.o
CLOCK_EnableOstimer32kClock                       ./drivers/fsl_clock.o
CLOCK_EnableUsbfs0DeviceClock                     ./drivers/fsl_clock.o
CLOCK_EnableUsbfs0HostClock                       ./drivers/fsl_clock.o
CLOCK_EnableUsbhs0DeviceClock                     ./drivers/fsl_clock.o
CLOCK_EnableUsbhs0HostClock                       ./drivers/fsl_clock.o
CLOCK_EnableUsbhs0PhyPllClock                     ./drivers/fsl_clock.o
CLOCK_GetAdcClkFreq                               ./drivers/fsl_clock.o
CLOCK_GetCTimerClkFreq                            ./drivers/fsl_clock.o
CLOCK_GetClockAttachId                            ./drivers/fsl_clock.o
CLOCK_GetClockOutClkFreq                          ./drivers/fsl_clock.o
CLOCK_GetCoreSysClkFreq                           ./drivers/fsl_clock.o
CLOCK_GetExtClkFreq                               ./drivers/fsl_clock.o
CLOCK_GetFlexCommClkFreq                          ./drivers/fsl_clock.o
CLOCK_GetFlexCommInputClock                       ./drivers/fsl_clock.o
CLOCK_GetFreq                                     ./drivers/fsl_clock.o
CLOCK_GetFro12MFreq                               ./drivers/fsl_clock.o
CLOCK_GetFro1MFreq                                ./drivers/fsl_clock.o
CLOCK_GetFroHfFreq                                ./drivers/fsl_clock.o
CLOCK_GetHsLspiClkFreq                            ./drivers/fsl_clock.o
CLOCK_GetI2SMClkFreq                              ./drivers/fsl_clock.o
CLOCK_GetMclkClkFreq                              ./drivers/fsl_clock.o
CLOCK_GetOsc32KFreq                               ./drivers/fsl_clock.o
CLOCK_GetPLL0InClockRate                          ./drivers/fsl_clock.o
CLOCK_GetPLL0OutClockRate                         ./drivers/fsl_clock.o
CLOCK_GetPLL0OutFromSetup                         ./drivers/fsl_clock.o
CLOCK_GetPLL1InClockRate                          ./drivers/fsl_clock.o
CLOCK_GetPLUClkInFreq                             ./drivers/fsl_clock.o
CLOCK_GetPll0OutFreq                              ./drivers/fsl_clock.o
CLOCK_GetPll1OutFreq                              ./drivers/fsl_clock.o
CLOCK_GetSctClkFreq                               ./drivers/fsl_clock.o
CLOCK_GetSdioClkFreq                              ./drivers/fsl_clock.o
CLOCK_GetSystickClkFreq                           ./drivers/fsl_clock.o
CLOCK_GetUsb0ClkFreq                              ./drivers/fsl_clock.o
CLOCK_GetUsb1ClkFreq                              ./drivers/fsl_clock.o
CLOCK_GetWdtClkFreq                               ./drivers/fsl_clock.o
CLOCK_SetClkDiv                                   ./drivers/fsl_clock.o
                                                  ./board/clock_config.o
                                                  ./drivers/fsl_power.o
CLOCK_SetFLASHAccessCyclesForFreq                 ./drivers/fsl_clock.o
                                                  ./board/clock_config.o
CLOCK_SetFlexCommClock                            ./drivers/fsl_clock.o
CLOCK_SetPLL0Freq                                 ./drivers/fsl_clock.o
                                                  ./board/clock_config.o
CLOCK_SetPLL1Freq                                 ./drivers/fsl_clock.o
                                                  ./board/clock_config.o
CLOCK_SetRtc1hzClkDiv                             ./drivers/fsl_clock.o
CLOCK_SetRtc1khzClkDiv                            ./drivers/fsl_clock.o
CLOCK_SetStoredPLL0ClockRate                      ./drivers/fsl_clock.o
CLOCK_SetupExtClocking                            ./drivers/fsl_clock.o
                                                  ./board/clock_config.o
CLOCK_SetupFROClocking                            ./drivers/fsl_clock.o
                                                  ./board/clock_config.o
CLOCK_SetupI2SMClkClocking                        ./drivers/fsl_clock.o
CLOCK_SetupPLL0Data                               ./drivers/fsl_clock.o
CLOCK_SetupPLL0Mult                               ./drivers/fsl_clock.o
CLOCK_SetupPLL0Prec                               ./drivers/fsl_clock.o
CLOCK_SetupPLUClkInClocking                       ./drivers/fsl_clock.o
CTIMER0_DriverIRQHandler                          ./startup/startup_lpc55s69_cm33_core0.o
CTIMER0_IRQHandler                                ./startup/startup_lpc55s69_cm33_core0.o
CTIMER1_DriverIRQHandler                          ./startup/startup_lpc55s69_cm33_core0.o
CTIMER1_IRQHandler                                ./startup/startup_lpc55s69_cm33_core0.o
CTIMER2_DriverIRQHandler                          ./startup/startup_lpc55s69_cm33_core0.o
CTIMER2_IRQHandler                                ./startup/startup_lpc55s69_cm33_core0.o
CTIMER3_DriverIRQHandler                          ./startup/startup_lpc55s69_cm33_core0.o
CTIMER3_IRQHandler                                ./startup/startup_lpc55s69_cm33_core0.o
CTIMER4_DriverIRQHandler                          ./startup/startup_lpc55s69_cm33_core0.o
CTIMER4_IRQHandler                                ./startup/startup_lpc55s69_cm33_core0.o
DMA0_DriverIRQHandler                             ./startup/startup_lpc55s69_cm33_core0.o
DMA0_IRQHandler                                   ./startup/startup_lpc55s69_cm33_core0.o
DMA1_DriverIRQHandler                             ./startup/startup_lpc55s69_cm33_core0.o
DMA1_IRQHandler                                   ./startup/startup_lpc55s69_cm33_core0.o
DbgConsole_Deinit                                 ./utilities/fsl_debug_console.o
DbgConsole_EnterLowpower                          ./utilities/fsl_debug_console.o
DbgConsole_ExitLowpower                           ./utilities/fsl_debug_console.o
DbgConsole_Getchar                                ./utilities/fsl_debug_console.o
DbgConsole_Init                                   ./utilities/fsl_debug_console.o
                                                  ./board/board.o
DbgConsole_Printf                                 ./utilities/fsl_debug_console.o
                                                  ./source/powerquad_benchmark_filter.o
                                                  ./utilities/fsl_assert.o
DbgConsole_Putchar                                ./utilities/fsl_debug_console.o
DbgConsole_Scanf                                  ./utilities/fsl_debug_console.o
DbgConsole_Vprintf                                ./utilities/fsl_debug_console.o
DebugMon_Handler                                  ./startup/startup_lpc55s69_cm33_core0.o
FLEXCOMM0_DriverIRQHandler                        ./drivers/fsl_flexcomm.o
                                                  ./startup/startup_lpc55s69_cm33_core0.o
FLEXCOMM0_IRQHandler                              ./startup/startup_lpc55s69_cm33_core0.o
FLEXCOMM1_DriverIRQHandler                        ./drivers/fsl_flexcomm.o
                                                  ./startup/startup_lpc55s69_cm33_core0.o
FLEXCOMM1_IRQHandler                              ./startup/startup_lpc55s69_cm33_core0.o
FLEXCOMM2_DriverIRQHandler                        ./drivers/fsl_flexcomm.o
                                                  ./startup/startup_lpc55s69_cm33_core0.o
FLEXCOMM2_IRQHandler                              ./startup/startup_lpc55s69_cm33_core0.o
FLEXCOMM3_DriverIRQHandler                        ./drivers/fsl_flexcomm.o
                                                  ./startup/startup_lpc55s69_cm33_core0.o
FLEXCOMM3_IRQHandler                              ./startup/startup_lpc55s69_cm33_core0.o
FLEXCOMM4_DriverIRQHandler                        ./drivers/fsl_flexcomm.o
                                                  ./startup/startup_lpc55s69_cm33_core0.o
FLEXCOMM4_IRQHandler                              ./startup/startup_lpc55s69_cm33_core0.o
FLEXCOMM5_DriverIRQHandler                        ./drivers/fsl_flexcomm.o
                                                  ./startup/startup_lpc55s69_cm33_core0.o
FLEXCOMM5_IRQHandler                              ./startup/startup_lpc55s69_cm33_core0.o
FLEXCOMM6_DriverIRQHandler                        ./drivers/fsl_flexcomm.o
                                                  ./startup/startup_lpc55s69_cm33_core0.o
FLEXCOMM6_IRQHandler                              ./startup/startup_lpc55s69_cm33_core0.o
FLEXCOMM7_DriverIRQHandler                        ./drivers/fsl_flexcomm.o
                                                  ./startup/startup_lpc55s69_cm33_core0.o
FLEXCOMM7_IRQHandler                              ./startup/startup_lpc55s69_cm33_core0.o
FLEXCOMM8_DriverIRQHandler                        ./drivers/fsl_flexcomm.o
                                                  ./startup/startup_lpc55s69_cm33_core0.o
FLEXCOMM8_IRQHandler                              ./startup/startup_lpc55s69_cm33_core0.o
FLEXCOMM_GetInstance                              ./drivers/fsl_flexcomm.o
FLEXCOMM_Init                                     ./drivers/fsl_flexcomm.o
                                                  ./drivers/fsl_usart.o
FLEXCOMM_SetIRQHandler                            ./drivers/fsl_flexcomm.o
                                                  ./drivers/fsl_usart.o
GINT0_DriverIRQHandler                            ./startup/startup_lpc55s69_cm33_core0.o
GINT0_IRQHandler                                  ./startup/startup_lpc55s69_cm33_core0.o
GINT1_DriverIRQHandler                            ./startup/startup_lpc55s69_cm33_core0.o
GINT1_IRQHandler                                  ./startup/startup_lpc55s69_cm33_core0.o
GPIO_PinInit                                      ./drivers/fsl_gpio.o
GPIO_PortInit                                     ./drivers/fsl_gpio.o
HAL_UartDeinit                                    ./component/uart/fsl_adapter_usart.o
                                                  ./utilities/fsl_debug_console.o
HAL_UartEnterLowpower                             ./component/uart/fsl_adapter_usart.o
                                                  ./utilities/fsl_debug_console.o
HAL_UartExitLowpower                              ./component/uart/fsl_adapter_usart.o
                                                  ./utilities/fsl_debug_console.o
HAL_UartInit                                      ./component/uart/fsl_adapter_usart.o
                                                  ./utilities/fsl_debug_console.o
HAL_UartReceiveBlocking                           ./component/uart/fsl_adapter_usart.o
                                                  ./utilities/fsl_debug_console.o
HAL_UartSendBlocking                              ./component/uart/fsl_adapter_usart.o
                                                  ./utilities/fsl_debug_console.o
HASHCRYPT_DriverIRQHandler                        ./startup/startup_lpc55s69_cm33_core0.o
HASHCRYPT_IRQHandler                              ./startup/startup_lpc55s69_cm33_core0.o
HardFault_Handler                                 ./source/semihost_hardfault.o
                                                  ./startup/startup_lpc55s69_cm33_core0.o
INPUTMUX_AttachSignal                             ./drivers/fsl_inputmux.o
INPUTMUX_Deinit                                   ./drivers/fsl_inputmux.o
INPUTMUX_EnableSignal                             ./drivers/fsl_inputmux.o
INPUTMUX_Init                                     ./drivers/fsl_inputmux.o
IntDefaultHandler                                 ./startup/startup_lpc55s69_cm33_core0.o
LIST_AddHead                                      ./component/lists/fsl_component_generic_list.o
LIST_AddPrevElement                               ./component/lists/fsl_component_generic_list.o
LIST_AddTail                                      ./component/lists/fsl_component_generic_list.o
LIST_GetAvailableSize                             ./component/lists/fsl_component_generic_list.o
LIST_GetHead                                      ./component/lists/fsl_component_generic_list.o
LIST_GetList                                      ./component/lists/fsl_component_generic_list.o
LIST_GetNext                                      ./component/lists/fsl_component_generic_list.o
LIST_GetPrev                                      ./component/lists/fsl_component_generic_list.o
LIST_GetSize                                      ./component/lists/fsl_component_generic_list.o
LIST_Init                                         ./component/lists/fsl_component_generic_list.o
LIST_RemoveElement                                ./component/lists/fsl_component_generic_list.o
LIST_RemoveHead                                   ./component/lists/fsl_component_generic_list.o
MAILBOX_DriverIRQHandler                          ./startup/startup_lpc55s69_cm33_core0.o
MAILBOX_IRQHandler                                ./startup/startup_lpc55s69_cm33_core0.o
MRT0_DriverIRQHandler                             ./startup/startup_lpc55s69_cm33_core0.o
MRT0_IRQHandler                                   ./startup/startup_lpc55s69_cm33_core0.o
MSDK_EnableCpuCycleCounter                        ./drivers/fsl_common_arm.o
MSDK_GetCpuCycleCount                             ./drivers/fsl_common_arm.o
MemManage_Handler                                 ./startup/startup_lpc55s69_cm33_core0.o
NMI_Handler                                       ./startup/startup_lpc55s69_cm33_core0.o
OS_EVENT_DriverIRQHandler                         ./startup/startup_lpc55s69_cm33_core0.o
OS_EVENT_IRQHandler                               ./startup/startup_lpc55s69_cm33_core0.o
PIN_INT0_DriverIRQHandler                         ./startup/startup_lpc55s69_cm33_core0.o
PIN_INT0_IRQHandler                               ./startup/startup_lpc55s69_cm33_core0.o
PIN_INT1_DriverIRQHandler                         ./startup/startup_lpc55s69_cm33_core0.o
PIN_INT1_IRQHandler                               ./startup/startup_lpc55s69_cm33_core0.o
PIN_INT2_DriverIRQHandler                         ./startup/startup_lpc55s69_cm33_core0.o
PIN_INT2_IRQHandler                               ./startup/startup_lpc55s69_cm33_core0.o
PIN_INT3_DriverIRQHandler                         ./startup/startup_lpc55s69_cm33_core0.o
PIN_INT3_IRQHandler                               ./startup/startup_lpc55s69_cm33_core0.o
PIN_INT4_DriverIRQHandler                         ./startup/startup_lpc55s69_cm33_core0.o
PIN_INT4_IRQHandler                               ./startup/startup_lpc55s69_cm33_core0.o
PIN_INT5_DriverIRQHandler                         ./startup/startup_lpc55s69_cm33_core0.o
PIN_INT5_IRQHandler                               ./startup/startup_lpc55s69_cm33_core0.o
PIN_INT6_DriverIRQHandler                         ./startup/startup_lpc55s69_cm33_core0.o
PIN_INT6_IRQHandler                               ./startup/startup_lpc55s69_cm33_core0.o
PIN_INT7_DriverIRQHandler                         ./startup/startup_lpc55s69_cm33_core0.o
PIN_INT7_IRQHandler                               ./startup/startup_lpc55s69_cm33_core0.o
PLU_DriverIRQHandler                              ./startup/startup_lpc55s69_cm33_core0.o
PLU_IRQHandler                                    ./startup/startup_lpc55s69_cm33_core0.o
POWER_CycleCpuAndFlash                            ./drivers/fsl_power.o
POWER_EnterDeepPowerDown                          ./drivers/fsl_power.o
POWER_EnterDeepSleep                              ./drivers/fsl_power.o
POWER_EnterPowerDown                              ./drivers/fsl_power.o
POWER_EnterSleep                                  ./drivers/fsl_power.o
POWER_GetWakeUpCause                              ./drivers/fsl_power.o
POWER_SetVoltageForFreq                           ./drivers/fsl_power.o
                                                  ./board/clock_config.o
                                                  ./drivers/fsl_clock.o
POWER_SetXtal16mhzLdo                             ./drivers/fsl_power.o
POWER_Xtal16mhzCapabankTrim                       ./drivers/fsl_power.o
POWER_Xtal32khzCapabankTrim                       ./drivers/fsl_power.o
PQ_Arctan2Fixed                                   ./drivers/fsl_powerquad_math.o
PQ_ArctanFixed                                    ./drivers/fsl_powerquad_math.o
PQ_ArctanhFixed                                   ./drivers/fsl_powerquad_math.o
PQ_BiquadBackUpInternalState                      ./drivers/fsl_powerquad_filter.o
PQ_BiquadCascadeDf2F32                            ./drivers/fsl_powerquad_filter.o
                                                  ./source/powerquad_benchmark_filter.o
PQ_BiquadCascadeDf2Fixed16                        ./drivers/fsl_powerquad_filter.o
PQ_BiquadCascadeDf2Fixed32                        ./drivers/fsl_powerquad_filter.o
PQ_BiquadCascadeDf2Init                           ./drivers/fsl_powerquad_filter.o
                                                  ./source/powerquad_benchmark_filter.o
PQ_BiquadRestoreInternalState                     ./drivers/fsl_powerquad_filter.o
PQ_Deinit                                         ./drivers/fsl_powerquad_basic.o
PQ_DriverIRQHandler                               ./startup/startup_lpc55s69_cm33_core0.o
PQ_FIR                                            ./drivers/fsl_powerquad_filter.o
                                                  ./drivers/fsl_powerquad_cmsis.o
PQ_FIRIncrement                                   ./drivers/fsl_powerquad_filter.o
PQ_GetDefaultConfig                               ./drivers/fsl_powerquad_basic.o
PQ_IRQHandler                                     ./startup/startup_lpc55s69_cm33_core0.o
PQ_Init                                           ./drivers/fsl_powerquad_basic.o
                                                  ./source/powerquad_benchmark_filter.o