../Core/Src/main.c:71:5:_write	24	static
../Core/Src/main.c:77:13:uart_process_command	72	static
../Core/Src/main.c:164:13:uart_byte_available	16	static
../Core/Src/main.c:183:5:main	16	static
../Core/Src/main.c:236:6:SystemClock_Config	96	static
../Core/Src/main.c:282:13:MX_I2C1_Init	8	static
../Core/Src/main.c:330:13:MX_USART2_UART_Init	8	static
../Core/Src/main.c:363:13:MX_DMA_Init	16	static
../Core/Src/main.c:381:13:MX_GPIO_Init	56	static
../Core/Src/main.c:431:6:Error_Handler	8	static,ignoring_inline_asm
