../source/powerquad_benchmark_matrix.c:725:13:arm_mat_scale_f32Test	3112	static
../source/powerquad_benchmark_matrix.c:763:13:arm_mat_scale_q31Test	3104	static
../source/powerquad_benchmark_matrix.c:804:13:arm_mat_scale_q15Test	1576	static
../source/powerquad_benchmark_matrix.c:614:13:arm_mat_trans_f32Test	3112	static
../source/powerquad_benchmark_matrix.c:651:13:arm_mat_trans_q31Test	3112	static
../source/powerquad_benchmark_matrix.c:688:13:arm_mat_trans_q15Test	1576	static
../source/powerquad_benchmark_matrix.c:572:13:arm_mat_inverse_f32Test	1016	static
../source/powerquad_benchmark_matrix.c:523:13:arm_mat_mult_f32Test	4144	static
../source/powerquad_benchmark_matrix.c:474:13:arm_mat_mult_q31Test	4144	static
../source/powerquad_benchmark_matrix.c:425:13:arm_mat_mult_q15Test	2096	static
../source/powerquad_benchmark_matrix.c:384:13:arm_mat_sub_f32Test	4136	static
../source/powerquad_benchmark_matrix.c:343:13:arm_mat_sub_q31Test	4144	static
../source/powerquad_benchmark_matrix.c:302:13:arm_mat_sub_q15Test	2096	static
../source/powerquad_benchmark_matrix.c:261:13:arm_mat_add_f32Test	4136	static
../source/powerquad_benchmark_matrix.c:220:13:arm_mat_add_q31Test	4144	static
../source/powerquad_benchmark_matrix.c:178:13:arm_mat_add_q15Test	2096	static
../source/powerquad_benchmark_matrix.c:117:5:main	8	static
../source/powerquad_benchmark_matrix.c:159:6:SysTick_Handler	0	static
