10:42:53 **** Incremental Build of configuration Debug for project lpcxpresso55s69_hello_world_2 ****
make -r -j4 all 
Building file: ../source/hello_world.c
Invoking: MCU C Compiler
arm-none-eabi-gcc -std=gnu99 -D__REDLIB__ -DCPU_LPC55S69JBD100 -DCPU_LPC55S69JBD100_cm33 -DCPU_LPC55S69JBD100_cm33_core0 -DMCUXPRESSO_SDK -DSDK_DEBUGCONSOLE=1 -DCR_INTEGER_PRINTF -DPRINTF_FLOAT_ENABLE=0 -D__MCUXPRESSO -D__USE_CMSIS -DDEBUG -DSDK_OS_BAREMETAL -I"C:\Temp\MKSVanek\MKS\lpcxpresso55s69_hello_world_2\utilities" -I"C:\Temp\MKSVanek\MKS\lpcxpresso55s69_hello_world_2\drivers" -I"C:\Temp\MKSVanek\MKS\lpcxpresso55s69_hello_world_2\device" -I"C:\Temp\MKSVanek\MKS\lpcxpresso55s69_hello_world_2\startup" -I"C:\Temp\MKSVanek\MKS\lpcxpresso55s69_hello_world_2\component\uart" -I"C:\Temp\MKSVanek\MKS\lpcxpresso55s69_hello_world_2\component\lists" -I"C:\Temp\MKSVanek\MKS\lpcxpresso55s69_hello_world_2\CMSIS" -I"C:\Temp\MKSVanek\MKS\lpcxpresso55s69_hello_world_2\source" -I"C:\Temp\MKSVanek\MKS\lpcxpresso55s69_hello_world_2\board" -O0 -fno-common -g3 -gdwarf-4 -mcpu=cortex-m33 -c -ffunction-sections -fdata-sections -fno-builtin -fmerge-constants -fmacro-prefix-map="../source/"= -mcpu=cortex-m33 -mfpu=fpv5-sp-d16 -mfloat-abi=hard -mthumb -D__REDLIB__ -fstack-usage -specs=redlib.specs -MMD -MP -MF"source/hello_world.d" -MT"source/hello_world.o" -MT"source/hello_world.d" -o "source/hello_world.o" "../source/hello_world.c"
../source/hello_world.c: In function 'TimerIRQ':
../source/hello_world.c:39:5: warning: implicit declaration of function 'HAL_GPIO_TogglePin' [-Wimplicit-function-declaration]
   39 |     HAL_GPIO_TogglePin(LD1_GPIO_Port, LD1_Pin);
      |     ^~~~~~~~~~~~~~~~~~
../source/hello_world.c:39:24: error: 'LD1_GPIO_Port' undeclared (first use in this function)
   39 |     HAL_GPIO_TogglePin(LD1_GPIO_Port, LD1_Pin);
      |                        ^~~~~~~~~~~~~
../source/hello_world.c:39:24: note: each undeclared identifier is reported only once for each function it appears in
../source/hello_world.c:39:39: error: 'LD1_Pin' undeclared (first use in this function)
   39 |     HAL_GPIO_TogglePin(LD1_GPIO_Port, LD1_Pin);
      |                                       ^~~~~~~
make[1]: *** [source/subdir.mk:23: source/hello_world.o] Error 1
make: *** [makefile:42: all] Error 2
"make -r -j4 all" terminated with exit code 2. Build might be incomplete.
10:44:03 **** Clean-only build of configuration Debug for project lpcxpresso55s69_hello_world_2 ****
make -r -j4 clean 
rm -rf ./utilities/fsl_assert.d ./utilities/fsl_assert.o ./utilities/fsl_debug_console.d ./utilities/fsl_debug_console.o ./utilities/fsl_memcpy.o ./utilities/fsl_str.d ./utilities/fsl_str.o
rm -rf ./startup/boot_multicore_slave.d ./startup/boot_multicore_slave.o ./startup/startup_lpc55s69_cm33_core0.d ./startup/startup_lpc55s69_cm33_core0.o
rm -rf ./source/hello_world.d ./source/hello_world.o ./source/semihost_hardfault.d ./source/semihost_hardfault.o
rm -rf ./drivers/fsl_clock.d ./drivers/fsl_clock.o ./drivers/fsl_common.d ./drivers/fsl_common.o ./drivers/fsl_common_arm.d ./drivers/fsl_common_arm.o ./drivers/fsl_ctimer.d ./drivers/fsl_ctimer.o ./drivers/fsl_flexcomm.d ./drivers/fsl_flexcomm.o ./drivers/fsl_gpio.d ./drivers/fsl_gpio.o ./drivers/fsl_power.d ./drivers/fsl_power.o ./drivers/fsl_reset.d ./drivers/fsl_reset.o ./drivers/fsl_usart.d ./drivers/fsl_usart.o
rm -rf ./device/system_LPC55S69_cm33_core0.d ./device/system_LPC55S69_cm33_core0.o
rm -rf ./component/uart/fsl_adapter_usart.d ./component/uart/fsl_adapter_usart.o
rm -rf ./component/lists/fsl_component_generic_list.d ./component/lists/fsl_component_generic_list.o
rm -rf ./board/board.d ./board/board.o ./board/clock_config.d ./board/clock_config.o ./board/peripherals.d ./board/peripherals.o ./board/pin_mux.d ./board/pin_mux.o
rm -rf lpcxpresso55s69_hello_world_2.axf
rm: can't remove 'lpcxpresso55s69_hello_world_2.axf': Permission denied
make: [makefile:57: clean] Error 1 (ignored)
 
10:44:03 **** Incremental Build of configuration Debug for project lpcxpresso55s69_hello_world_2 ****
make -r -j4 all 
Building file: ../utilities/fsl_assert.c
Building file: ../utilities/fsl_debug_console.c
Building file: ../utilities/fsl_memcpy.S
Building file: ../utilities/fsl_str.c
Invoking: MCU C Compiler
arm-none-eabi-gcc -std=gnu99 -D__REDLIB__ -DCPU_LPC55S69JBD100 -DCPU_LPC55S69JBD100_cm33 -DCPU_LPC55S69JBD100_cm33_core0 -DMCUXPRESSO_SDK -DSDK_DEBUGCONSOLE=1 -DCR_INTEGER_PRINTF -DPRINTF_FLOAT_ENABLE=0 -D__MCUXPRESSO -D__USE_CMSIS -DDEBUG -DSDK_OS_BAREMETAL -I"C:\Temp\MKSVanek\MKS\lpcxpresso55s69_hello_world_2\utilities" -I"C:\Temp\MKSVanek\MKS\lpcxpresso55s69_hello_world_2\drivers" -I"C:\Temp\MKSVanek\MKS\lpcxpresso55s69_hello_world_2\device" -I"C:\Temp\MKSVanek\MKS\lpcxpresso55s69_hello_world_2\startup" -I"C:\Temp\MKSVanek\MKS\lpcxpresso55s69_hello_world_2\component\uart" -I"C:\Temp\MKSVanek\MKS\lpcxpresso55s69_hello_world_2\component\lists" -I"C:\Temp\MKSVanek\MKS\lpcxpresso55s69_hello_world_2\CMSIS" -I"C:\Temp\MKSVanek\MKS\lpcxpresso55s69_hello_world_2\source" -I"C:\Temp\MKSVanek\MKS\lpcxpresso55s69_hello_world_2\board" -O0 -fno-common -g3 -gdwarf-4 -mcpu=cortex-m33 -c -ffunction-sections -fdata-sections -fno-builtin -fmerge-constants -fmacro-prefix-map="../utilities/"= -mcpu=cortex-m33 -mfpu=fpv5-sp-d16 -mfloat-abi=hard -mthumb -D__REDLIB__ -fstack-usage -specs=redlib.specs -MMD -MP -MF"utilities/fsl_assert.d" -MT"utilities/fsl_assert.o" -MT"utilities/fsl_assert.d" -o "utilities/fsl_assert.o" "../utilities/fsl_assert.c"
Invoking: MCU C Compiler
Invoking: MCU Assembler
arm-none-eabi-gcc -std=gnu99 -D__REDLIB__ -DCPU_LPC55S69JBD100 -DCPU_LPC55S69JBD100_cm33 -DCPU_LPC55S69JBD100_cm33_core0 -DMCUXPRESSO_SDK -DSDK_DEBUGCONSOLE=1 -DCR_INTEGER_PRINTF -DPRINTF_FLOAT_ENABLE=0 -D__MCUXPRESSO -D__USE_CMSIS -DDEBUG -DSDK_OS_BAREMETAL -I"C:\Temp\MKSVanek\MKS\lpcxpresso55s69_hello_world_2\utilities" -I"C:\Temp\MKSVanek\MKS\lpcxpresso55s69_hello_world_2\drivers" -I"C:\Temp\MKSVanek\MKS\lpcxpresso55s69_hello_world_2\device" -I"C:\Temp\MKSVanek\MKS\lpcxpresso55s69_hello_world_2\startup" -I"C:\Temp\MKSVanek\MKS\lpcxpresso55s69_hello_world_2\component\uart" -I"C:\Temp\MKSVanek\MKS\lpcxpresso55s69_hello_world_2\component\lists" -I"C:\Temp\MKSVanek\MKS\lpcxpresso55s69_hello_world_2\CMSIS" -I"C:\Temp\MKSVanek\MKS\lpcxpresso55s69_hello_world_2\source" -I"C:\Temp\MKSVanek\MKS\lpcxpresso55s69_hello_world_2\board" -O0 -fno-common -g3 -gdwarf-4 -mcpu=cortex-m33 -c -ffunction-sections -fdata-sections -fno-builtin -fmerge-constants -fmacro-prefix-map="../utilities/"= -mcpu=cortex-m33 -mfpu=fpv5-sp-d16 -mfloat-abi=hard -mthumb -D__REDLIB__ -fstack-usage -specs=redlib.specs -MMD -MP -MF"utilities/fsl_debug_console.d" -MT"utilities/fsl_debug_console.o" -MT"utilities/fsl_debug_console.d" -o "utilities/fsl_debug_console.o" "../utilities/fsl_debug_console.c"
Invoking: MCU C Compiler
arm-none-eabi-gcc -c -x assembler-with-cpp -D__REDLIB__ -I"C:\Temp\MKSVanek\MKS\lpcxpresso55s69_hello_world_2\source" -g3 -gdwarf-4 -mcpu=cortex-m33 -mfpu=fpv5-sp-d16 -mfloat-abi=hard -mthumb -D__REDLIB__ -specs=redlib.specs -o "utilities/fsl_memcpy.o" "../utilities/fsl_memcpy.S"
arm-none-eabi-gcc -std=gnu99 -D__REDLIB__ -DCPU_LPC55S69JBD100 -DCPU_LPC55S69JBD100_cm33 -DCPU_LPC55S69JBD100_cm33_core0 -DMCUXPRESSO_SDK -DSDK_DEBUGCONSOLE=1 -DCR_INTEGER_PRINTF -DPRINTF_FLOAT_ENABLE=0 -D__MCUXPRESSO -D__USE_CMSIS -DDEBUG -DSDK_OS_BAREMETAL -I"C:\Temp\MKSVanek\MKS\lpcxpresso55s69_hello_world_2\utilities" -I"C:\Temp\MKSVanek\MKS\lpcxpresso55s69_hello_world_2\drivers" -I"C:\Temp\MKSVanek\MKS\lpcxpresso55s69_hello_world_2\device" -I"C:\Temp\MKSVanek\MKS\lpcxpresso55s69_hello_world_2\startup" -I"C:\Temp\MKSVanek\MKS\lpcxpresso55s69_hello_world_2\component\uart" -I"C:\Temp\MKSVanek\MKS\lpcxpresso55s69_hello_world_2\component\lists" -I"C:\Temp\MKSVanek\MKS\lpcxpresso55s69_hello_world_2\CMSIS" -I"C:\Temp\MKSVanek\MKS\lpcxpresso55s69_hello_world_2\source" -I"C:\Temp\MKSVanek\MKS\lpcxpresso55s69_hello_world_2\board" -O0 -fno-common -g3 -gdwarf-4 -mcpu=cortex-m33 -c -ffunction-sections -fdata-sections -fno-builtin -fmerge-constants -fmacro-prefix-map="../utilities/"= -mcpu=cortex-m33 -mfpu=fpv5-sp-d16 -mfloat-abi=hard -mthumb -D__REDLIB__ -fstack-usage -specs=redlib.specs -MMD -MP -MF"utilities/fsl_str.d" -MT"utilities/fsl_str.o" -MT"utilities/fsl_str.d" -o "utilities/fsl_str.o" "../utilities/fsl_str.c"
Finished building: ../utilities/fsl_memcpy.S
 
Finished building: ../utilities/fsl_assert.c
Finished building: ../utilities/fsl_debug_console.c
Building file: ../startup/boot_multicore_slave.c
 
 
Invoking: MCU C Compiler
Building file: ../startup/startup_lpc55s69_cm33_core0.c
arm-none-eabi-gcc -std=gnu99 -D__REDLIB__ -DCPU_LPC55S69JBD100 -DCPU_LPC55S69JBD100_cm33 -DCPU_LPC55S69JBD100_cm33_core0 -DMCUXPRESSO_SDK -DSDK_DEBUGCONSOLE=1 -DCR_INTEGER_PRINTF -DPRINTF_FLOAT_ENABLE=0 -D__MCUXPRESSO -D__USE_CMSIS -DDEBUG -DSDK_OS_BAREMETAL -I"C:\Temp\MKSVanek\MKS\lpcxpresso55s69_hello_world_2\utilities" -I"C:\Temp\MKSVanek\MKS\lpcxpresso55s69_hello_world_2\drivers" -I"C:\Temp\MKSVanek\MKS\lpcxpresso55s69_hello_world_2\device" -I"C:\Temp\MKSVanek\MKS\lpcxpresso55s69_hello_world_2\startup" -I"C:\Temp\MKSVanek\MKS\lpcxpresso55s69_hello_world_2\component\uart" -I"C:\Temp\MKSVanek\MKS\lpcxpresso55s69_hello_world_2\component\lists" -I"C:\Temp\MKSVanek\MKS\lpcxpresso55s69_hello_world_2\CMSIS" -I"C:\Temp\MKSVanek\MKS\lpcxpresso55s69_hello_world_2\source" -I"C:\Temp\MKSVanek\MKS\lpcxpresso55s69_hello_world_2\board" -O0 -fno-common -g3 -gdwarf-4 -mcpu=cortex-m33 -c -ffunction-sections -fdata-sections -fno-builtin -fmerge-constants -fmacro-prefix-map="../startup/"= -mcpu=cortex-m33 -mfpu=fpv5-sp-d16 -mfloat-abi=hard -mthumb -D__REDLIB__ -fstack-usage -specs=redlib.specs -MMD -MP -MF"startup/boot_multicore_slave.d" -MT"startup/boot_multicore_slave.o" -MT"startup/boot_multicore_slave.d" -o "startup/boot_multicore_slave.o" "../startup/boot_multicore_slave.c"
Building file: ../source/hello_world.c
Invoking: MCU C Compiler
arm-none-eabi-gcc -std=gnu99 -D__REDLIB__ -DCPU_LPC55S69JBD100 -DCPU_LPC55S69JBD100_cm33 -DCPU_LPC55S69JBD100_cm33_core0 -DMCUXPRESSO_SDK -DSDK_DEBUGCONSOLE=1 -DCR_INTEGER_PRINTF -DPRINTF_FLOAT_ENABLE=0 -D__MCUXPRESSO -D__USE_CMSIS -DDEBUG -DSDK_OS_BAREMETAL -I"C:\Temp\MKSVanek\MKS\lpcxpresso55s69_hello_world_2\utilities" -I"C:\Temp\MKSVanek\MKS\lpcxpresso55s69_hello_world_2\drivers" -I"C:\Temp\MKSVanek\MKS\lpcxpresso55s69_hello_world_2\device" -I"C:\Temp\MKSVanek\MKS\lpcxpresso55s69_hello_world_2\startup" -I"C:\Temp\MKSVanek\MKS\lpcxpresso55s69_hello_world_2\component\uart" -I"C:\Temp\MKSVanek\MKS\lpcxpresso55s69_hello_world_2\component\lists" -I"C:\Temp\MKSVanek\MKS\lpcxpresso55s69_hello_world_2\CMSIS" -I"C:\Temp\MKSVanek\MKS\lpcxpresso55s69_hello_world_2\source" -I"C:\Temp\MKSVanek\MKS\lpcxpresso55s69_hello_world_2\board" -O0 -fno-common -g3 -gdwarf-4 -mcpu=cortex-m33 -c -ffunction-sections -fdata-sections -fno-builtin -fmerge-constants -fmacro-prefix-map="../startup/"= -mcpu=cortex-m33 -mfpu=fpv5-sp-d16 -mfloat-abi=hard -mthumb -D__REDLIB__ -fstack-usage -specs=redlib.specs -MMD -MP -MF"startup/startup_lpc55s69_cm33_core0.d" -MT"startup/startup_lpc55s69_cm33_core0.o" -MT"startup/startup_lpc55s69_cm33_core0.d" -o "startup/startup_lpc55s69_cm33_core0.o" "../startup/startup_lpc55s69_cm33_core0.c"
Invoking: MCU C Compiler
arm-none-eabi-gcc -std=gnu99 -D__REDLIB__ -DCPU_LPC55S69JBD100 -DCPU_LPC55S69JBD100_cm33 -DCPU_LPC55S69JBD100_cm33_core0 -DMCUXPRESSO_SDK -DSDK_DEBUGCONSOLE=1 -DCR_INTEGER_PRINTF -DPRINTF_FLOAT_ENABLE=0 -D__MCUXPRESSO -D__USE_CMSIS -DDEBUG -DSDK_OS_BAREMETAL -I"C:\Temp\MKSVanek\MKS\lpcxpresso55s69_hello_world_2\utilities" -I"C:\Temp\MKSVanek\MKS\lpcxpresso55s69_hello_world_2\drivers" -I"C:\Temp\MKSVanek\MKS\lpcxpresso55s69_hello_world_2\device" -I"C:\Temp\MKSVanek\MKS\lpcxpresso55s69_hello_world_2\startup" -I"C:\Temp\MKSVanek\MKS\lpcxpresso55s69_hello_world_2\component\uart" -I"C:\Temp\MKSVanek\MKS\lpcxpresso55s69_hello_world_2\component\lists" -I"C:\Temp\MKSVanek\MKS\lpcxpresso55s69_hello_world_2\CMSIS" -I"C:\Temp\MKSVanek\MKS\lpcxpresso55s69_hello_world_2\source" -I"C:\Temp\MKSVanek\MKS\lpcxpresso55s69_hello_world_2\board" -O0 -fno-common -g3 -gdwarf-4 -mcpu=cortex-m33 -c -ffunction-sections -fdata-sections -fno-builtin -fmerge-constants -fmacro-prefix-map="../source/"= -mcpu=cortex-m33 -mfpu=fpv5-sp-d16 -mfloat-abi=hard -mthumb -D__REDLIB__ -fstack-usage -specs=redlib.specs -MMD -MP -MF"source/hello_world.d" -MT"source/hello_world.o" -MT"source/hello_world.d" -o "source/hello_world.o" "../source/hello_world.c"
Finished building: ../utilities/fsl_str.c
 
Building file: ../source/semihost_hardfault.c
Invoking: MCU C Compiler
arm-none-eabi-gcc -std=gnu99 -D__REDLIB__ -DCPU_LPC55S69JBD100 -DCPU_LPC55S69JBD100_cm33 -DCPU_LPC55S69JBD100_cm33_core0 -DMCUXPRESSO_SDK -DSDK_DEBUGCONSOLE=1 -DCR_INTEGER_PRINTF -DPRINTF_FLOAT_ENABLE=0 -D__MCUXPRESSO -D__USE_CMSIS -DDEBUG -DSDK_OS_BAREMETAL -I"C:\Temp\MKSVanek\MKS\lpcxpresso55s69_hello_world_2\utilities" -I"C:\Temp\MKSVanek\MKS\lpcxpresso55s69_hello_world_2\drivers" -I"C:\Temp\MKSVanek\MKS\lpcxpresso55s69_hello_world_2\device" -I"C:\Temp\MKSVanek\MKS\lpcxpresso55s69_hello_world_2\startup" -I"C:\Temp\MKSVanek\MKS\lpcxpresso55s69_hello_world_2\component\uart" -I"C:\Temp\MKSVanek\MKS\lpcxpresso55s69_hello_world_2\component\lists" -I"C:\Temp\MKSVanek\MKS\lpcxpresso55s69_hello_world_2\CMSIS" -I"C:\Temp\MKSVanek\MKS\lpcxpresso55s69_hello_world_2\source" -I"C:\Temp\MKSVanek\MKS\lpcxpresso55s69_hello_world_2\board" -O0 -fno-common -g3 -gdwarf-4 -mcpu=cortex-m33 -c -ffunction-sections -fdata-sections -fno-builtin -fmerge-constants -fmacro-prefix-map="../source/"= -mcpu=cortex-m33 -mfpu=fpv5-sp-d16 -mfloat-abi=hard -mthumb -D__REDLIB__ -fstack-usage -specs=redlib.specs -MMD -MP -MF"source/semihost_hardfault.d" -MT"source/semihost_hardfault.o" -MT"source/semihost_hardfault.d" -o "source/semihost_hardfault.o" "../source/semihost_hardfault.c"
Finished building: ../startup/startup_lpc55s69_cm33_core0.c
 
Building file: ../drivers/fsl_clock.c
Invoking: MCU C Compiler
arm-none-eabi-gcc -std=gnu99 -D__REDLIB__ -DCPU_LPC55S69JBD100 -DCPU_LPC55S69JBD100_cm33 -DCPU_LPC55S69JBD100_cm33_core0 -DMCUXPRESSO_SDK -DSDK_DEBUGCONSOLE=1 -DCR_INTEGER_PRINTF -DPRINTF_FLOAT_ENABLE=0 -D__MCUXPRESSO -D__USE_CMSIS -DDEBUG -DSDK_OS_BAREMETAL -I"C:\Temp\MKSVanek\MKS\lpcxpresso55s69_hello_world_2\utilities" -I"C:\Temp\MKSVanek\MKS\lpcxpresso55s69_hello_world_2\drivers" -I"C:\Temp\MKSVanek\MKS\lpcxpresso55s69_hello_world_2\device" -I"C:\Temp\MKSVanek\MKS\lpcxpresso55s69_hello_world_2\startup" -I"C:\Temp\MKSVanek\MKS\lpcxpresso55s69_hello_world_2\component\uart" -I"C:\Temp\MKSVanek\MKS\lpcxpresso55s69_hello_world_2\component\lists" -I"C:\Temp\MKSVanek\MKS\lpcxpresso55s69_hello_world_2\CMSIS" -I"C:\Temp\MKSVanek\MKS\lpcxpresso55s69_hello_world_2\source" -I"C:\Temp\MKSVanek\MKS\lpcxpresso55s69_hello_world_2\board" -O0 -fno-common -g3 -gdwarf-4 -mcpu=cortex-m33 -c -ffunction-sections -fdata-sections -fno-builtin -fmerge-constants -fmacro-prefix-map="../drivers/"= -mcpu=cortex-m33 -mfpu=fpv5-sp-d16 -mfloat-abi=hard -mthumb -D__REDLIB__ -fstack-usage -specs=redlib.specs -MMD -MP -MF"drivers/fsl_clock.d" -MT"drivers/fsl_clock.o" -MT"drivers/fsl_clock.d" -o "drivers/fsl_clock.o" "../drivers/fsl_clock.c"
Finished building: ../source/semihost_hardfault.c
 
Building file: ../drivers/fsl_common.c
Invoking: MCU C Compiler
arm-none-eabi-gcc -std=gnu99 -D__REDLIB__ -DCPU_LPC55S69JBD100 -DCPU_LPC55S69JBD100_cm33 -DCPU_LPC55S69JBD100_cm33_core0 -DMCUXPRESSO_SDK -DSDK_DEBUGCONSOLE=1 -DCR_INTEGER_PRINTF -DPRINTF_FLOAT_ENABLE=0 -D__MCUXPRESSO -D__USE_CMSIS -DDEBUG -DSDK_OS_BAREMETAL -I"C:\Temp\MKSVanek\MKS\lpcxpresso55s69_hello_world_2\utilities" -I"C:\Temp\MKSVanek\MKS\lpcxpresso55s69_hello_world_2\drivers" -I"C:\Temp\MKSVanek\MKS\lpcxpresso55s69_hello_world_2\device" -I"C:\Temp\MKSVanek\MKS\lpcxpresso55s69_hello_world_2\startup" -I"C:\Temp\MKSVanek\MKS\lpcxpresso55s69_hello_world_2\component\uart" -I"C:\Temp\MKSVanek\MKS\lpcxpresso55s69_hello_world_2\component\lists" -I"C:\Temp\MKSVanek\MKS\lpcxpresso55s69_hello_world_2\CMSIS" -I"C:\Temp\MKSVanek\MKS\lpcxpresso55s69_hello_world_2\source" -I"C:\Temp\MKSVanek\MKS\lpcxpresso55s69_hello_world_2\board" -O0 -fno-common -g3 -gdwarf-4 -mcpu=cortex-m33 -c -ffunction-sections -fdata-sections -fno-builtin -fmerge-constants -fmacro-prefix-map="../drivers/"= -mcpu=cortex-m33 -mfpu=fpv5-sp-d16 -mfloat-abi=hard -mthumb -D__REDLIB__ -fstack-usage -specs=redlib.specs -MMD -MP -MF"drivers/fsl_common.d" -MT"drivers/fsl_common.o" -MT"drivers/fsl_common.d" -o "drivers/fsl_common.o" "../drivers/fsl_common.c"
Finished building: ../source/hello_world.c
 
Building file: ../drivers/fsl_common_arm.c
Invoking: MCU C Compiler
arm-none-eabi-gcc -std=gnu99 -D__REDLIB__ -DCPU_LPC55S69JBD100 -DCPU_LPC55S69JBD100_cm33 -DCPU_LPC55S69JBD100_cm33_core0 -DMCUXPRESSO_SDK -DSDK_DEBUGCONSOLE=1 -DCR_INTEGER_PRINTF -DPRINTF_FLOAT_ENABLE=0 -D__MCUXPRESSO -D__USE_CMSIS -DDEBUG -DSDK_OS_BAREMETAL -I"C:\Temp\MKSVanek\MKS\lpcxpresso55s69_hello_world_2\utilities" -I"C:\Temp\MKSVanek\MKS\lpcxpresso55s69_hello_world_2\drivers" -I"C:\Temp\MKSVanek\MKS\lpcxpresso55s69_hello_world_2\device" -I"C:\Temp\MKSVanek\MKS\lpcxpresso55s69_hello_world_2\startup" -I"C:\Temp\MKSVanek\MKS\lpcxpresso55s69_hello_world_2\component\uart" -I"C:\Temp\MKSVanek\MKS\lpcxpresso55s69_hello_world_2\component\lists" -I"C:\Temp\MKSVanek\MKS\lpcxpresso55s69_hello_world_2\CMSIS" -I"C:\Temp\MKSVanek\MKS\lpcxpresso55s69_hello_world_2\source" -I"C:\Temp\MKSVanek\MKS\lpcxpresso55s69_hello_world_2\board" -O0 -fno-common -g3 -gdwarf-4 -mcpu=cortex-m33 -c -ffunction-sections -fdata-sections -fno-builtin -fmerge-constants -fmacro-prefix-map="../drivers/"= -mcpu=cortex-m33 -mfpu=fpv5-sp-d16 -mfloat-abi=hard -mthumb -D__REDLIB__ -fstack-usage -specs=redlib.specs -MMD -MP -MF"drivers/fsl_common_arm.d" -MT"drivers/fsl_common_arm.o" -MT"drivers/fsl_common_arm.d" -o "drivers/fsl_common_arm.o" "../drivers/fsl_common_arm.c"
Finished building: ../drivers/fsl_common.c
Finished building: ../drivers/fsl_clock.c
 
 
Building file: ../drivers/fsl_ctimer.c
Building file: ../drivers/fsl_flexcomm.c
Invoking: MCU C Compiler
arm-none-eabi-gcc -std=gnu99 -D__REDLIB__ -DCPU_LPC55S69JBD100 -DCPU_LPC55S69JBD100_cm33 -DCPU_LPC55S69JBD100_cm33_core0 -DMCUXPRESSO_SDK -DSDK_DEBUGCONSOLE=1 -DCR_INTEGER_PRINTF -DPRINTF_FLOAT_ENABLE=0 -D__MCUXPRESSO -D__USE_CMSIS -DDEBUG -DSDK_OS_BAREMETAL -I"C:\Temp\MKSVanek\MKS\lpcxpresso55s69_hello_world_2\utilities" -I"C:\Temp\MKSVanek\MKS\lpcxpresso55s69_hello_world_2\drivers" -I"C:\Temp\MKSVanek\MKS\lpcxpresso55s69_hello_world_2\device" -I"C:\Temp\MKSVanek\MKS\lpcxpresso55s69_hello_world_2\startup" -I"C:\Temp\MKSVanek\MKS\lpcxpresso55s69_hello_world_2\component\uart" -I"C:\Temp\MKSVanek\MKS\lpcxpresso55s69_hello_world_2\component\lists" -I"C:\Temp\MKSVanek\MKS\lpcxpresso55s69_hello_world_2\CMSIS" -I"C:\Temp\MKSVanek\MKS\lpcxpresso55s69_hello_world_2\source" -I"C:\Temp\MKSVanek\MKS\lpcxpresso55s69_hello_world_2\board" -O0 -fno-common -g3 -gdwarf-4 -mcpu=cortex-m33 -c -ffunction-sections -fdata-sections -fno-builtin -fmerge-constants -fmacro-prefix-map="../drivers/"= -mcpu=cortex-m33 -mfpu=fpv5-sp-d16 -mfloat-abi=hard -mthumb -D__REDLIB__ -fstack-usage -specs=redlib.specs -MMD -MP -MF"drivers/fsl_ctimer.d" -MT"drivers/fsl_ctimer.o" -MT"drivers/fsl_ctimer.d" -o "drivers/fsl_ctimer.o" "../drivers/fsl_ctimer.c"
Invoking: MCU C Compiler
arm-none-eabi-gcc -std=gnu99 -D__REDLIB__ -DCPU_LPC55S69JBD100 -DCPU_LPC55S69JBD100_cm33 -DCPU_LPC55S69JBD100_cm33_core0 -DMCUXPRESSO_SDK -DSDK_DEBUGCONSOLE=1 -DCR_INTEGER_PRINTF -DPRINTF_FLOAT_ENABLE=0 -D__MCUXPRESSO -D__USE_CMSIS -DDEBUG -DSDK_OS_BAREMETAL -I"C:\Temp\MKSVanek\MKS\lpcxpresso55s69_hello_world_2\utilities" -I"C:\Temp\MKSVanek\MKS\lpcxpresso55s69_hello_world_2\drivers" -I"C:\Temp\MKSVanek\MKS\lpcxpresso55s69_hello_world_2\device" -I"C:\Temp\MKSVanek\MKS\lpcxpresso55s69_hello_world_2\startup" -I"C:\Temp\MKSVanek\MKS\lpcxpresso55s69_hello_world_2\component\uart" -I"C:\Temp\MKSVanek\MKS\lpcxpresso55s69_hello_world_2\component\lists" -I"C:\Temp\MKSVanek\MKS\lpcxpresso55s69_hello_world_2\CMSIS" -I"C:\Temp\MKSVanek\MKS\lpcxpresso55s69_hello_world_2\source" -I"C:\Temp\MKSVanek\MKS\lpcxpresso55s69_hello_world_2\board" -O0 -fno-common -g3 -gdwarf-4 -mcpu=cortex-m33 -c -ffunction-sections -fdata-sections -fno-builtin -fmerge-constants -fmacro-prefix-map="../drivers/"= -mcpu=cortex-m33 -mfpu=fpv5-sp-d16 -mfloat-abi=hard -mthumb -D__REDLIB__ -fstack-usage -specs=redlib.specs -MMD -MP -MF"drivers/fsl_flexcomm.d" -MT"drivers/fsl_flexcomm.o" -MT"drivers/fsl_flexcomm.d" -o "drivers/fsl_flexcomm.o" "../drivers/fsl_flexcomm.c"
Finished building: ../startup/boot_multicore_slave.c
 
Finished building: ../drivers/fsl_common_arm.c
Building file: ../drivers/fsl_gpio.c
 
Invoking: MCU C Compiler
arm-none-eabi-gcc -std=gnu99 -D__REDLIB__ -DCPU_LPC55S69JBD100 -DCPU_LPC55S69JBD100_cm33 -DCPU_LPC55S69JBD100_cm33_core0 -DMCUXPRESSO_SDK -DSDK_DEBUGCONSOLE=1 -DCR_INTEGER_PRINTF -DPRINTF_FLOAT_ENABLE=0 -D__MCUXPRESSO -D__USE_CMSIS -DDEBUG -DSDK_OS_BAREMETAL -I"C:\Temp\MKSVanek\MKS\lpcxpresso55s69_hello_world_2\utilities" -I"C:\Temp\MKSVanek\MKS\lpcxpresso55s69_hello_world_2\drivers" -I"C:\Temp\MKSVanek\MKS\lpcxpresso55s69_hello_world_2\device" -I"C:\Temp\MKSVanek\MKS\lpcxpresso55s69_hello_world_2\startup" -I"C:\Temp\MKSVanek\MKS\lpcxpresso55s69_hello_world_2\component\uart" -I"C:\Temp\MKSVanek\MKS\lpcxpresso55s69_hello_world_2\component\lists" -I"C:\Temp\MKSVanek\MKS\lpcxpresso55s69_hello_world_2\CMSIS" -I"C:\Temp\MKSVanek\MKS\lpcxpresso55s69_hello_world_2\source" -I"C:\Temp\MKSVanek\MKS\lpcxpresso55s69_hello_world_2\board" -O0 -fno-common -g3 -gdwarf-4 -mcpu=cortex-m33 -c -ffunction-sections -fdata-sections -fno-builtin -fmerge-constants -fmacro-prefix-map="../drivers/"= -mcpu=cortex-m33 -mfpu=fpv5-sp-d16 -mfloat-abi=hard -mthumb -D__REDLIB__ -fstack-usage -specs=redlib.specs -MMD -MP -MF"drivers/fsl_gpio.d" -MT"drivers/fsl_gpio.o" -MT"drivers/fsl_gpio.d" -o "drivers/fsl_gpio.o" "../drivers/fsl_gpio.c"
Building file: ../drivers/fsl_power.c
Invoking: MCU C Compiler
arm-none-eabi-gcc -std=gnu99 -D__REDLIB__ -DCPU_LPC55S69JBD100 -DCPU_LPC55S69JBD100_cm33 -DCPU_LPC55S69JBD100_cm33_core0 -DMCUXPRESSO_SDK -DSDK_DEBUGCONSOLE=1 -DCR_INTEGER_PRINTF -DPRINTF_FLOAT_ENABLE=0 -D__MCUXPRESSO -D__USE_CMSIS -DDEBUG -DSDK_OS_BAREMETAL -I"C:\Temp\MKSVanek\MKS\lpcxpresso55s69_hello_world_2\utilities" -I"C:\Temp\MKSVanek\MKS\lpcxpresso55s69_hello_world_2\drivers" -I"C:\Temp\MKSVanek\MKS\lpcxpresso55s69_hello_world_2\device" -I"C:\Temp\MKSVanek\MKS\lpcxpresso55s69_hello_world_2\startup" -I"C:\Temp\MKSVanek\MKS\lpcxpresso55s69_hello_world_2\component\uart" -I"C:\Temp\MKSVanek\MKS\lpcxpresso55s69_hello_world_2\component\lists" -I"C:\Temp\MKSVanek\MKS\lpcxpresso55s69_hello_world_2\CMSIS" -I"C:\Temp\MKSVanek\MKS\lpcxpresso55s69_hello_world_2\source" -I"C:\Temp\MKSVanek\MKS\lpcxpresso55s69_hello_world_2\board" -O0 -fno-common -g3 -gdwarf-4 -mcpu=cortex-m33 -c -ffunction-sections -fdata-sections -fno-builtin -fmerge-constants -fmacro-prefix-map="../drivers/"= -mcpu=cortex-m33 -mfpu=fpv5-sp-d16 -mfloat-abi=hard -mthumb -D__REDLIB__ -fstack-usage -specs=redlib.specs -MMD -MP -MF"drivers/fsl_power.d" -MT"drivers/fsl_power.o" -MT"drivers/fsl_power.d" -o "drivers/fsl_power.o" "../drivers/fsl_power.c"
Finished building: ../drivers/fsl_flexcomm.c
Finished building: ../drivers/fsl_ctimer.c
 
 
Building file: ../drivers/fsl_reset.c
Building file: ../drivers/fsl_usart.c
Invoking: MCU C Compiler
arm-none-eabi-gcc -std=gnu99 -D__REDLIB__ -DCPU_LPC55S69JBD100 -DCPU_LPC55S69JBD100_cm33 -DCPU_LPC55S69JBD100_cm33_core0 -DMCUXPRESSO_SDK -DSDK_DEBUGCONSOLE=1 -DCR_INTEGER_PRINTF -DPRINTF_FLOAT_ENABLE=0 -D__MCUXPRESSO -D__USE_CMSIS -DDEBUG -DSDK_OS_BAREMETAL -I"C:\Temp\MKSVanek\MKS\lpcxpresso55s69_hello_world_2\utilities" -I"C:\Temp\MKSVanek\MKS\lpcxpresso55s69_hello_world_2\drivers" -I"C:\Temp\MKSVanek\MKS\lpcxpresso55s69_hello_world_2\device" -I"C:\Temp\MKSVanek\MKS\lpcxpresso55s69_hello_world_2\startup" -I"C:\Temp\MKSVanek\MKS\lpcxpresso55s69_hello_world_2\component\uart" -I"C:\Temp\MKSVanek\MKS\lpcxpresso55s69_hello_world_2\component\lists" -I"C:\Temp\MKSVanek\MKS\lpcxpresso55s69_hello_world_2\CMSIS" -I"C:\Temp\MKSVanek\MKS\lpcxpresso55s69_hello_world_2\source" -I"C:\Temp\MKSVanek\MKS\lpcxpresso55s69_hello_world_2\board" -O0 -fno-common -g3 -gdwarf-4 -mcpu=cortex-m33 -c -ffunction-sections -fdata-sections -fno-builtin -fmerge-constants -fmacro-prefix-map="../drivers/"= -mcpu=cortex-m33 -mfpu=fpv5-sp-d16 -mfloat-abi=hard -mthumb -D__REDLIB__ -fstack-usage -specs=redlib.specs -MMD -MP -MF"drivers/fsl_reset.d" -MT"drivers/fsl_reset.o" -MT"drivers/fsl_reset.d" -o "drivers/fsl_reset.o" "../drivers/fsl_reset.c"
Invoking: MCU C Compiler
arm-none-eabi-gcc -std=gnu99 -D__REDLIB__ -DCPU_LPC55S69JBD100 -DCPU_LPC55S69JBD100_cm33 -DCPU_LPC55S69JBD100_cm33_core0 -DMCUXPRESSO_SDK -DSDK_DEBUGCONSOLE=1 -DCR_INTEGER_PRINTF -DPRINTF_FLOAT_ENABLE=0 -D__MCUXPRESSO -D__USE_CMSIS -DDEBUG -DSDK_OS_BAREMETAL -I"C:\Temp\MKSVanek\MKS\lpcxpresso55s69_hello_world_2\utilities" -I"C:\Temp\MKSVanek\MKS\lpcxpresso55s69_hello_world_2\drivers" -I"C:\Temp\MKSVanek\MKS\lpcxpresso55s69_hello_world_2\device" -I"C:\Temp\MKSVanek\MKS\lpcxpresso55s69_hello_world_2\startup" -I"C:\Temp\MKSVanek\MKS\lpcxpresso55s69_hello_world_2\component\uart" -I"C:\Temp\MKSVanek\MKS\lpcxpresso55s69_hello_world_2\component\lists" -I"C:\Temp\MKSVanek\MKS\lpcxpresso55s69_hello_world_2\CMSIS" -I"C:\Temp\MKSVanek\MKS\lpcxpresso55s69_hello_world_2\source" -I"C:\Temp\MKSVanek\MKS\lpcxpresso55s69_hello_world_2\board" -O0 -fno-common -g3 -gdwarf-4 -mcpu=cortex-m33 -c -ffunction-sections -fdata-sections -fno-builtin -fmerge-constants -fmacro-prefix-map="../drivers/"= -mcpu=cortex-m33 -mfpu=fpv5-sp-d16 -mfloat-abi=hard -mthumb -D__REDLIB__ -fstack-usage -specs=redlib.specs -MMD -MP -MF"drivers/fsl_usart.d" -MT"drivers/fsl_usart.o" -MT"drivers/fsl_usart.d" -o "drivers/fsl_usart.o" "../drivers/fsl_usart.c"
Finished building: ../drivers/fsl_gpio.c
 
Building file: ../device/system_LPC55S69_cm33_core0.c
Invoking: MCU C Compiler
arm-none-eabi-gcc -std=gnu99 -D__REDLIB__ -DCPU_LPC55S69JBD100 -DCPU_LPC55S69JBD100_cm33 -DCPU_LPC55S69JBD100_cm33_core0 -DMCUXPRESSO_SDK -DSDK_DEBUGCONSOLE=1 -DCR_INTEGER_PRINTF -DPRINTF_FLOAT_ENABLE=0 -D__MCUXPRESSO -D__USE_CMSIS -DDEBUG -DSDK_OS_BAREMETAL -I"C:\Temp\MKSVanek\MKS\lpcxpresso55s69_hello_world_2\utilities" -I"C:\Temp\MKSVanek\MKS\lpcxpresso55s69_hello_world_2\drivers" -I"C:\Temp\MKSVanek\MKS\lpcxpresso55s69_hello_world_2\device" -I"C:\Temp\MKSVanek\MKS\lpcxpresso55s69_hello_world_2\startup" -I"C:\Temp\MKSVanek\MKS\lpcxpresso55s69_hello_world_2\component\uart" -I"C:\Temp\MKSVanek\MKS\lpcxpresso55s69_hello_world_2\component\lists" -I"C:\Temp\MKSVanek\MKS\lpcxpresso55s69_hello_world_2\CMSIS" -I"C:\Temp\MKSVanek\MKS\lpcxpresso55s69_hello_world_2\source" -I"C:\Temp\MKSVanek\MKS\lpcxpresso55s69_hello_world_2\board" -O0 -fno-common -g3 -gdwarf-4 -mcpu=cortex-m33 -c -ffunction-sections -fdata-sections -fno-builtin -fmerge-constants -fmacro-prefix-map="../device/"= -mcpu=cortex-m33 -mfpu=fpv5-sp-d16 -mfloat-abi=hard -mthumb -D__REDLIB__ -fstack-usage -specs=redlib.specs -MMD -MP -MF"device/system_LPC55S69_cm33_core0.d" -MT"device/system_LPC55S69_cm33_core0.o" -MT"device/system_LPC55S69_cm33_core0.d" -o "device/system_LPC55S69_cm33_core0.o" "../device/system_LPC55S69_cm33_core0.c"
Finished building: ../drivers/fsl_power.c
 
Building file: ../component/uart/fsl_adapter_usart.c
Invoking: MCU C Compiler
arm-none-eabi-gcc -std=gnu99 -D__REDLIB__ -DCPU_LPC55S69JBD100 -DCPU_LPC55S69JBD100_cm33 -DCPU_LPC55S69JBD100_cm33_core0 -DMCUXPRESSO_SDK -DSDK_DEBUGCONSOLE=1 -DCR_INTEGER_PRINTF -DPRINTF_FLOAT_ENABLE=0 -D__MCUXPRESSO -D__USE_CMSIS -DDEBUG -DSDK_OS_BAREMETAL -I"C:\Temp\MKSVanek\MKS\lpcxpresso55s69_hello_world_2\utilities" -I"C:\Temp\MKSVanek\MKS\lpcxpresso55s69_hello_world_2\drivers" -I"C:\Temp\MKSVanek\MKS\lpcxpresso55s69_hello_world_2\device" -I"C:\Temp\MKSVanek\MKS\lpcxpresso55s69_hello_world_2\startup" -I"C:\Temp\MKSVanek\MKS\lpcxpresso55s69_hello_world_2\component\uart" -I"C:\Temp\MKSVanek\MKS\lpcxpresso55s69_hello_world_2\component\lists" -I"C:\Temp\MKSVanek\MKS\lpcxpresso55s69_hello_world_2\CMSIS" -I"C:\Temp\MKSVanek\MKS\lpcxpresso55s69_hello_world_2\source" -I"C:\Temp\MKSVanek\MKS\lpcxpresso55s69_hello_world_2\board" -O0 -fno-common -g3 -gdwarf-4 -mcpu=cortex-m33 -c -ffunction-sections -fdata-sections -fno-builtin -fmerge-constants -fmacro-prefix-map="../component/uart/"= -mcpu=cortex-m33 -mfpu=fpv5-sp-d16 -mfloat-abi=hard -mthumb -D__REDLIB__ -fstack-usage -specs=redlib.specs -MMD -MP -MF"component/uart/fsl_adapter_usart.d" -MT"component/uart/fsl_adapter_usart.o" -MT"component/uart/fsl_adapter_usart.d" -o "component/uart/fsl_adapter_usart.o" "../component/uart/fsl_adapter_usart.c"
Finished building: ../drivers/fsl_reset.c
 
Building file: ../component/lists/fsl_component_generic_list.c
Invoking: MCU C Compiler
arm-none-eabi-gcc -std=gnu99 -D__REDLIB__ -DCPU_LPC55S69JBD100 -DCPU_LPC55S69JBD100_cm33 -DCPU_LPC55S69JBD100_cm33_core0 -DMCUXPRESSO_SDK -DSDK_DEBUGCONSOLE=1 -DCR_INTEGER_PRINTF -DPRINTF_FLOAT_ENABLE=0 -D__MCUXPRESSO -D__USE_CMSIS -DDEBUG -DSDK_OS_BAREMETAL -I"C:\Temp\MKSVanek\MKS\lpcxpresso55s69_hello_world_2\utilities" -I"C:\Temp\MKSVanek\MKS\lpcxpresso55s69_hello_world_2\drivers" -I"C:\Temp\MKSVanek\MKS\lpcxpresso55s69_hello_world_2\device" -I"C:\Temp\MKSVanek\MKS\lpcxpresso55s69_hello_world_2\startup" -I"C:\Temp\MKSVanek\MKS\lpcxpresso55s69_hello_world_2\component\uart" -I"C:\Temp\MKSVanek\MKS\lpcxpresso55s69_hello_world_2\component\lists" -I"C:\Temp\MKSVanek\MKS\lpcxpresso55s69_hello_world_2\CMSIS" -I"C:\Temp\MKSVanek\MKS\lpcxpresso55s69_hello_world_2\source" -I"C:\Temp\MKSVanek\MKS\lpcxpresso55s69_hello_world_2\board" -O0 -fno-common -g3 -gdwarf-4 -mcpu=cortex-m33 -c -ffunction-sections -fdata-sections -fno-builtin -fmerge-constants -fmacro-prefix-map="../component/lists/"= -mcpu=cortex-m33 -mfpu=fpv5-sp-d16 -mfloat-abi=hard -mthumb -D__REDLIB__ -fstack-usage -specs=redlib.specs -MMD -MP -MF"component/lists/fsl_component_generic_list.d" -MT"component/lists/fsl_component_generic_list.o" -MT"component/lists/fsl_component_generic_list.d" -o "component/lists/fsl_component_generic_list.o" "../component/lists/fsl_component_generic_list.c"
Finished building: ../drivers/fsl_usart.c
 
Building file: ../board/board.c
Invoking: MCU C Compiler
arm-none-eabi-gcc -std=gnu99 -D__REDLIB__ -DCPU_LPC55S69JBD100 -DCPU_LPC55S69JBD100_cm33 -DCPU_LPC55S69JBD100_cm33_core0 -DMCUXPRESSO_SDK -DSDK_DEBUGCONSOLE=1 -DCR_INTEGER_PRINTF -DPRINTF_FLOAT_ENABLE=0 -D__MCUXPRESSO -D__USE_CMSIS -DDEBUG -DSDK_OS_BAREMETAL -I"C:\Temp\MKSVanek\MKS\lpcxpresso55s69_hello_world_2\utilities" -I"C:\Temp\MKSVanek\MKS\lpcxpresso55s69_hello_world_2\drivers" -I"C:\Temp\MKSVanek\MKS\lpcxpresso55s69_hello_world_2\device" -I"C:\Temp\MKSVanek\MKS\lpcxpresso55s69_hello_world_2\startup" -I"C:\Temp\MKSVanek\MKS\lpcxpresso55s69_hello_world_2\component\uart" -I"C:\Temp\MKSVanek\MKS\lpcxpresso55s69_hello_world_2\component\lists" -I"C:\Temp\MKSVanek\MKS\lpcxpresso55s69_hello_world_2\CMSIS" -I"C:\Temp\MKSVanek\MKS\lpcxpresso55s69_hello_world_2\source" -I"C:\Temp\MKSVanek\MKS\lpcxpresso55s69_hello_world_2\board" -O0 -fno-common -g3 -gdwarf-4 -mcpu=cortex-m33 -c -ffunction-sections -fdata-sections -fno-builtin -fmerge-constants -fmacro-prefix-map="../board/"= -mcpu=cortex-m33 -mfpu=fpv5-sp-d16 -mfloat-abi=hard -mthumb -D__REDLIB__ -fstack-usage -specs=redlib.specs -MMD -MP -MF"board/board.d" -MT"board/board.o" -MT"board/board.d" -o "board/board.o" "../board/board.c"
Finished building: ../device/system_LPC55S69_cm33_core0.c
 
Building file: ../board/clock_config.c
Invoking: MCU C Compiler
arm-none-eabi-gcc -std=gnu99 -D__REDLIB__ -DCPU_LPC55S69JBD100 -DCPU_LPC55S69JBD100_cm33 -DCPU_LPC55S69JBD100_cm33_core0 -DMCUXPRESSO_SDK -DSDK_DEBUGCONSOLE=1 -DCR_INTEGER_PRINTF -DPRINTF_FLOAT_ENABLE=0 -D__MCUXPRESSO -D__USE_CMSIS -DDEBUG -DSDK_OS_BAREMETAL -I"C:\Temp\MKSVanek\MKS\lpcxpresso55s69_hello_world_2\utilities" -I"C:\Temp\MKSVanek\MKS\lpcxpresso55s69_hello_world_2\drivers" -I"C:\Temp\MKSVanek\MKS\lpcxpresso55s69_hello_world_2\device" -I"C:\Temp\MKSVanek\MKS\lpcxpresso55s69_hello_world_2\startup" -I"C:\Temp\MKSVanek\MKS\lpcxpresso55s69_hello_world_2\component\uart" -I"C:\Temp\MKSVanek\MKS\lpcxpresso55s69_hello_world_2\component\lists" -I"C:\Temp\MKSVanek\MKS\lpcxpresso55s69_hello_world_2\CMSIS" -I"C:\Temp\MKSVanek\MKS\lpcxpresso55s69_hello_world_2\source" -I"C:\Temp\MKSVanek\MKS\lpcxpresso55s69_hello_world_2\board" -O0 -fno-common -g3 -gdwarf-4 -mcpu=cortex-m33 -c -ffunction-sections -fdata-sections -fno-builtin -fmerge-constants -fmacro-prefix-map="../board/"= -mcpu=cortex-m33 -mfpu=fpv5-sp-d16 -mfloat-abi=hard -mthumb -D__REDLIB__ -fstack-usage -specs=redlib.specs -MMD -MP -MF"board/clock_config.d" -MT"board/clock_config.o" -MT"board/clock_config.d" -o "board/clock_config.o" "../board/clock_config.c"
Finished building: ../component/uart/fsl_adapter_usart.c
 
Building file: ../board/peripherals.c
Invoking: MCU C Compiler
arm-none-eabi-gcc -std=gnu99 -D__REDLIB__ -DCPU_LPC55S69JBD100 -DCPU_LPC55S69JBD100_cm33 -DCPU_LPC55S69JBD100_cm33_core0 -DMCUXPRESSO_SDK -DSDK_DEBUGCONSOLE=1 -DCR_INTEGER_PRINTF -DPRINTF_FLOAT_ENABLE=0 -D__MCUXPRESSO -D__USE_CMSIS -DDEBUG -DSDK_OS_BAREMETAL -I"C:\Temp\MKSVanek\MKS\lpcxpresso55s69_hello_world_2\utilities" -I"C:\Temp\MKSVanek\MKS\lpcxpresso55s69_hello_world_2\drivers" -I"C:\Temp\MKSVanek\MKS\lpcxpresso55s69_hello_world_2\device" -I"C:\Temp\MKSVanek\MKS\lpcxpresso55s69_hello_world_2\startup" -I"C:\Temp\MKSVanek\MKS\lpcxpresso55s69_hello_world_2\component\uart" -I"C:\Temp\MKSVanek\MKS\lpcxpresso55s69_hello_world_2\component\lists" -I"C:\Temp\MKSVanek\MKS\lpcxpresso55s69_hello_world_2\CMSIS" -I"C:\Temp\MKSVanek\MKS\lpcxpresso55s69_hello_world_2\source" -I"C:\Temp\MKSVanek\MKS\lpcxpresso55s69_hello_world_2\board" -O0 -fno-common -g3 -gdwarf-4 -mcpu=cortex-m33 -c -ffunction-sections -fdata-sections -fno-builtin -fmerge-constants -fmacro-prefix-map="../board/"= -mcpu=cortex-m33 -mfpu=fpv5-sp-d16 -mfloat-abi=hard -mthumb -D__REDLIB__ -fstack-usage -specs=redlib.specs -MMD -MP -MF"board/peripherals.d" -MT"board/peripherals.o" -MT"board/peripherals.d" -o "board/peripherals.o" "../board/peripherals.c"
Finished building: ../component/lists/fsl_component_generic_list.c
 
Building file: ../board/pin_mux.c
Invoking: MCU C Compiler
arm-none-eabi-gcc -std=gnu99 -D__REDLIB__ -DCPU_LPC55S69JBD100 -DCPU_LPC55S69JBD100_cm33 -DCPU_LPC55S69JBD100_cm33_core0 -DMCUXPRESSO_SDK -DSDK_DEBUGCONSOLE=1 -DCR_INTEGER_PRINTF -DPRINTF_FLOAT_ENABLE=0 -D__MCUXPRESSO -D__USE_CMSIS -DDEBUG -DSDK_OS_BAREMETAL -I"C:\Temp\MKSVanek\MKS\lpcxpresso55s69_hello_world_2\utilities" -I"C:\Temp\MKSVanek\MKS\lpcxpresso55s69_hello_world_2\drivers" -I"C:\Temp\MKSVanek\MKS\lpcxpresso55s69_hello_world_2\device" -I"C:\Temp\MKSVanek\MKS\lpcxpresso55s69_hello_world_2\startup" -I"C:\Temp\MKSVanek\MKS\lpcxpresso55s69_hello_world_2\component\uart" -I"C:\Temp\MKSVanek\MKS\lpcxpresso55s69_hello_world_2\component\lists" -I"C:\Temp\MKSVanek\MKS\lpcxpresso55s69_hello_world_2\CMSIS" -I"C:\Temp\MKSVanek\MKS\lpcxpresso55s69_hello_world_2\source" -I"C:\Temp\MKSVanek\MKS\lpcxpresso55s69_hello_world_2\board" -O0 -fno-common -g3 -gdwarf-4 -mcpu=cortex-m33 -c -ffunction-sections -fdata-sections -fno-builtin -fmerge-constants -fmacro-prefix-map="../board/"= -mcpu=cortex-m33 -mfpu=fpv5-sp-d16 -mfloat-abi=hard -mthumb -D__REDLIB__ -fstack-usage -specs=redlib.specs -MMD -MP -MF"board/pin_mux.d" -MT"board/pin_mux.o" -MT"board/pin_mux.d" -o "board/pin_mux.o" "../board/pin_mux.c"
Finished building: ../board/board.c
 
Finished building: ../board/clock_config.c
 
Finished building: ../board/peripherals.c
 
Finished building: ../board/pin_mux.c
 
Building target: lpcxpresso55s69_hello_world_2.axf
Invoking: MCU Linker
arm-none-eabi-gcc -nostdlib -Xlinker -no-warn-rwx-segments -Xlinker -Map="lpcxpresso55s69_hello_world_2.map" -Xlinker --gc-sections -Xlinker -print-memory-usage -Xlinker --sort-section=alignment -Xlinker --cref -mcpu=cortex-m33 -mfpu=fpv5-sp-d16 -mfloat-abi=hard -mthumb -T lpcxpresso55s69_hello_world_2_Debug.ld -o "lpcxpresso55s69_hello_world_2.axf" ./utilities/fsl_assert.o ./utilities/fsl_debug_console.o ./utilities/fsl_memcpy.o ./utilities/fsl_str.o  ./startup/boot_multicore_slave.o ./startup/startup_lpc55s69_cm33_core0.o  ./source/hello_world.o ./source/semihost_hardfault.o  ./drivers/fsl_clock.o ./drivers/fsl_common.o ./drivers/fsl_common_arm.o ./drivers/fsl_ctimer.o ./drivers/fsl_flexcomm.o ./drivers/fsl_gpio.o ./drivers/fsl_power.o ./drivers/fsl_reset.o ./drivers/fsl_usart.o  ./device/system_LPC55S69_cm33_core0.o  ./component/uart/fsl_adapter_usart.o  ./component/lists/fsl_component_generic_list.o  ./board/board.o ./board/clock_config.o ./board/peripherals.o ./board/pin_mux.o   
Memory region         Used Size  Region Size  %age Used
   PROGRAM_FLASH:       14804 B       630 KB      2.29%
            SRAM:        8512 B       256 KB      3.25%
           SRAMX:          0 GB        32 KB      0.00%
         USB_RAM:          0 GB        16 KB      0.00%
           SRAM4:          0 GB        16 KB      0.00%
Finished building target: lpcxpresso55s69_hello_world_2.axf
 
Performing post-build steps
arm-none-eabi-size "lpcxpresso55s69_hello_world_2.axf"; # arm-none-eabi-objcopy -v -O binary "lpcxpresso55s69_hello_world_2.axf" "lpcxpresso55s69_hello_world_2.bin" ; # checksum -p LPC55S69 -d "lpcxpresso55s69_hello_world_2.bin";
   text	   data	    bss	    dec	    hex	filename
  14792	     12	   8500	  23304	   5b08	lpcxpresso55s69_hello_world_2.axf
 
