10:42:30 **** Build of configuration Debug for project lpcxpresso55s69_powerquad_benchmark_math ****
make -r -j4 all 
Building file: ../utilities/fsl_assert.c
Building file: ../utilities/fsl_memcpy.S
Building file: ../utilities/fsl_debug_console.c
Building file: ../utilities/fsl_str.c
Invoking: MCU C Compiler
Invoking: MCU C Compiler
arm-none-eabi-gcc -std=gnu99 -DCPU_LPC55S69JBD100_cm33_core0 -DMCUXPRESSO_SDK -DCPU_LPC55S69JBD100 -DCPU_LPC55S69JBD100_cm33 -DSDK_DEBUGCONSOLE=1 -DCR_INTEGER_PRINTF -D__MCUXPRESSO -D__USE_CMSIS -DDEBUG -D__NEWLIB__ -I"C:\Temp\MKSVanek\MKS\lpcxpresso55s69_powerquad_benchmark_math\source" -I"C:\Temp\MKSVanek\MKS\lpcxpresso55s69_powerquad_benchmark_math\utilities" -I"C:\Temp\MKSVanek\MKS\lpcxpresso55s69_powerquad_benchmark_math\drivers" -I"C:\Temp\MKSVanek\MKS\lpcxpresso55s69_powerquad_benchmark_math\device" -I"C:\Temp\MKSVanek\MKS\lpcxpresso55s69_powerquad_benchmark_math\startup" -I"C:\Temp\MKSVanek\MKS\lpcxpresso55s69_powerquad_benchmark_math\component\uart" -I"C:\Temp\MKSVanek\MKS\lpcxpresso55s69_powerquad_benchmark_math\component\lists" -I"C:\Temp\MKSVanek\MKS\lpcxpresso55s69_powerquad_benchmark_math\CMSIS\DSP\Include" -I"C:\Temp\MKSVanek\MKS\lpcxpresso55s69_powerquad_benchmark_math\CMSIS\DSP\PrivateInclude" -I"C:\Temp\MKSVanek\MKS\lpcxpresso55s69_powerquad_benchmark_math\CMSIS" -I"C:\Temp\MKSVanek\MKS\lpcxpresso55s69_powerquad_benchmark_math\board" -O1 -fno-common -g3 -gdwarf-4 -mcpu=cortex-m33 -c -ffunction-sections -fdata-sections -fno-builtin -fmacro-prefix-map="../utilities/"= -mcpu=cortex-m33 -mfpu=fpv5-sp-d16 -mfloat-abi=hard -mthumb -D__NEWLIB__ -fstack-usage -specs=nano.specs -MMD -MP -MF"utilities/fsl_assert.d" -MT"utilities/fsl_assert.o" -MT"utilities/fsl_assert.d" -o "utilities/fsl_assert.o" "../utilities/fsl_assert.c"
Invoking: MCU Assembler
arm-none-eabi-gcc -std=gnu99 -DCPU_LPC55S69JBD100_cm33_core0 -DMCUXPRESSO_SDK -DCPU_LPC55S69JBD100 -DCPU_LPC55S69JBD100_cm33 -DSDK_DEBUGCONSOLE=1 -DCR_INTEGER_PRINTF -D__MCUXPRESSO -D__USE_CMSIS -DDEBUG -D__NEWLIB__ -I"C:\Temp\MKSVanek\MKS\lpcxpresso55s69_powerquad_benchmark_math\source" -I"C:\Temp\MKSVanek\MKS\lpcxpresso55s69_powerquad_benchmark_math\utilities" -I"C:\Temp\MKSVanek\MKS\lpcxpresso55s69_powerquad_benchmark_math\drivers" -I"C:\Temp\MKSVanek\MKS\lpcxpresso55s69_powerquad_benchmark_math\device" -I"C:\Temp\MKSVanek\MKS\lpcxpresso55s69_powerquad_benchmark_math\startup" -I"C:\Temp\MKSVanek\MKS\lpcxpresso55s69_powerquad_benchmark_math\component\uart" -I"C:\Temp\MKSVanek\MKS\lpcxpresso55s69_powerquad_benchmark_math\component\lists" -I"C:\Temp\MKSVanek\MKS\lpcxpresso55s69_powerquad_benchmark_math\CMSIS\DSP\Include" -I"C:\Temp\MKSVanek\MKS\lpcxpresso55s69_powerquad_benchmark_math\CMSIS\DSP\PrivateInclude" -I"C:\Temp\MKSVanek\MKS\lpcxpresso55s69_powerquad_benchmark_math\CMSIS" -I"C:\Temp\MKSVanek\MKS\lpcxpresso55s69_powerquad_benchmark_math\board" -O1 -fno-common -g3 -gdwarf-4 -mcpu=cortex-m33 -c -ffunction-sections -fdata-sections -fno-builtin -fmacro-prefix-map="../utilities/"= -mcpu=cortex-m33 -mfpu=fpv5-sp-d16 -mfloat-abi=hard -mthumb -D__NEWLIB__ -fstack-usage -specs=nano.specs -MMD -MP -MF"utilities/fsl_debug_console.d" -MT"utilities/fsl_debug_console.o" -MT"utilities/fsl_debug_console.d" -o "utilities/fsl_debug_console.o" "../utilities/fsl_debug_console.c"
Invoking: MCU C Compiler
arm-none-eabi-gcc -c -x assembler-with-cpp -D__NEWLIB__ -I"C:\Temp\MKSVanek\MKS\lpcxpresso55s69_powerquad_benchmark_math\source" -g3 -gdwarf-4 -mcpu=cortex-m33 -mfpu=fpv5-sp-d16 -mfloat-abi=hard -mthumb -D__NEWLIB__ -specs=nano.specs -o "utilities/fsl_memcpy.o" "../utilities/fsl_memcpy.S"
arm-none-eabi-gcc -std=gnu99 -DCPU_LPC55S69JBD100_cm33_core0 -DMCUXPRESSO_SDK -DCPU_LPC55S69JBD100 -DCPU_LPC55S69JBD100_cm33 -DSDK_DEBUGCONSOLE=1 -DCR_INTEGER_PRINTF -D__MCUXPRESSO -D__USE_CMSIS -DDEBUG -D__NEWLIB__ -I"C:\Temp\MKSVanek\MKS\lpcxpresso55s69_powerquad_benchmark_math\source" -I"C:\Temp\MKSVanek\MKS\lpcxpresso55s69_powerquad_benchmark_math\utilities" -I"C:\Temp\MKSVanek\MKS\lpcxpresso55s69_powerquad_benchmark_math\drivers" -I"C:\Temp\MKSVanek\MKS\lpcxpresso55s69_powerquad_benchmark_math\device" -I"C:\Temp\MKSVanek\MKS\lpcxpresso55s69_powerquad_benchmark_math\startup" -I"C:\Temp\MKSVanek\MKS\lpcxpresso55s69_powerquad_benchmark_math\component\uart" -I"C:\Temp\MKSVanek\MKS\lpcxpresso55s69_powerquad_benchmark_math\component\lists" -I"C:\Temp\MKSVanek\MKS\lpcxpresso55s69_powerquad_benchmark_math\CMSIS\DSP\Include" -I"C:\Temp\MKSVanek\MKS\lpcxpresso55s69_powerquad_benchmark_math\CMSIS\DSP\PrivateInclude" -I"C:\Temp\MKSVanek\MKS\lpcxpresso55s69_powerquad_benchmark_math\CMSIS" -I"C:\Temp\MKSVanek\MKS\lpcxpresso55s69_powerquad_benchmark_math\board" -O1 -fno-common -g3 -gdwarf-4 -mcpu=cortex-m33 -c -ffunction-sections -fdata-sections -fno-builtin -fmacro-prefix-map="../utilities/"= -mcpu=cortex-m33 -mfpu=fpv5-sp-d16 -mfloat-abi=hard -mthumb -D__NEWLIB__ -fstack-usage -specs=nano.specs -MMD -MP -MF"utilities/fsl_str.d" -MT"utilities/fsl_str.o" -MT"utilities/fsl_str.d" -o "utilities/fsl_str.o" "../utilities/fsl_str.c"
Finished building: ../utilities/fsl_memcpy.S
 
Building file: ../startup/boot_multicore_slave.c
Invoking: MCU C Compiler
arm-none-eabi-gcc -std=gnu99 -DCPU_LPC55S69JBD100_cm33_core0 -DMCUXPRESSO_SDK -DCPU_LPC55S69JBD100 -DCPU_LPC55S69JBD100_cm33 -DSDK_DEBUGCONSOLE=1 -DCR_INTEGER_PRINTF -D__MCUXPRESSO -D__USE_CMSIS -DDEBUG -D__NEWLIB__ -I"C:\Temp\MKSVanek\MKS\lpcxpresso55s69_powerquad_benchmark_math\source" -I"C:\Temp\MKSVanek\MKS\lpcxpresso55s69_powerquad_benchmark_math\utilities" -I"C:\Temp\MKSVanek\MKS\lpcxpresso55s69_powerquad_benchmark_math\drivers" -I"C:\Temp\MKSVanek\MKS\lpcxpresso55s69_powerquad_benchmark_math\device" -I"C:\Temp\MKSVanek\MKS\lpcxpresso55s69_powerquad_benchmark_math\startup" -I"C:\Temp\MKSVanek\MKS\lpcxpresso55s69_powerquad_benchmark_math\component\uart" -I"C:\Temp\MKSVanek\MKS\lpcxpresso55s69_powerquad_benchmark_math\component\lists" -I"C:\Temp\MKSVanek\MKS\lpcxpresso55s69_powerquad_benchmark_math\CMSIS\DSP\Include" -I"C:\Temp\MKSVanek\MKS\lpcxpresso55s69_powerquad_benchmark_math\CMSIS\DSP\PrivateInclude" -I"C:\Temp\MKSVanek\MKS\lpcxpresso55s69_powerquad_benchmark_math\CMSIS" -I"C:\Temp\MKSVanek\MKS\lpcxpresso55s69_powerquad_benchmark_math\board" -O1 -fno-common -g3 -gdwarf-4 -mcpu=cortex-m33 -c -ffunction-sections -fdata-sections -fno-builtin -fmacro-prefix-map="../startup/"= -mcpu=cortex-m33 -mfpu=fpv5-sp-d16 -mfloat-abi=hard -mthumb -D__NEWLIB__ -fstack-usage -specs=nano.specs -MMD -MP -MF"startup/boot_multicore_slave.d" -MT"startup/boot_multicore_slave.o" -MT"startup/boot_multicore_slave.d" -o "startup/boot_multicore_slave.o" "../startup/boot_multicore_slave.c"
Finished building: ../utilities/fsl_assert.c
Finished building: ../utilities/fsl_debug_console.c
 
 
Building file: ../startup/startup_lpc55s69_cm33_core0.c
Building file: ../source/powerquad_benchmark_math.c
Invoking: MCU C Compiler
arm-none-eabi-gcc -std=gnu99 -DCPU_LPC55S69JBD100_cm33_core0 -DMCUXPRESSO_SDK -DCPU_LPC55S69JBD100 -DCPU_LPC55S69JBD100_cm33 -DSDK_DEBUGCONSOLE=1 -DCR_INTEGER_PRINTF -D__MCUXPRESSO -D__USE_CMSIS -DDEBUG -D__NEWLIB__ -I"C:\Temp\MKSVanek\MKS\lpcxpresso55s69_powerquad_benchmark_math\source" -I"C:\Temp\MKSVanek\MKS\lpcxpresso55s69_powerquad_benchmark_math\utilities" -I"C:\Temp\MKSVanek\MKS\lpcxpresso55s69_powerquad_benchmark_math\drivers" -I"C:\Temp\MKSVanek\MKS\lpcxpresso55s69_powerquad_benchmark_math\device" -I"C:\Temp\MKSVanek\MKS\lpcxpresso55s69_powerquad_benchmark_math\startup" -I"C:\Temp\MKSVanek\MKS\lpcxpresso55s69_powerquad_benchmark_math\component\uart" -I"C:\Temp\MKSVanek\MKS\lpcxpresso55s69_powerquad_benchmark_math\component\lists" -I"C:\Temp\MKSVanek\MKS\lpcxpresso55s69_powerquad_benchmark_math\CMSIS\DSP\Include" -I"C:\Temp\MKSVanek\MKS\lpcxpresso55s69_powerquad_benchmark_math\CMSIS\DSP\PrivateInclude" -I"C:\Temp\MKSVanek\MKS\lpcxpresso55s69_powerquad_benchmark_math\CMSIS" -I"C:\Temp\MKSVanek\MKS\lpcxpresso55s69_powerquad_benchmark_math\board" -O1 -fno-common -g3 -gdwarf-4 -mcpu=cortex-m33 -c -ffunction-sections -fdata-sections -fno-builtin -fmacro-prefix-map="../startup/"= -mcpu=cortex-m33 -mfpu=fpv5-sp-d16 -mfloat-abi=hard -mthumb -D__NEWLIB__ -fstack-usage -specs=nano.specs -MMD -MP -MF"startup/startup_lpc55s69_cm33_core0.d" -MT"startup/startup_lpc55s69_cm33_core0.o" -MT"startup/startup_lpc55s69_cm33_core0.d" -o "startup/startup_lpc55s69_cm33_core0.o" "../startup/startup_lpc55s69_cm33_core0.c"
Invoking: MCU C Compiler
arm-none-eabi-gcc -std=gnu99 -DCPU_LPC55S69JBD100_cm33_core0 -DMCUXPRESSO_SDK -DCPU_LPC55S69JBD100 -DCPU_LPC55S69JBD100_cm33 -DSDK_DEBUGCONSOLE=1 -DCR_INTEGER_PRINTF -D__MCUXPRESSO -D__USE_CMSIS -DDEBUG -D__NEWLIB__ -I"C:\Temp\MKSVanek\MKS\lpcxpresso55s69_powerquad_benchmark_math\source" -I"C:\Temp\MKSVanek\MKS\lpcxpresso55s69_powerquad_benchmark_math\utilities" -I"C:\Temp\MKSVanek\MKS\lpcxpresso55s69_powerquad_benchmark_math\drivers" -I"C:\Temp\MKSVanek\MKS\lpcxpresso55s69_powerquad_benchmark_math\device" -I"C:\Temp\MKSVanek\MKS\lpcxpresso55s69_powerquad_benchmark_math\startup" -I"C:\Temp\MKSVanek\MKS\lpcxpresso55s69_powerquad_benchmark_math\component\uart" -I"C:\Temp\MKSVanek\MKS\lpcxpresso55s69_powerquad_benchmark_math\component\lists" -I"C:\Temp\MKSVanek\MKS\lpcxpresso55s69_powerquad_benchmark_math\CMSIS\DSP\Include" -I"C:\Temp\MKSVanek\MKS\lpcxpresso55s69_powerquad_benchmark_math\CMSIS\DSP\PrivateInclude" -I"C:\Temp\MKSVanek\MKS\lpcxpresso55s69_powerquad_benchmark_math\CMSIS" -I"C:\Temp\MKSVanek\MKS\lpcxpresso55s69_powerquad_benchmark_math\board" -O1 -fno-common -g3 -gdwarf-4 -mcpu=cortex-m33 -c -ffunction-sections -fdata-sections -fno-builtin -fmacro-prefix-map="../source/"= -mcpu=cortex-m33 -mfpu=fpv5-sp-d16 -mfloat-abi=hard -mthumb -D__NEWLIB__ -fstack-usage -specs=nano.specs -MMD -MP -MF"source/powerquad_benchmark_math.d" -MT"source/powerquad_benchmark_math.o" -MT"source/powerquad_benchmark_math.d" -o "source/powerquad_benchmark_math.o" "../source/powerquad_benchmark_math.c"
Finished building: ../utilities/fsl_str.c
 
Building file: ../source/semihost_hardfault.c
Invoking: MCU C Compiler
arm-none-eabi-gcc -std=gnu99 -DCPU_LPC55S69JBD100_cm33_core0 -DMCUXPRESSO_SDK -DCPU_LPC55S69JBD100 -DCPU_LPC55S69JBD100_cm33 -DSDK_DEBUGCONSOLE=1 -DCR_INTEGER_PRINTF -D__MCUXPRESSO -D__USE_CMSIS -DDEBUG -D__NEWLIB__ -I"C:\Temp\MKSVanek\MKS\lpcxpresso55s69_powerquad_benchmark_math\source" -I"C:\Temp\MKSVanek\MKS\lpcxpresso55s69_powerquad_benchmark_math\utilities" -I"C:\Temp\MKSVanek\MKS\lpcxpresso55s69_powerquad_benchmark_math\drivers" -I"C:\Temp\MKSVanek\MKS\lpcxpresso55s69_powerquad_benchmark_math\device" -I"C:\Temp\MKSVanek\MKS\lpcxpresso55s69_powerquad_benchmark_math\startup" -I"C:\Temp\MKSVanek\MKS\lpcxpresso55s69_powerquad_benchmark_math\component\uart" -I"C:\Temp\MKSVanek\MKS\lpcxpresso55s69_powerquad_benchmark_math\component\lists" -I"C:\Temp\MKSVanek\MKS\lpcxpresso55s69_powerquad_benchmark_math\CMSIS\DSP\Include" -I"C:\Temp\MKSVanek\MKS\lpcxpresso55s69_powerquad_benchmark_math\CMSIS\DSP\PrivateInclude" -I"C:\Temp\MKSVanek\MKS\lpcxpresso55s69_powerquad_benchmark_math\CMSIS" -I"C:\Temp\MKSVanek\MKS\lpcxpresso55s69_powerquad_benchmark_math\board" -O1 -fno-common -g3 -gdwarf-4 -mcpu=cortex-m33 -c -ffunction-sections -fdata-sections -fno-builtin -fmacro-prefix-map="../source/"= -mcpu=cortex-m33 -mfpu=fpv5-sp-d16 -mfloat-abi=hard -mthumb -D__NEWLIB__ -fstack-usage -specs=nano.specs -MMD -MP -MF"source/semihost_hardfault.d" -MT"source/semihost_hardfault.o" -MT"source/semihost_hardfault.d" -o "source/semihost_hardfault.o" "../source/semihost_hardfault.c"
Finished building: ../startup/boot_multicore_slave.c
 
Building file: ../drivers/fsl_clock.c
Finished building: ../source/semihost_hardfault.c
Invoking: MCU C Compiler
arm-none-eabi-gcc -std=gnu99 -DCPU_LPC55S69JBD100_cm33_core0 -DMCUXPRESSO_SDK -DCPU_LPC55S69JBD100 -DCPU_LPC55S69JBD100_cm33 -DSDK_DEBUGCONSOLE=1 -DCR_INTEGER_PRINTF -D__MCUXPRESSO -D__USE_CMSIS -DDEBUG -D__NEWLIB__ -I"C:\Temp\MKSVanek\MKS\lpcxpresso55s69_powerquad_benchmark_math\source" -I"C:\Temp\MKSVanek\MKS\lpcxpresso55s69_powerquad_benchmark_math\utilities" -I"C:\Temp\MKSVanek\MKS\lpcxpresso55s69_powerquad_benchmark_math\drivers" -I"C:\Temp\MKSVanek\MKS\lpcxpresso55s69_powerquad_benchmark_math\device" -I"C:\Temp\MKSVanek\MKS\lpcxpresso55s69_powerquad_benchmark_math\startup" -I"C:\Temp\MKSVanek\MKS\lpcxpresso55s69_powerquad_benchmark_math\component\uart" -I"C:\Temp\MKSVanek\MKS\lpcxpresso55s69_powerquad_benchmark_math\component\lists" -I"C:\Temp\MKSVanek\MKS\lpcxpresso55s69_powerquad_benchmark_math\CMSIS\DSP\Include" -I"C:\Temp\MKSVanek\MKS\lpcxpresso55s69_powerquad_benchmark_math\CMSIS\DSP\PrivateInclude" -I"C:\Temp\MKSVanek\MKS\lpcxpresso55s69_powerquad_benchmark_math\CMSIS" -I"C:\Temp\MKSVanek\MKS\lpcxpresso55s69_powerquad_benchmark_math\board" -O1 -fno-common -g3 -gdwarf-4 -mcpu=cortex-m33 -c -ffunction-sections -fdata-sections -fno-builtin -fmacro-prefix-map="../drivers/"= -mcpu=cortex-m33 -mfpu=fpv5-sp-d16 -mfloat-abi=hard -mthumb -D__NEWLIB__ -fstack-usage -specs=nano.specs -MMD -MP -MF"drivers/fsl_clock.d" -MT"drivers/fsl_clock.o" -MT"drivers/fsl_clock.d" -o "drivers/fsl_clock.o" "../drivers/fsl_clock.c"
 
Building file: ../drivers/fsl_common.c
Invoking: MCU C Compiler
arm-none-eabi-gcc -std=gnu99 -DCPU_LPC55S69JBD100_cm33_core0 -DMCUXPRESSO_SDK -DCPU_LPC55S69JBD100 -DCPU_LPC55S69JBD100_cm33 -DSDK_DEBUGCONSOLE=1 -DCR_INTEGER_PRINTF -D__MCUXPRESSO -D__USE_CMSIS -DDEBUG -D__NEWLIB__ -I"C:\Temp\MKSVanek\MKS\lpcxpresso55s69_powerquad_benchmark_math\source" -I"C:\Temp\MKSVanek\MKS\lpcxpresso55s69_powerquad_benchmark_math\utilities" -I"C:\Temp\MKSVanek\MKS\lpcxpresso55s69_powerquad_benchmark_math\drivers" -I"C:\Temp\MKSVanek\MKS\lpcxpresso55s69_powerquad_benchmark_math\device" -I"C:\Temp\MKSVanek\MKS\lpcxpresso55s69_powerquad_benchmark_math\startup" -I"C:\Temp\MKSVanek\MKS\lpcxpresso55s69_powerquad_benchmark_math\component\uart" -I"C:\Temp\MKSVanek\MKS\lpcxpresso55s69_powerquad_benchmark_math\component\lists" -I"C:\Temp\MKSVanek\MKS\lpcxpresso55s69_powerquad_benchmark_math\CMSIS\DSP\Include" -I"C:\Temp\MKSVanek\MKS\lpcxpresso55s69_powerquad_benchmark_math\CMSIS\DSP\PrivateInclude" -I"C:\Temp\MKSVanek\MKS\lpcxpresso55s69_powerquad_benchmark_math\CMSIS" -I"C:\Temp\MKSVanek\MKS\lpcxpresso55s69_powerquad_benchmark_math\board" -O1 -fno-common -g3 -gdwarf-4 -mcpu=cortex-m33 -c -ffunction-sections -fdata-sections -fno-builtin -fmacro-prefix-map="../drivers/"= -mcpu=cortex-m33 -mfpu=fpv5-sp-d16 -mfloat-abi=hard -mthumb -D__NEWLIB__ -fstack-usage -specs=nano.specs -MMD -MP -MF"drivers/fsl_common.d" -MT"drivers/fsl_common.o" -MT"drivers/fsl_common.d" -o "drivers/fsl_common.o" "../drivers/fsl_common.c"
Finished building: ../startup/startup_lpc55s69_cm33_core0.c
 
Building file: ../drivers/fsl_common_arm.c
Invoking: MCU C Compiler
arm-none-eabi-gcc -std=gnu99 -DCPU_LPC55S69JBD100_cm33_core0 -DMCUXPRESSO_SDK -DCPU_LPC55S69JBD100 -DCPU_LPC55S69JBD100_cm33 -DSDK_DEBUGCONSOLE=1 -DCR_INTEGER_PRINTF -D__MCUXPRESSO -D__USE_CMSIS -DDEBUG -D__NEWLIB__ -I"C:\Temp\MKSVanek\MKS\lpcxpresso55s69_powerquad_benchmark_math\source" -I"C:\Temp\MKSVanek\MKS\lpcxpresso55s69_powerquad_benchmark_math\utilities" -I"C:\Temp\MKSVanek\MKS\lpcxpresso55s69_powerquad_benchmark_math\drivers" -I"C:\Temp\MKSVanek\MKS\lpcxpresso55s69_powerquad_benchmark_math\device" -I"C:\Temp\MKSVanek\MKS\lpcxpresso55s69_powerquad_benchmark_math\startup" -I"C:\Temp\MKSVanek\MKS\lpcxpresso55s69_powerquad_benchmark_math\component\uart" -I"C:\Temp\MKSVanek\MKS\lpcxpresso55s69_powerquad_benchmark_math\component\lists" -I"C:\Temp\MKSVanek\MKS\lpcxpresso55s69_powerquad_benchmark_math\CMSIS\DSP\Include" -I"C:\Temp\MKSVanek\MKS\lpcxpresso55s69_powerquad_benchmark_math\CMSIS\DSP\PrivateInclude" -I"C:\Temp\MKSVanek\MKS\lpcxpresso55s69_powerquad_benchmark_math\CMSIS" -I"C:\Temp\MKSVanek\MKS\lpcxpresso55s69_powerquad_benchmark_math\board" -O1 -fno-common -g3 -gdwarf-4 -mcpu=cortex-m33 -c -ffunction-sections -fdata-sections -fno-builtin -fmacro-prefix-map="../drivers/"= -mcpu=cortex-m33 -mfpu=fpv5-sp-d16 -mfloat-abi=hard -mthumb -D__NEWLIB__ -fstack-usage -specs=nano.specs -MMD -MP -MF"drivers/fsl_common_arm.d" -MT"drivers/fsl_common_arm.o" -MT"drivers/fsl_common_arm.d" -o "drivers/fsl_common_arm.o" "../drivers/fsl_common_arm.c"
Finished building: ../drivers/fsl_common.c
Finished building: ../source/powerquad_benchmark_math.c
 
 
Building file: ../drivers/fsl_flexcomm.c
Building file: ../drivers/fsl_gpio.c
Invoking: MCU C Compiler
Invoking: MCU C Compiler
arm-none-eabi-gcc -std=gnu99 -DCPU_LPC55S69JBD100_cm33_core0 -DMCUXPRESSO_SDK -DCPU_LPC55S69JBD100 -DCPU_LPC55S69JBD100_cm33 -DSDK_DEBUGCONSOLE=1 -DCR_INTEGER_PRINTF -D__MCUXPRESSO -D__USE_CMSIS -DDEBUG -D__NEWLIB__ -I"C:\Temp\MKSVanek\MKS\lpcxpresso55s69_powerquad_benchmark_math\source" -I"C:\Temp\MKSVanek\MKS\lpcxpresso55s69_powerquad_benchmark_math\utilities" -I"C:\Temp\MKSVanek\MKS\lpcxpresso55s69_powerquad_benchmark_math\drivers" -I"C:\Temp\MKSVanek\MKS\lpcxpresso55s69_powerquad_benchmark_math\device" -I"C:\Temp\MKSVanek\MKS\lpcxpresso55s69_powerquad_benchmark_math\startup" -I"C:\Temp\MKSVanek\MKS\lpcxpresso55s69_powerquad_benchmark_math\component\uart" -I"C:\Temp\MKSVanek\MKS\lpcxpresso55s69_powerquad_benchmark_math\component\lists" -I"C:\Temp\MKSVanek\MKS\lpcxpresso55s69_powerquad_benchmark_math\CMSIS\DSP\Include" -I"C:\Temp\MKSVanek\MKS\lpcxpresso55s69_powerquad_benchmark_math\CMSIS\DSP\PrivateInclude" -I"C:\Temp\MKSVanek\MKS\lpcxpresso55s69_powerquad_benchmark_math\CMSIS" -I"C:\Temp\MKSVanek\MKS\lpcxpresso55s69_powerquad_benchmark_math\board" -O1 -fno-common -g3 -gdwarf-4 -mcpu=cortex-m33 -c -ffunction-sections -fdata-sections -fno-builtin -fmacro-prefix-map="../drivers/"= -mcpu=cortex-m33 -mfpu=fpv5-sp-d16 -mfloat-abi=hard -mthumb -D__NEWLIB__ -fstack-usage -specs=nano.specs -MMD -MP -MF"drivers/fsl_gpio.d" -MT"drivers/fsl_gpio.o" -MT"drivers/fsl_gpio.d" -o "drivers/fsl_gpio.o" "../drivers/fsl_gpio.c"
arm-none-eabi-gcc -std=gnu99 -DCPU_LPC55S69JBD100_cm33_core0 -DMCUXPRESSO_SDK -DCPU_LPC55S69JBD100 -DCPU_LPC55S69JBD100_cm33 -DSDK_DEBUGCONSOLE=1 -DCR_INTEGER_PRINTF -D__MCUXPRESSO -D__USE_CMSIS -DDEBUG -D__NEWLIB__ -I"C:\Temp\MKSVanek\MKS\lpcxpresso55s69_powerquad_benchmark_math\source" -I"C:\Temp\MKSVanek\MKS\lpcxpresso55s69_powerquad_benchmark_math\utilities" -I"C:\Temp\MKSVanek\MKS\lpcxpresso55s69_powerquad_benchmark_math\drivers" -I"C:\Temp\MKSVanek\MKS\lpcxpresso55s69_powerquad_benchmark_math\device" -I"C:\Temp\MKSVanek\MKS\lpcxpresso55s69_powerquad_benchmark_math\startup" -I"C:\Temp\MKSVanek\MKS\lpcxpresso55s69_powerquad_benchmark_math\component\uart" -I"C:\Temp\MKSVanek\MKS\lpcxpresso55s69_powerquad_benchmark_math\component\lists" -I"C:\Temp\MKSVanek\MKS\lpcxpresso55s69_powerquad_benchmark_math\CMSIS\DSP\Include" -I"C:\Temp\MKSVanek\MKS\lpcxpresso55s69_powerquad_benchmark_math\CMSIS\DSP\PrivateInclude" -I"C:\Temp\MKSVanek\MKS\lpcxpresso55s69_powerquad_benchmark_math\CMSIS" -I"C:\Temp\MKSVanek\MKS\lpcxpresso55s69_powerquad_benchmark_math\board" -O1 -fno-common -g3 -gdwarf-4 -mcpu=cortex-m33 -c -ffunction-sections -fdata-sections -fno-builtin -fmacro-prefix-map="../drivers/"= -mcpu=cortex-m33 -mfpu=fpv5-sp-d16 -mfloat-abi=hard -mthumb -D__NEWLIB__ -fstack-usage -specs=nano.specs -MMD -MP -MF"drivers/fsl_flexcomm.d" -MT"drivers/fsl_flexcomm.o" -MT"drivers/fsl_flexcomm.d" -o "drivers/fsl_flexcomm.o" "../drivers/fsl_flexcomm.c"
Finished building: ../drivers/fsl_common_arm.c
 
Building file: ../drivers/fsl_inputmux.c
Finished building: ../drivers/fsl_clock.c
Invoking: MCU C Compiler
arm-none-eabi-gcc -std=gnu99 -DCPU_LPC55S69JBD100_cm33_core0 -DMCUXPRESSO_SDK -DCPU_LPC55S69JBD100 -DCPU_LPC55S69JBD100_cm33 -DSDK_DEBUGCONSOLE=1 -DCR_INTEGER_PRINTF -D__MCUXPRESSO -D__USE_CMSIS -DDEBUG -D__NEWLIB__ -I"C:\Temp\MKSVanek\MKS\lpcxpresso55s69_powerquad_benchmark_math\source" -I"C:\Temp\MKSVanek\MKS\lpcxpresso55s69_powerquad_benchmark_math\utilities" -I"C:\Temp\MKSVanek\MKS\lpcxpresso55s69_powerquad_benchmark_math\drivers" -I"C:\Temp\MKSVanek\MKS\lpcxpresso55s69_powerquad_benchmark_math\device" -I"C:\Temp\MKSVanek\MKS\lpcxpresso55s69_powerquad_benchmark_math\startup" -I"C:\Temp\MKSVanek\MKS\lpcxpresso55s69_powerquad_benchmark_math\component\uart" -I"C:\Temp\MKSVanek\MKS\lpcxpresso55s69_powerquad_benchmark_math\component\lists" -I"C:\Temp\MKSVanek\MKS\lpcxpresso55s69_powerquad_benchmark_math\CMSIS\DSP\Include" -I"C:\Temp\MKSVanek\MKS\lpcxpresso55s69_powerquad_benchmark_math\CMSIS\DSP\PrivateInclude" -I"C:\Temp\MKSVanek\MKS\lpcxpresso55s69_powerquad_benchmark_math\CMSIS" -I"C:\Temp\MKSVanek\MKS\lpcxpresso55s69_powerquad_benchmark_math\board" -O1 -fno-common -g3 -gdwarf-4 -mcpu=cortex-m33 -c -ffunction-sections -fdata-sections -fno-builtin -fmacro-prefix-map="../drivers/"= -mcpu=cortex-m33 -mfpu=fpv5-sp-d16 -mfloat-abi=hard -mthumb -D__NEWLIB__ -fstack-usage -specs=nano.specs -MMD -MP -MF"drivers/fsl_inputmux.d" -MT"drivers/fsl_inputmux.o" -MT"drivers/fsl_inputmux.d" -o "drivers/fsl_inputmux.o" "../drivers/fsl_inputmux.c"
 
Building file: ../drivers/fsl_power.c
Invoking: MCU C Compiler
arm-none-eabi-gcc -std=gnu99 -DCPU_LPC55S69JBD100_cm33_core0 -DMCUXPRESSO_SDK -DCPU_LPC55S69JBD100 -DCPU_LPC55S69JBD100_cm33 -DSDK_DEBUGCONSOLE=1 -DCR_INTEGER_PRINTF -D__MCUXPRESSO -D__USE_CMSIS -DDEBUG -D__NEWLIB__ -I"C:\Temp\MKSVanek\MKS\lpcxpresso55s69_powerquad_benchmark_math\source" -I"C:\Temp\MKSVanek\MKS\lpcxpresso55s69_powerquad_benchmark_math\utilities" -I"C:\Temp\MKSVanek\MKS\lpcxpresso55s69_powerquad_benchmark_math\drivers" -I"C:\Temp\MKSVanek\MKS\lpcxpresso55s69_powerquad_benchmark_math\device" -I"C:\Temp\MKSVanek\MKS\lpcxpresso55s69_powerquad_benchmark_math\startup" -I"C:\Temp\MKSVanek\MKS\lpcxpresso55s69_powerquad_benchmark_math\component\uart" -I"C:\Temp\MKSVanek\MKS\lpcxpresso55s69_powerquad_benchmark_math\component\lists" -I"C:\Temp\MKSVanek\MKS\lpcxpresso55s69_powerquad_benchmark_math\CMSIS\DSP\Include" -I"C:\Temp\MKSVanek\MKS\lpcxpresso55s69_powerquad_benchmark_math\CMSIS\DSP\PrivateInclude" -I"C:\Temp\MKSVanek\MKS\lpcxpresso55s69_powerquad_benchmark_math\CMSIS" -I"C:\Temp\MKSVanek\MKS\lpcxpresso55s69_powerquad_benchmark_math\board" -O1 -fno-common -g3 -gdwarf-4 -mcpu=cortex-m33 -c -ffunction-sections -fdata-sections -fno-builtin -fmacro-prefix-map="../drivers/"= -mcpu=cortex-m33 -mfpu=fpv5-sp-d16 -mfloat-abi=hard -mthumb -D__NEWLIB__ -fstack-usage -specs=nano.specs -MMD -MP -MF"drivers/fsl_power.d" -MT"drivers/fsl_power.o" -MT"drivers/fsl_power.d" -o "drivers/fsl_power.o" "../drivers/fsl_power.c"
Finished building: ../drivers/fsl_gpio.c
Finished building: ../drivers/fsl_flexcomm.c
 
 
Building file: ../drivers/fsl_powerquad_basic.c
Building file: ../drivers/fsl_powerquad_cmsis.c
Invoking: MCU C Compiler
arm-none-eabi-gcc -std=gnu99 -DCPU_LPC55S69JBD100_cm33_core0 -DMCUXPRESSO_SDK -DCPU_LPC55S69JBD100 -DCPU_LPC55S69JBD100_cm33 -DSDK_DEBUGCONSOLE=1 -DCR_INTEGER_PRINTF -D__MCUXPRESSO -D__USE_CMSIS -DDEBUG -D__NEWLIB__ -I"C:\Temp\MKSVanek\MKS\lpcxpresso55s69_powerquad_benchmark_math\source" -I"C:\Temp\MKSVanek\MKS\lpcxpresso55s69_powerquad_benchmark_math\utilities" -I"C:\Temp\MKSVanek\MKS\lpcxpresso55s69_powerquad_benchmark_math\drivers" -I"C:\Temp\MKSVanek\MKS\lpcxpresso55s69_powerquad_benchmark_math\device" -I"C:\Temp\MKSVanek\MKS\lpcxpresso55s69_powerquad_benchmark_math\startup" -I"C:\Temp\MKSVanek\MKS\lpcxpresso55s69_powerquad_benchmark_math\component\uart" -I"C:\Temp\MKSVanek\MKS\lpcxpresso55s69_powerquad_benchmark_math\component\lists" -I"C:\Temp\MKSVanek\MKS\lpcxpresso55s69_powerquad_benchmark_math\CMSIS\DSP\Include" -I"C:\Temp\MKSVanek\MKS\lpcxpresso55s69_powerquad_benchmark_math\CMSIS\DSP\PrivateInclude" -I"C:\Temp\MKSVanek\MKS\lpcxpresso55s69_powerquad_benchmark_math\CMSIS" -I"C:\Temp\MKSVanek\MKS\lpcxpresso55s69_powerquad_benchmark_math\board" -O1 -fno-common -g3 -gdwarf-4 -mcpu=cortex-m33 -c -ffunction-sections -fdata-sections -fno-builtin -fmacro-prefix-map="../drivers/"= -mcpu=cortex-m33 -mfpu=fpv5-sp-d16 -mfloat-abi=hard -mthumb -D__NEWLIB__ -fstack-usage -specs=nano.specs -MMD -MP -MF"drivers/fsl_powerquad_basic.d" -MT"drivers/fsl_powerquad_basic.o" -MT"drivers/fsl_powerquad_basic.d" -o "drivers/fsl_powerquad_basic.o" "../drivers/fsl_powerquad_basic.c"
Invoking: MCU C Compiler
arm-none-eabi-gcc -std=gnu99 -DCPU_LPC55S69JBD100_cm33_core0 -DMCUXPRESSO_SDK -DCPU_LPC55S69JBD100 -DCPU_LPC55S69JBD100_cm33 -DSDK_DEBUGCONSOLE=1 -DCR_INTEGER_PRINTF -D__MCUXPRESSO -D__USE_CMSIS -DDEBUG -D__NEWLIB__ -I"C:\Temp\MKSVanek\MKS\lpcxpresso55s69_powerquad_benchmark_math\source" -I"C:\Temp\MKSVanek\MKS\lpcxpresso55s69_powerquad_benchmark_math\utilities" -I"C:\Temp\MKSVanek\MKS\lpcxpresso55s69_powerquad_benchmark_math\drivers" -I"C:\Temp\MKSVanek\MKS\lpcxpresso55s69_powerquad_benchmark_math\device" -I"C:\Temp\MKSVanek\MKS\lpcxpresso55s69_powerquad_benchmark_math\startup" -I"C:\Temp\MKSVanek\MKS\lpcxpresso55s69_powerquad_benchmark_math\component\uart" -I"C:\Temp\MKSVanek\MKS\lpcxpresso55s69_powerquad_benchmark_math\component\lists" -I"C:\Temp\MKSVanek\MKS\lpcxpresso55s69_powerquad_benchmark_math\CMSIS\DSP\Include" -I"C:\Temp\MKSVanek\MKS\lpcxpresso55s69_powerquad_benchmark_math\CMSIS\DSP\PrivateInclude" -I"C:\Temp\MKSVanek\MKS\lpcxpresso55s69_powerquad_benchmark_math\CMSIS" -I"C:\Temp\MKSVanek\MKS\lpcxpresso55s69_powerquad_benchmark_math\board" -O1 -fno-common -g3 -gdwarf-4 -mcpu=cortex-m33 -c -ffunction-sections -fdata-sections -fno-builtin -fmacro-prefix-map="../drivers/"= -mcpu=cortex-m33 -mfpu=fpv5-sp-d16 -mfloat-abi=hard -mthumb -D__NEWLIB__ -fstack-usage -specs=nano.specs -MMD -MP -MF"drivers/fsl_powerquad_cmsis.d" -MT"drivers/fsl_powerquad_cmsis.o" -MT"drivers/fsl_powerquad_cmsis.d" -o "drivers/fsl_powerquad_cmsis.o" "../drivers/fsl_powerquad_cmsis.c"
Finished building: ../drivers/fsl_inputmux.c
 
Building file: ../drivers/fsl_powerquad_data.c
Invoking: MCU C Compiler
arm-none-eabi-gcc -std=gnu99 -DCPU_LPC55S69JBD100_cm33_core0 -DMCUXPRESSO_SDK -DCPU_LPC55S69JBD100 -DCPU_LPC55S69JBD100_cm33 -DSDK_DEBUGCONSOLE=1 -DCR_INTEGER_PRINTF -D__MCUXPRESSO -D__USE_CMSIS -DDEBUG -D__NEWLIB__ -I"C:\Temp\MKSVanek\MKS\lpcxpresso55s69_powerquad_benchmark_math\source" -I"C:\Temp\MKSVanek\MKS\lpcxpresso55s69_powerquad_benchmark_math\utilities" -I"C:\Temp\MKSVanek\MKS\lpcxpresso55s69_powerquad_benchmark_math\drivers" -I"C:\Temp\MKSVanek\MKS\lpcxpresso55s69_powerquad_benchmark_math\device" -I"C:\Temp\MKSVanek\MKS\lpcxpresso55s69_powerquad_benchmark_math\startup" -I"C:\Temp\MKSVanek\MKS\lpcxpresso55s69_powerquad_benchmark_math\component\uart" -I"C:\Temp\MKSVanek\MKS\lpcxpresso55s69_powerquad_benchmark_math\component\lists" -I"C:\Temp\MKSVanek\MKS\lpcxpresso55s69_powerquad_benchmark_math\CMSIS\DSP\Include" -I"C:\Temp\MKSVanek\MKS\lpcxpresso55s69_powerquad_benchmark_math\CMSIS\DSP\PrivateInclude" -I"C:\Temp\MKSVanek\MKS\lpcxpresso55s69_powerquad_benchmark_math\CMSIS" -I"C:\Temp\MKSVanek\MKS\lpcxpresso55s69_powerquad_benchmark_math\board" -O1 -fno-common -g3 -gdwarf-4 -mcpu=cortex-m33 -c -ffunction-sections -fdata-sections -fno-builtin -fmacro-prefix-map="../drivers/"= -mcpu=cortex-m33 -mfpu=fpv5-sp-d16 -mfloat-abi=hard -mthumb -D__NEWLIB__ -fstack-usage -specs=nano.specs -MMD -MP -MF"drivers/fsl_powerquad_data.d" -MT"drivers/fsl_powerquad_data.o" -MT"drivers/fsl_powerquad_data.d" -o "drivers/fsl_powerquad_data.o" "../drivers/fsl_powerquad_data.c"
Finished building: ../drivers/fsl_power.c
 
Building file: ../drivers/fsl_powerquad_filter.c
Invoking: MCU C Compiler
arm-none-eabi-gcc -std=gnu99 -DCPU_LPC55S69JBD100_cm33_core0 -DMCUXPRESSO_SDK -DCPU_LPC55S69JBD100 -DCPU_LPC55S69JBD100_cm33 -DSDK_DEBUGCONSOLE=1 -DCR_INTEGER_PRINTF -D__MCUXPRESSO -D__USE_CMSIS -DDEBUG -D__NEWLIB__ -I"C:\Temp\MKSVanek\MKS\lpcxpresso55s69_powerquad_benchmark_math\source" -I"C:\Temp\MKSVanek\MKS\lpcxpresso55s69_powerquad_benchmark_math\utilities" -I"C:\Temp\MKSVanek\MKS\lpcxpresso55s69_powerquad_benchmark_math\drivers" -I"C:\Temp\MKSVanek\MKS\lpcxpresso55s69_powerquad_benchmark_math\device" -I"C:\Temp\MKSVanek\MKS\lpcxpresso55s69_powerquad_benchmark_math\startup" -I"C:\Temp\MKSVanek\MKS\lpcxpresso55s69_powerquad_benchmark_math\component\uart" -I"C:\Temp\MKSVanek\MKS\lpcxpresso55s69_powerquad_benchmark_math\component\lists" -I"C:\Temp\MKSVanek\MKS\lpcxpresso55s69_powerquad_benchmark_math\CMSIS\DSP\Include" -I"C:\Temp\MKSVanek\MKS\lpcxpresso55s69_powerquad_benchmark_math\CMSIS\DSP\PrivateInclude" -I"C:\Temp\MKSVanek\MKS\lpcxpresso55s69_powerquad_benchmark_math\CMSIS" -I"C:\Temp\MKSVanek\MKS\lpcxpresso55s69_powerquad_benchmark_math\board" -O1 -fno-common -g3 -gdwarf-4 -mcpu=cortex-m33 -c -ffunction-sections -fdata-sections -fno-builtin -fmacro-prefix-map="../drivers/"= -mcpu=cortex-m33 -mfpu=fpv5-sp-d16 -mfloat-abi=hard -mthumb -D__NEWLIB__ -fstack-usage -specs=nano.specs -MMD -MP -MF"drivers/fsl_powerquad_filter.d" -MT"drivers/fsl_powerquad_filter.o" -MT"drivers/fsl_powerquad_filter.d" -o "drivers/fsl_powerquad_filter.o" "../drivers/fsl_powerquad_filter.c"
Finished building: ../drivers/fsl_powerquad_basic.c
 
Finished building: ../drivers/fsl_powerquad_data.c
 
Building file: ../drivers/fsl_powerquad_math.c
Building file: ../drivers/fsl_powerquad_matrix.c
Invoking: MCU C Compiler
arm-none-eabi-gcc -std=gnu99 -DCPU_LPC55S69JBD100_cm33_core0 -DMCUXPRESSO_SDK -DCPU_LPC55S69JBD100 -DCPU_LPC55S69JBD100_cm33 -DSDK_DEBUGCONSOLE=1 -DCR_INTEGER_PRINTF -D__MCUXPRESSO -D__USE_CMSIS -DDEBUG -D__NEWLIB__ -I"C:\Temp\MKSVanek\MKS\lpcxpresso55s69_powerquad_benchmark_math\source" -I"C:\Temp\MKSVanek\MKS\lpcxpresso55s69_powerquad_benchmark_math\utilities" -I"C:\Temp\MKSVanek\MKS\lpcxpresso55s69_powerquad_benchmark_math\drivers" -I"C:\Temp\MKSVanek\MKS\lpcxpresso55s69_powerquad_benchmark_math\device" -I"C:\Temp\MKSVanek\MKS\lpcxpresso55s69_powerquad_benchmark_math\startup" -I"C:\Temp\MKSVanek\MKS\lpcxpresso55s69_powerquad_benchmark_math\component\uart" -I"C:\Temp\MKSVanek\MKS\lpcxpresso55s69_powerquad_benchmark_math\component\lists" -I"C:\Temp\MKSVanek\MKS\lpcxpresso55s69_powerquad_benchmark_math\CMSIS\DSP\Include" -I"C:\Temp\MKSVanek\MKS\lpcxpresso55s69_powerquad_benchmark_math\CMSIS\DSP\PrivateInclude" -I"C:\Temp\MKSVanek\MKS\lpcxpresso55s69_powerquad_benchmark_math\CMSIS" -I"C:\Temp\MKSVanek\MKS\lpcxpresso55s69_powerquad_benchmark_math\board" -O1 -fno-common -g3 -gdwarf-4 -mcpu=cortex-m33 -c -ffunction-sections -fdata-sections -fno-builtin -fmacro-prefix-map="../drivers/"= -mcpu=cortex-m33 -mfpu=fpv5-sp-d16 -mfloat-abi=hard -mthumb -D__NEWLIB__ -fstack-usage -specs=nano.specs -MMD -MP -MF"drivers/fsl_powerquad_math.d" -MT"drivers/fsl_powerquad_math.o" -MT"drivers/fsl_powerquad_math.d" -o "drivers/fsl_powerquad_math.o" "../drivers/fsl_powerquad_math.c"
Invoking: MCU C Compiler
arm-none-eabi-gcc -std=gnu99 -DCPU_LPC55S69JBD100_cm33_core0 -DMCUXPRESSO_SDK -DCPU_LPC55S69JBD100 -DCPU_LPC55S69JBD100_cm33 -DSDK_DEBUGCONSOLE=1 -DCR_INTEGER_PRINTF -D__MCUXPRESSO -D__USE_CMSIS -DDEBUG -D__NEWLIB__ -I"C:\Temp\MKSVanek\MKS\lpcxpresso55s69_powerquad_benchmark_math\source" -I"C:\Temp\MKSVanek\MKS\lpcxpresso55s69_powerquad_benchmark_math\utilities" -I"C:\Temp\MKSVanek\MKS\lpcxpresso55s69_powerquad_benchmark_math\drivers" -I"C:\Temp\MKSVanek\MKS\lpcxpresso55s69_powerquad_benchmark_math\device" -I"C:\Temp\MKSVanek\MKS\lpcxpresso55s69_powerquad_benchmark_math\startup" -I"C:\Temp\MKSVanek\MKS\lpcxpresso55s69_powerquad_benchmark_math\component\uart" -I"C:\Temp\MKSVanek\MKS\lpcxpresso55s69_powerquad_benchmark_math\component\lists" -I"C:\Temp\MKSVanek\MKS\lpcxpresso55s69_powerquad_benchmark_math\CMSIS\DSP\Include" -I"C:\Temp\MKSVanek\MKS\lpcxpresso55s69_powerquad_benchmark_math\CMSIS\DSP\PrivateInclude" -I"C:\Temp\MKSVanek\MKS\lpcxpresso55s69_powerquad_benchmark_math\CMSIS" -I"C:\Temp\MKSVanek\MKS\lpcxpresso55s69_powerquad_benchmark_math\board" -O1 -fno-common -g3 -gdwarf-4 -mcpu=cortex-m33 -c -ffunction-sections -fdata-sections -fno-builtin -fmacro-prefix-map="../drivers/"= -mcpu=cortex-m33 -mfpu=fpv5-sp-d16 -mfloat-abi=hard -mthumb -D__NEWLIB__ -fstack-usage -specs=nano.specs -MMD -MP -MF"drivers/fsl_powerquad_matrix.d" -MT"drivers/fsl_powerquad_matrix.o" -MT"drivers/fsl_powerquad_matrix.d" -o "drivers/fsl_powerquad_matrix.o" "../drivers/fsl_powerquad_matrix.c"
Finished building: ../drivers/fsl_powerquad_cmsis.c
 
Building file: ../drivers/fsl_powerquad_transform.c
Finished building: ../drivers/fsl_powerquad_filter.c
Invoking: MCU C Compiler
 
arm-none-eabi-gcc -std=gnu99 -DCPU_LPC55S69JBD100_cm33_core0 -DMCUXPRESSO_SDK -DCPU_LPC55S69JBD100 -DCPU_LPC55S69JBD100_cm33 -DSDK_DEBUGCONSOLE=1 -DCR_INTEGER_PRINTF -D__MCUXPRESSO -D__USE_CMSIS -DDEBUG -D__NEWLIB__ -I"C:\Temp\MKSVanek\MKS\lpcxpresso55s69_powerquad_benchmark_math\source" -I"C:\Temp\MKSVanek\MKS\lpcxpresso55s69_powerquad_benchmark_math\utilities" -I"C:\Temp\MKSVanek\MKS\lpcxpresso55s69_powerquad_benchmark_math\drivers" -I"C:\Temp\MKSVanek\MKS\lpcxpresso55s69_powerquad_benchmark_math\device" -I"C:\Temp\MKSVanek\MKS\lpcxpresso55s69_powerquad_benchmark_math\startup" -I"C:\Temp\MKSVanek\MKS\lpcxpresso55s69_powerquad_benchmark_math\component\uart" -I"C:\Temp\MKSVanek\MKS\lpcxpresso55s69_powerquad_benchmark_math\component\lists" -I"C:\Temp\MKSVanek\MKS\lpcxpresso55s69_powerquad_benchmark_math\CMSIS\DSP\Include" -I"C:\Temp\MKSVanek\MKS\lpcxpresso55s69_powerquad_benchmark_math\CMSIS\DSP\PrivateInclude" -I"C:\Temp\MKSVanek\MKS\lpcxpresso55s69_powerquad_benchmark_math\CMSIS" -I"C:\Temp\MKSVanek\MKS\lpcxpresso55s69_powerquad_benchmark_math\board" -O1 -fno-common -g3 -gdwarf-4 -mcpu=cortex-m33 -c -ffunction-sections -fdata-sections -fno-builtin -fmacro-prefix-map="../drivers/"= -mcpu=cortex-m33 -mfpu=fpv5-sp-d16 -mfloat-abi=hard -mthumb -D__NEWLIB__ -fstack-usage -specs=nano.specs -MMD -MP -MF"drivers/fsl_powerquad_transform.d" -MT"drivers/fsl_powerquad_transform.o" -MT"drivers/fsl_powerquad_transform.d" -o "drivers/fsl_powerquad_transform.o" "../drivers/fsl_powerquad_transform.c"
Building file: ../drivers/fsl_reset.c
Finished building: ../drivers/fsl_powerquad_matrix.c
Invoking: MCU C Compiler
arm-none-eabi-gcc -std=gnu99 -DCPU_LPC55S69JBD100_cm33_core0 -DMCUXPRESSO_SDK -DCPU_LPC55S69JBD100 -DCPU_LPC55S69JBD100_cm33 -DSDK_DEBUGCONSOLE=1 -DCR_INTEGER_PRINTF -D__MCUXPRESSO -D__USE_CMSIS -DDEBUG -D__NEWLIB__ -I"C:\Temp\MKSVanek\MKS\lpcxpresso55s69_powerquad_benchmark_math\source" -I"C:\Temp\MKSVanek\MKS\lpcxpresso55s69_powerquad_benchmark_math\utilities" -I"C:\Temp\MKSVanek\MKS\lpcxpresso55s69_powerquad_benchmark_math\drivers" -I"C:\Temp\MKSVanek\MKS\lpcxpresso55s69_powerquad_benchmark_math\device" -I"C:\Temp\MKSVanek\MKS\lpcxpresso55s69_powerquad_benchmark_math\startup" -I"C:\Temp\MKSVanek\MKS\lpcxpresso55s69_powerquad_benchmark_math\component\uart" -I"C:\Temp\MKSVanek\MKS\lpcxpresso55s69_powerquad_benchmark_math\component\lists" -I"C:\Temp\MKSVanek\MKS\lpcxpresso55s69_powerquad_benchmark_math\CMSIS\DSP\Include" -I"C:\Temp\MKSVanek\MKS\lpcxpresso55s69_powerquad_benchmark_math\CMSIS\DSP\PrivateInclude" -I"C:\Temp\MKSVanek\MKS\lpcxpresso55s69_powerquad_benchmark_math\CMSIS" -I"C:\Temp\MKSVanek\MKS\lpcxpresso55s69_powerquad_benchmark_math\board" -O1 -fno-common -g3 -gdwarf-4 -mcpu=cortex-m33 -c -ffunction-sections -fdata-sections -fno-builtin -fmacro-prefix-map="../drivers/"= -mcpu=cortex-m33 -mfpu=fpv5-sp-d16 -mfloat-abi=hard -mthumb -D__NEWLIB__ -fstack-usage -specs=nano.specs -MMD -MP -MF"drivers/fsl_reset.d" -MT"drivers/fsl_reset.o" -MT"drivers/fsl_reset.d" -o "drivers/fsl_reset.o" "../drivers/fsl_reset.c"
 
Building file: ../drivers/fsl_usart.c
Invoking: MCU C Compiler
arm-none-eabi-gcc -std=gnu99 -DCPU_LPC55S69JBD100_cm33_core0 -DMCUXPRESSO_SDK -DCPU_LPC55S69JBD100 -DCPU_LPC55S69JBD100_cm33 -DSDK_DEBUGCONSOLE=1 -DCR_INTEGER_PRINTF -D__MCUXPRESSO -D__USE_CMSIS -DDEBUG -D__NEWLIB__ -I"C:\Temp\MKSVanek\MKS\lpcxpresso55s69_powerquad_benchmark_math\source" -I"C:\Temp\MKSVanek\MKS\lpcxpresso55s69_powerquad_benchmark_math\utilities" -I"C:\Temp\MKSVanek\MKS\lpcxpresso55s69_powerquad_benchmark_math\drivers" -I"C:\Temp\MKSVanek\MKS\lpcxpresso55s69_powerquad_benchmark_math\device" -I"C:\Temp\MKSVanek\MKS\lpcxpresso55s69_powerquad_benchmark_math\startup" -I"C:\Temp\MKSVanek\MKS\lpcxpresso55s69_powerquad_benchmark_math\component\uart" -I"C:\Temp\MKSVanek\MKS\lpcxpresso55s69_powerquad_benchmark_math\component\lists" -I"C:\Temp\MKSVanek\MKS\lpcxpresso55s69_powerquad_benchmark_math\CMSIS\DSP\Include" -I"C:\Temp\MKSVanek\MKS\lpcxpresso55s69_powerquad_benchmark_math\CMSIS\DSP\PrivateInclude" -I"C:\Temp\MKSVanek\MKS\lpcxpresso55s69_powerquad_benchmark_math\CMSIS" -I"C:\Temp\MKSVanek\MKS\lpcxpresso55s69_powerquad_benchmark_math\board" -O1 -fno-common -g3 -gdwarf-4 -mcpu=cortex-m33 -c -ffunction-sections -fdata-sections -fno-builtin -fmacro-prefix-map="../drivers/"= -mcpu=cortex-m33 -mfpu=fpv5-sp-d16 -mfloat-abi=hard -mthumb -D__NEWLIB__ -fstack-usage -specs=nano.specs -MMD -MP -MF"drivers/fsl_usart.d" -MT"drivers/fsl_usart.o" -MT"drivers/fsl_usart.d" -o "drivers/fsl_usart.o" "../drivers/fsl_usart.c"
Finished building: ../drivers/fsl_powerquad_math.c
 
Building file: ../device/system_LPC55S69_cm33_core0.c
Invoking: MCU C Compiler
arm-none-eabi-gcc -std=gnu99 -DCPU_LPC55S69JBD100_cm33_core0 -DMCUXPRESSO_SDK -DCPU_LPC55S69JBD100 -DCPU_LPC55S69JBD100_cm33 -DSDK_DEBUGCONSOLE=1 -DCR_INTEGER_PRINTF -D__MCUXPRESSO -D__USE_CMSIS -DDEBUG -D__NEWLIB__ -I"C:\Temp\MKSVanek\MKS\lpcxpresso55s69_powerquad_benchmark_math\source" -I"C:\Temp\MKSVanek\MKS\lpcxpresso55s69_powerquad_benchmark_math\utilities" -I"C:\Temp\MKSVanek\MKS\lpcxpresso55s69_powerquad_benchmark_math\drivers" -I"C:\Temp\MKSVanek\MKS\lpcxpresso55s69_powerquad_benchmark_math\device" -I"C:\Temp\MKSVanek\MKS\lpcxpresso55s69_powerquad_benchmark_math\startup" -I"C:\Temp\MKSVanek\MKS\lpcxpresso55s69_powerquad_benchmark_math\component\uart" -I"C:\Temp\MKSVanek\MKS\lpcxpresso55s69_powerquad_benchmark_math\component\lists" -I"C:\Temp\MKSVanek\MKS\lpcxpresso55s69_powerquad_benchmark_math\CMSIS\DSP\Include" -I"C:\Temp\MKSVanek\MKS\lpcxpresso55s69_powerquad_benchmark_math\CMSIS\DSP\PrivateInclude" -I"C:\Temp\MKSVanek\MKS\lpcxpresso55s69_powerquad_benchmark_math\CMSIS" -I"C:\Temp\MKSVanek\MKS\lpcxpresso55s69_powerquad_benchmark_math\board" -O1 -fno-common -g3 -gdwarf-4 -mcpu=cortex-m33 -c -ffunction-sections -fdata-sections -fno-builtin -fmacro-prefix-map="../device/"= -mcpu=cortex-m33 -mfpu=fpv5-sp-d16 -mfloat-abi=hard -mthumb -D__NEWLIB__ -fstack-usage -specs=nano.specs -MMD -MP -MF"device/system_LPC55S69_cm33_core0.d" -MT"device/system_LPC55S69_cm33_core0.o" -MT"device/system_LPC55S69_cm33_core0.d" -o "device/system_LPC55S69_cm33_core0.o" "../device/system_LPC55S69_cm33_core0.c"
Finished building: ../drivers/fsl_powerquad_transform.c
 
Finished building: ../drivers/fsl_reset.c
Building file: ../component/uart/fsl_adapter_usart.c
 
Invoking: MCU C Compiler
arm-none-eabi-gcc -std=gnu99 -DCPU_LPC55S69JBD100_cm33_core0 -DMCUXPRESSO_SDK -DCPU_LPC55S69JBD100 -DCPU_LPC55S69JBD100_cm33 -DSDK_DEBUGCONSOLE=1 -DCR_INTEGER_PRINTF -D__MCUXPRESSO -D__USE_CMSIS -DDEBUG -D__NEWLIB__ -I"C:\Temp\MKSVanek\MKS\lpcxpresso55s69_powerquad_benchmark_math\source" -I"C:\Temp\MKSVanek\MKS\lpcxpresso55s69_powerquad_benchmark_math\utilities" -I"C:\Temp\MKSVanek\MKS\lpcxpresso55s69_powerquad_benchmark_math\drivers" -I"C:\Temp\MKSVanek\MKS\lpcxpresso55s69_powerquad_benchmark_math\device" -I"C:\Temp\MKSVanek\MKS\lpcxpresso55s69_powerquad_benchmark_math\startup" -I"C:\Temp\MKSVanek\MKS\lpcxpresso55s69_powerquad_benchmark_math\component\uart" -I"C:\Temp\MKSVanek\MKS\lpcxpresso55s69_powerquad_benchmark_math\component\lists" -I"C:\Temp\MKSVanek\MKS\lpcxpresso55s69_powerquad_benchmark_math\CMSIS\DSP\Include" -I"C:\Temp\MKSVanek\MKS\lpcxpresso55s69_powerquad_benchmark_math\CMSIS\DSP\PrivateInclude" -I"C:\Temp\MKSVanek\MKS\lpcxpresso55s69_powerquad_benchmark_math\CMSIS" -I"C:\Temp\MKSVanek\MKS\lpcxpresso55s69_powerquad_benchmark_math\board" -O1 -fno-common -g3 -gdwarf-4 -mcpu=cortex-m33 -c -ffunction-sections -fdata-sections -fno-builtin -fmacro-prefix-map="../component/uart/"= -mcpu=cortex-m33 -mfpu=fpv5-sp-d16 -mfloat-abi=hard -mthumb -D__NEWLIB__ -fstack-usage -specs=nano.specs -MMD -MP -MF"component/uart/fsl_adapter_usart.d" -MT"component/uart/fsl_adapter_usart.o" -MT"component/uart/fsl_adapter_usart.d" -o "component/uart/fsl_adapter_usart.o" "../component/uart/fsl_adapter_usart.c"
Building file: ../component/lists/fsl_component_generic_list.c
Invoking: MCU C Compiler
arm-none-eabi-gcc -std=gnu99 -DCPU_LPC55S69JBD100_cm33_core0 -DMCUXPRESSO_SDK -DCPU_LPC55S69JBD100 -DCPU_LPC55S69JBD100_cm33 -DSDK_DEBUGCONSOLE=1 -DCR_INTEGER_PRINTF -D__MCUXPRESSO -D__USE_CMSIS -DDEBUG -D__NEWLIB__ -I"C:\Temp\MKSVanek\MKS\lpcxpresso55s69_powerquad_benchmark_math\source" -I"C:\Temp\MKSVanek\MKS\lpcxpresso55s69_powerquad_benchmark_math\utilities" -I"C:\Temp\MKSVanek\MKS\lpcxpresso55s69_powerquad_benchmark_math\drivers" -I"C:\Temp\MKSVanek\MKS\lpcxpresso55s69_powerquad_benchmark_math\device" -I"C:\Temp\MKSVanek\MKS\lpcxpresso55s69_powerquad_benchmark_math\startup" -I"C:\Temp\MKSVanek\MKS\lpcxpresso55s69_powerquad_benchmark_math\component\uart" -I"C:\Temp\MKSVanek\MKS\lpcxpresso55s69_powerquad_benchmark_math\component\lists" -I"C:\Temp\MKSVanek\MKS\lpcxpresso55s69_powerquad_benchmark_math\CMSIS\DSP\Include" -I"C:\Temp\MKSVanek\MKS\lpcxpresso55s69_powerquad_benchmark_math\CMSIS\DSP\PrivateInclude" -I"C:\Temp\MKSVanek\MKS\lpcxpresso55s69_powerquad_benchmark_math\CMSIS" -I"C:\Temp\MKSVanek\MKS\lpcxpresso55s69_powerquad_benchmark_math\board" -O1 -fno-common -g3 -gdwarf-4 -mcpu=cortex-m33 -c -ffunction-sections -fdata-sections -fno-builtin -fmacro-prefix-map="../component/lists/"= -mcpu=cortex-m33 -mfpu=fpv5-sp-d16 -mfloat-abi=hard -mthumb -D__NEWLIB__ -fstack-usage -specs=nano.specs -MMD -MP -MF"component/lists/fsl_component_generic_list.d" -MT"component/lists/fsl_component_generic_list.o" -MT"component/lists/fsl_component_generic_list.d" -o "component/lists/fsl_component_generic_list.o" "../component/lists/fsl_component_generic_list.c"
Finished building: ../device/system_LPC55S69_cm33_core0.c
Finished building: ../drivers/fsl_usart.c
 
 
Building file: ../board/board.c
Building file: ../board/clock_config.c
Invoking: MCU C Compiler
arm-none-eabi-gcc -std=gnu99 -DCPU_LPC55S69JBD100_cm33_core0 -DMCUXPRESSO_SDK -DCPU_LPC55S69JBD100 -DCPU_LPC55S69JBD100_cm33 -DSDK_DEBUGCONSOLE=1 -DCR_INTEGER_PRINTF -D__MCUXPRESSO -D__USE_CMSIS -DDEBUG -D__NEWLIB__ -I"C:\Temp\MKSVanek\MKS\lpcxpresso55s69_powerquad_benchmark_math\source" -I"C:\Temp\MKSVanek\MKS\lpcxpresso55s69_powerquad_benchmark_math\utilities" -I"C:\Temp\MKSVanek\MKS\lpcxpresso55s69_powerquad_benchmark_math\drivers" -I"C:\Temp\MKSVanek\MKS\lpcxpresso55s69_powerquad_benchmark_math\device" -I"C:\Temp\MKSVanek\MKS\lpcxpresso55s69_powerquad_benchmark_math\startup" -I"C:\Temp\MKSVanek\MKS\lpcxpresso55s69_powerquad_benchmark_math\component\uart" -I"C:\Temp\MKSVanek\MKS\lpcxpresso55s69_powerquad_benchmark_math\component\lists" -I"C:\Temp\MKSVanek\MKS\lpcxpresso55s69_powerquad_benchmark_math\CMSIS\DSP\Include" -I"C:\Temp\MKSVanek\MKS\lpcxpresso55s69_powerquad_benchmark_math\CMSIS\DSP\PrivateInclude" -I"C:\Temp\MKSVanek\MKS\lpcxpresso55s69_powerquad_benchmark_math\CMSIS" -I"C:\Temp\MKSVanek\MKS\lpcxpresso55s69_powerquad_benchmark_math\board" -O1 -fno-common -g3 -gdwarf-4 -mcpu=cortex-m33 -c -ffunction-sections -fdata-sections -fno-builtin -fmacro-prefix-map="../board/"= -mcpu=cortex-m33 -mfpu=fpv5-sp-d16 -mfloat-abi=hard -mthumb -D__NEWLIB__ -fstack-usage -specs=nano.specs -MMD -MP -MF"board/board.d" -MT"board/board.o" -MT"board/board.d" -o "board/board.o" "../board/board.c"
Invoking: MCU C Compiler
arm-none-eabi-gcc -std=gnu99 -DCPU_LPC55S69JBD100_cm33_core0 -DMCUXPRESSO_SDK -DCPU_LPC55S69JBD100 -DCPU_LPC55S69JBD100_cm33 -DSDK_DEBUGCONSOLE=1 -DCR_INTEGER_PRINTF -D__MCUXPRESSO -D__USE_CMSIS -DDEBUG -D__NEWLIB__ -I"C:\Temp\MKSVanek\MKS\lpcxpresso55s69_powerquad_benchmark_math\source" -I"C:\Temp\MKSVanek\MKS\lpcxpresso55s69_powerquad_benchmark_math\utilities" -I"C:\Temp\MKSVanek\MKS\lpcxpresso55s69_powerquad_benchmark_math\drivers" -I"C:\Temp\MKSVanek\MKS\lpcxpresso55s69_powerquad_benchmark_math\device" -I"C:\Temp\MKSVanek\MKS\lpcxpresso55s69_powerquad_benchmark_math\startup" -I"C:\Temp\MKSVanek\MKS\lpcxpresso55s69_powerquad_benchmark_math\component\uart" -I"C:\Temp\MKSVanek\MKS\lpcxpresso55s69_powerquad_benchmark_math\component\lists" -I"C:\Temp\MKSVanek\MKS\lpcxpresso55s69_powerquad_benchmark_math\CMSIS\DSP\Include" -I"C:\Temp\MKSVanek\MKS\lpcxpresso55s69_powerquad_benchmark_math\CMSIS\DSP\PrivateInclude" -I"C:\Temp\MKSVanek\MKS\lpcxpresso55s69_powerquad_benchmark_math\CMSIS" -I"C:\Temp\MKSVanek\MKS\lpcxpresso55s69_powerquad_benchmark_math\board" -O1 -fno-common -g3 -gdwarf-4 -mcpu=cortex-m33 -c -ffunction-sections -fdata-sections -fno-builtin -fmacro-prefix-map="../board/"= -mcpu=cortex-m33 -mfpu=fpv5-sp-d16 -mfloat-abi=hard -mthumb -D__NEWLIB__ -fstack-usage -specs=nano.specs -MMD -MP -MF"board/clock_config.d" -MT"board/clock_config.o" -MT"board/clock_config.d" -o "board/clock_config.o" "../board/clock_config.c"
Finished building: ../component/uart/fsl_adapter_usart.c
 
Building file: ../board/pin_mux.c
Invoking: MCU C Compiler
arm-none-eabi-gcc -std=gnu99 -DCPU_LPC55S69JBD100_cm33_core0 -DMCUXPRESSO_SDK -DCPU_LPC55S69JBD100 -DCPU_LPC55S69JBD100_cm33 -DSDK_DEBUGCONSOLE=1 -DCR_INTEGER_PRINTF -D__MCUXPRESSO -D__USE_CMSIS -DDEBUG -D__NEWLIB__ -I"C:\Temp\MKSVanek\MKS\lpcxpresso55s69_powerquad_benchmark_math\source" -I"C:\Temp\MKSVanek\MKS\lpcxpresso55s69_powerquad_benchmark_math\utilities" -I"C:\Temp\MKSVanek\MKS\lpcxpresso55s69_powerquad_benchmark_math\drivers" -I"C:\Temp\MKSVanek\MKS\lpcxpresso55s69_powerquad_benchmark_math\device" -I"C:\Temp\MKSVanek\MKS\lpcxpresso55s69_powerquad_benchmark_math\startup" -I"C:\Temp\MKSVanek\MKS\lpcxpresso55s69_powerquad_benchmark_math\component\uart" -I"C:\Temp\MKSVanek\MKS\lpcxpresso55s69_powerquad_benchmark_math\component\lists" -I"C:\Temp\MKSVanek\MKS\lpcxpresso55s69_powerquad_benchmark_math\CMSIS\DSP\Include" -I"C:\Temp\MKSVanek\MKS\lpcxpresso55s69_powerquad_benchmark_math\CMSIS\DSP\PrivateInclude" -I"C:\Temp\MKSVanek\MKS\lpcxpresso55s69_powerquad_benchmark_math\CMSIS" -I"C:\Temp\MKSVanek\MKS\lpcxpresso55s69_powerquad_benchmark_math\board" -O1 -fno-common -g3 -gdwarf-4 -mcpu=cortex-m33 -c -ffunction-sections -fdata-sections -fno-builtin -fmacro-prefix-map="../board/"= -mcpu=cortex-m33 -mfpu=fpv5-sp-d16 -mfloat-abi=hard -mthumb -D__NEWLIB__ -fstack-usage -specs=nano.specs -MMD -MP -MF"board/pin_mux.d" -MT"board/pin_mux.o" -MT"board/pin_mux.d" -o "board/pin_mux.o" "../board/pin_mux.c"
Finished building: ../component/lists/fsl_component_generic_list.c
 
Finished building: ../board/board.c
Finished building: ../board/clock_config.c
 
 
Finished building: ../board/pin_mux.c
 
Building target: lpcxpresso55s69_powerquad_benchmark_math.axf
Invoking: MCU Linker
arm-none-eabi-gcc -nostdlib -Xlinker -no-warn-rwx-segments -Xlinker -Map="lpcxpresso55s69_powerquad_benchmark_math.map" -Xlinker --gc-sections -Xlinker -print-memory-usage -Xlinker --sort-section=alignment -Xlinker --cref -mcpu=cortex-m33 -mfpu=fpv5-sp-d16 -mfloat-abi=hard -mthumb -T lpcxpresso55s69_powerquad_benchmark_math_Debug.ld -o "lpcxpresso55s69_powerquad_benchmark_math.axf" ./utilities/fsl_assert.o ./utilities/fsl_debug_console.o ./utilities/fsl_memcpy.o ./utilities/fsl_str.o  ./startup/boot_multicore_slave.o ./startup/startup_lpc55s69_cm33_core0.o  ./source/powerquad_benchmark_math.o ./source/semihost_hardfault.o  ./drivers/fsl_clock.o ./drivers/fsl_common.o ./drivers/fsl_common_arm.o ./drivers/fsl_flexcomm.o ./drivers/fsl_gpio.o ./drivers/fsl_inputmux.o ./drivers/fsl_power.o ./drivers/fsl_powerquad_basic.o ./drivers/fsl_powerquad_cmsis.o ./drivers/fsl_powerquad_data.o ./drivers/fsl_powerquad_filter.o ./drivers/fsl_powerquad_math.o ./drivers/fsl_powerquad_matrix.o ./drivers/fsl_powerquad_transform.o ./drivers/fsl_reset.o ./drivers/fsl_usart.o  ./device/system_LPC55S69_cm33_core0.o  ./component/uart/fsl_adapter_usart.o  ./component/lists/fsl_component_generic_list.o  ./board/board.o ./board/clock_config.o ./board/pin_mux.o   
Memory region         Used Size  Region Size  %age Used
   PROGRAM_FLASH:        9932 B       608 KB      1.60%
            SRAM:       36964 B       256 KB     14.10%
           SRAMX:          0 GB        32 KB      0.00%
         USB_RAM:          0 GB        16 KB      0.00%
Finished building target: lpcxpresso55s69_powerquad_benchmark_math.axf
 
Performing post-build steps
arm-none-eabi-size "lpcxpresso55s69_powerquad_benchmark_math.axf"; # arm-none-eabi-objcopy -v -O binary "lpcxpresso55s69_powerquad_benchmark_math.axf" "lpcxpresso55s69_powerquad_benchmark_math.bin" ; # checksum -p LPC55S69 -d "lpcxpresso55s69_powerquad_benchmark_math.bin";
   text	   data	    bss	    dec	    hex	filename
   9928	      4	  36960	  46892	   b72c	lpcxpresso55s69_powerquad_benchmark_math.axf
 

10:42:36 Build Finished. 0 errors, 0 warnings. (took 5s.788ms)

