10:01:46 **** Incremental Build of configuration Debug for project cv04 ****
make -j4 all 
arm-none-eabi-gcc "../Core/Src/main.c" -mcpu=cortex-m0 -std=gnu11 -g3 -DDEBUG -DUSE_HAL_DRIVER -DSTM32F030x8 -c -I../Core/Inc -I../Drivers/STM32F0xx_HAL_Driver/Inc -I../Drivers/STM32F0xx_HAL_Driver/Inc/Legacy -I../Drivers/CMSIS/Device/ST/STM32F0xx/Include -I../Drivers/CMSIS/Include -O0 -ffunction-sections -fdata-sections -Wall -fstack-usage -fcyclomatic-complexity -MMD -MP -MF"Core/Src/main.d" -MT"Core/Src/main.o" --specs=nano.specs -mfloat-abi=soft -mthumb -o "Core/Src/main.o"
arm-none-eabi-gcc -o "cv04.elf" @"objects.list"   -mcpu=cortex-m0 -T"C:\Temp\MKSVanek\MKS\cv04\STM32F030R8TX_FLASH.ld" --specs=nosys.specs -Wl,-Map="cv04.map" -Wl,--gc-sections -static --specs=nano.specs -mfloat-abi=soft -mthumb -Wl,--start-group -lc -lm -Wl,--end-group
Finished building target: cv04.elf
 
arm-none-eabi-size  cv04.elf 
arm-none-eabi-objdump -h -S cv04.elf  > "cv04.list"
   text	   data	    bss	    dec	    hex	filename
  11656	     12	   1796	  13464	   3498	cv04.elf
Finished building: default.size.stdout
 
Finished building: cv04.list
 

10:01:47 Build Finished. 0 errors, 0 warnings. (took 1s.24ms)

