11:04:17 **** Incremental Build of configuration Debug for project cv06 ****
make -j4 all 
arm-none-eabi-gcc "../Core/Src/main.c" -mcpu=cortex-m0 -std=gnu11 -g3 -DDEBUG -DUSE_HAL_DRIVER -DSTM32F030x8 -c -I../Core/Inc -I../Drivers/STM32F0xx_HAL_Driver/Inc -I../Drivers/STM32F0xx_HAL_Driver/Inc/Legacy -I../Drivers/CMSIS/Device/ST/STM32F0xx/Include -I../Drivers/CMSIS/Include -O0 -ffunction-sections -fdata-sections -Wall -fstack-usage -fcyclomatic-complexity -MMD -MP -MF"Core/Src/main.d" -MT"Core/Src/main.o" --specs=nano.specs -mfloat-abi=soft -mthumb -o "Core/Src/main.o"
arm-none-eabi-gcc -o "cv06.elf" @"objects.list"   -mcpu=cortex-m0 -T"C:\Temp\vanek\MKS\MKS\cv06\STM32F030R8TX_FLASH.ld" --specs=nosys.specs -Wl,-Map="cv06.map" -Wl,--gc-sections -static --specs=nano.specs -mfloat-abi=soft -mthumb -Wl,--start-group -lc -lm -Wl,--end-group
Finished building target: cv06.elf
 
arm-none-eabi-size  cv06.elf 
arm-none-eabi-objdump -h -S cv06.elf  > "cv06.list"
   text	   data	    bss	    dec	    hex	filename
  14280	     12	   1780	  16072	   3ec8	cv06.elf
Finished building: default.size.stdout
 
Finished building: cv06.list
 

11:04:18 Build Finished. 0 errors, 0 warnings. (took 1s.136ms)

