08:46:09 **** Build of configuration Debug for project cv02 ****
make -j4 all 
arm-none-eabi-gcc "../Drivers/STM32F0xx_HAL_Driver/Src/stm32f0xx_ll_dma.c" -mcpu=cortex-m0 -std=gnu11 -g3 -DDEBUG -DSTM32F030x8 -DUSE_FULL_LL_DRIVER -DHSE_VALUE=8000000 -DHSE_STARTUP_TIMEOUT=100 -DLSE_STARTUP_TIMEOUT=5000 -DLSE_VALUE=32768 -DHSI_VALUE=8000000 -DLSI_VALUE=40000 -DVDD_VALUE=3300 -DPREFETCH_ENABLE=1 -DINSTRUCTION_CACHE_ENABLE=0 -DDATA_CACHE_ENABLE=0 -c -I../Core/Inc -I../Drivers/STM32F0xx_HAL_Driver/Inc -I../Drivers/CMSIS/Device/ST/STM32F0xx/Include -I../Drivers/CMSIS/Include -O0 -ffunction-sections -fdata-sections -Wall -fstack-usage -fcyclomatic-complexity -MMD -MP -MF"Drivers/STM32F0xx_HAL_Driver/Src/stm32f0xx_ll_dma.d" -MT"Drivers/STM32F0xx_HAL_Driver/Src/stm32f0xx_ll_dma.o" --specs=nano.specs -mfloat-abi=soft -mthumb -o "Drivers/STM32F0xx_HAL_Driver/Src/stm32f0xx_ll_dma.o"
arm-none-eabi-gcc "../Drivers/STM32F0xx_HAL_Driver/Src/stm32f0xx_ll_exti.c" -mcpu=cortex-m0 -std=gnu11 -g3 -DDEBUG -DSTM32F030x8 -DUSE_FULL_LL_DRIVER -DHSE_VALUE=8000000 -DHSE_STARTUP_TIMEOUT=100 -DLSE_STARTUP_TIMEOUT=5000 -DLSE_VALUE=32768 -DHSI_VALUE=8000000 -DLSI_VALUE=40000 -DVDD_VALUE=3300 -DPREFETCH_ENABLE=1 -DINSTRUCTION_CACHE_ENABLE=0 -DDATA_CACHE_ENABLE=0 -c -I../Core/Inc -I../Drivers/STM32F0xx_HAL_Driver/Inc -I../Drivers/CMSIS/Device/ST/STM32F0xx/Include -I../Drivers/CMSIS/Include -O0 -ffunction-sections -fdata-sections -Wall -fstack-usage -fcyclomatic-complexity -MMD -MP -MF"Drivers/STM32F0xx_HAL_Driver/Src/stm32f0xx_ll_exti.d" -MT"Drivers/STM32F0xx_HAL_Driver/Src/stm32f0xx_ll_exti.o" --specs=nano.specs -mfloat-abi=soft -mthumb -o "Drivers/STM32F0xx_HAL_Driver/Src/stm32f0xx_ll_exti.o"
arm-none-eabi-gcc "../Drivers/STM32F0xx_HAL_Driver/Src/stm32f0xx_ll_gpio.c" -mcpu=cortex-m0 -std=gnu11 -g3 -DDEBUG -DSTM32F030x8 -DUSE_FULL_LL_DRIVER -DHSE_VALUE=8000000 -DHSE_STARTUP_TIMEOUT=100 -DLSE_STARTUP_TIMEOUT=5000 -DLSE_VALUE=32768 -DHSI_VALUE=8000000 -DLSI_VALUE=40000 -DVDD_VALUE=3300 -DPREFETCH_ENABLE=1 -DINSTRUCTION_CACHE_ENABLE=0 -DDATA_CACHE_ENABLE=0 -c -I../Core/Inc -I../Drivers/STM32F0xx_HAL_Driver/Inc -I../Drivers/CMSIS/Device/ST/STM32F0xx/Include -I../Drivers/CMSIS/Include -O0 -ffunction-sections -fdata-sections -Wall -fstack-usage -fcyclomatic-complexity -MMD -MP -MF"Drivers/STM32F0xx_HAL_Driver/Src/stm32f0xx_ll_gpio.d" -MT"Drivers/STM32F0xx_HAL_Driver/Src/stm32f0xx_ll_gpio.o" --specs=nano.specs -mfloat-abi=soft -mthumb -o "Drivers/STM32F0xx_HAL_Driver/Src/stm32f0xx_ll_gpio.o"
arm-none-eabi-gcc "../Drivers/STM32F0xx_HAL_Driver/Src/stm32f0xx_ll_pwr.c" -mcpu=cortex-m0 -std=gnu11 -g3 -DDEBUG -DSTM32F030x8 -DUSE_FULL_LL_DRIVER -DHSE_VALUE=8000000 -DHSE_STARTUP_TIMEOUT=100 -DLSE_STARTUP_TIMEOUT=5000 -DLSE_VALUE=32768 -DHSI_VALUE=8000000 -DLSI_VALUE=40000 -DVDD_VALUE=3300 -DPREFETCH_ENABLE=1 -DINSTRUCTION_CACHE_ENABLE=0 -DDATA_CACHE_ENABLE=0 -c -I../Core/Inc -I../Drivers/STM32F0xx_HAL_Driver/Inc -I../Drivers/CMSIS/Device/ST/STM32F0xx/Include -I../Drivers/CMSIS/Include -O0 -ffunction-sections -fdata-sections -Wall -fstack-usage -fcyclomatic-complexity -MMD -MP -MF"Drivers/STM32F0xx_HAL_Driver/Src/stm32f0xx_ll_pwr.d" -MT"Drivers/STM32F0xx_HAL_Driver/Src/stm32f0xx_ll_pwr.o" --specs=nano.specs -mfloat-abi=soft -mthumb -o "Drivers/STM32F0xx_HAL_Driver/Src/stm32f0xx_ll_pwr.o"
arm-none-eabi-gcc "../Drivers/STM32F0xx_HAL_Driver/Src/stm32f0xx_ll_rcc.c" -mcpu=cortex-m0 -std=gnu11 -g3 -DDEBUG -DSTM32F030x8 -DUSE_FULL_LL_DRIVER -DHSE_VALUE=8000000 -DHSE_STARTUP_TIMEOUT=100 -DLSE_STARTUP_TIMEOUT=5000 -DLSE_VALUE=32768 -DHSI_VALUE=8000000 -DLSI_VALUE=40000 -DVDD_VALUE=3300 -DPREFETCH_ENABLE=1 -DINSTRUCTION_CACHE_ENABLE=0 -DDATA_CACHE_ENABLE=0 -c -I../Core/Inc -I../Drivers/STM32F0xx_HAL_Driver/Inc -I../Drivers/CMSIS/Device/ST/STM32F0xx/Include -I../Drivers/CMSIS/Include -O0 -ffunction-sections -fdata-sections -Wall -fstack-usage -fcyclomatic-complexity -MMD -MP -MF"Drivers/STM32F0xx_HAL_Driver/Src/stm32f0xx_ll_rcc.d" -MT"Drivers/STM32F0xx_HAL_Driver/Src/stm32f0xx_ll_rcc.o" --specs=nano.specs -mfloat-abi=soft -mthumb -o "Drivers/STM32F0xx_HAL_Driver/Src/stm32f0xx_ll_rcc.o"
arm-none-eabi-gcc "../Drivers/STM32F0xx_HAL_Driver/Src/stm32f0xx_ll_usart.c" -mcpu=cortex-m0 -std=gnu11 -g3 -DDEBUG -DSTM32F030x8 -DUSE_FULL_LL_DRIVER -DHSE_VALUE=8000000 -DHSE_STARTUP_TIMEOUT=100 -DLSE_STARTUP_TIMEOUT=5000 -DLSE_VALUE=32768 -DHSI_VALUE=8000000 -DLSI_VALUE=40000 -DVDD_VALUE=3300 -DPREFETCH_ENABLE=1 -DINSTRUCTION_CACHE_ENABLE=0 -DDATA_CACHE_ENABLE=0 -c -I../Core/Inc -I../Drivers/STM32F0xx_HAL_Driver/Inc -I../Drivers/CMSIS/Device/ST/STM32F0xx/Include -I../Drivers/CMSIS/Include -O0 -ffunction-sections -fdata-sections -Wall -fstack-usage -fcyclomatic-complexity -MMD -MP -MF"Drivers/STM32F0xx_HAL_Driver/Src/stm32f0xx_ll_usart.d" -MT"Drivers/STM32F0xx_HAL_Driver/Src/stm32f0xx_ll_usart.o" --specs=nano.specs -mfloat-abi=soft -mthumb -o "Drivers/STM32F0xx_HAL_Driver/Src/stm32f0xx_ll_usart.o"
arm-none-eabi-gcc "../Drivers/STM32F0xx_HAL_Driver/Src/stm32f0xx_ll_utils.c" -mcpu=cortex-m0 -std=gnu11 -g3 -DDEBUG -DSTM32F030x8 -DUSE_FULL_LL_DRIVER -DHSE_VALUE=8000000 -DHSE_STARTUP_TIMEOUT=100 -DLSE_STARTUP_TIMEOUT=5000 -DLSE_VALUE=32768 -DHSI_VALUE=8000000 -DLSI_VALUE=40000 -DVDD_VALUE=3300 -DPREFETCH_ENABLE=1 -DINSTRUCTION_CACHE_ENABLE=0 -DDATA_CACHE_ENABLE=0 -c -I../Core/Inc -I../Drivers/STM32F0xx_HAL_Driver/Inc -I../Drivers/CMSIS/Device/ST/STM32F0xx/Include -I../Drivers/CMSIS/Include -O0 -ffunction-sections -fdata-sections -Wall -fstack-usage -fcyclomatic-complexity -MMD -MP -MF"Drivers/STM32F0xx_HAL_Driver/Src/stm32f0xx_ll_utils.d" -MT"Drivers/STM32F0xx_HAL_Driver/Src/stm32f0xx_ll_utils.o" --specs=nano.specs -mfloat-abi=soft -mthumb -o "Drivers/STM32F0xx_HAL_Driver/Src/stm32f0xx_ll_utils.o"
arm-none-eabi-gcc -mcpu=cortex-m0 -g3 -DDEBUG -c -x assembler-with-cpp -MMD -MP -MF"Core/Startup/startup_stm32f030r8tx.d" -MT"Core/Startup/startup_stm32f030r8tx.o" --specs=nano.specs -mfloat-abi=soft -mthumb -o "Core/Startup/startup_stm32f030r8tx.o" "../Core/Startup/startup_stm32f030r8tx.s"
arm-none-eabi-gcc "../Core/Src/main.c" -mcpu=cortex-m0 -std=gnu11 -g3 -DDEBUG -DSTM32F030x8 -DUSE_FULL_LL_DRIVER -DHSE_VALUE=8000000 -DHSE_STARTUP_TIMEOUT=100 -DLSE_STARTUP_TIMEOUT=5000 -DLSE_VALUE=32768 -DHSI_VALUE=8000000 -DLSI_VALUE=40000 -DVDD_VALUE=3300 -DPREFETCH_ENABLE=1 -DINSTRUCTION_CACHE_ENABLE=0 -DDATA_CACHE_ENABLE=0 -c -I../Core/Inc -I../Drivers/STM32F0xx_HAL_Driver/Inc -I../Drivers/CMSIS/Device/ST/STM32F0xx/Include -I../Drivers/CMSIS/Include -O0 -ffunction-sections -fdata-sections -Wall -fstack-usage -fcyclomatic-complexity -MMD -MP -MF"Core/Src/main.d" -MT"Core/Src/main.o" --specs=nano.specs -mfloat-abi=soft -mthumb -o "Core/Src/main.o"
arm-none-eabi-gcc "../Core/Src/stm32f0xx_it.c" -mcpu=cortex-m0 -std=gnu11 -g3 -DDEBUG -DSTM32F030x8 -DUSE_FULL_LL_DRIVER -DHSE_VALUE=8000000 -DHSE_STARTUP_TIMEOUT=100 -DLSE_STARTUP_TIMEOUT=5000 -DLSE_VALUE=32768 -DHSI_VALUE=8000000 -DLSI_VALUE=40000 -DVDD_VALUE=3300 -DPREFETCH_ENABLE=1 -DINSTRUCTION_CACHE_ENABLE=0 -DDATA_CACHE_ENABLE=0 -c -I../Core/Inc -I../Drivers/STM32F0xx_HAL_Driver/Inc -I../Drivers/CMSIS/Device/ST/STM32F0xx/Include -I../Drivers/CMSIS/Include -O0 -ffunction-sections -fdata-sections -Wall -fstack-usage -fcyclomatic-complexity -MMD -MP -MF"Core/Src/stm32f0xx_it.d" -MT"Core/Src/stm32f0xx_it.o" --specs=nano.specs -mfloat-abi=soft -mthumb -o "Core/Src/stm32f0xx_it.o"
arm-none-eabi-gcc "../Core/Src/syscalls.c" -mcpu=cortex-m0 -std=gnu11 -g3 -DDEBUG -DSTM32F030x8 -DUSE_FULL_LL_DRIVER -DHSE_VALUE=8000000 -DHSE_STARTUP_TIMEOUT=100 -DLSE_STARTUP_TIMEOUT=5000 -DLSE_VALUE=32768 -DHSI_VALUE=8000000 -DLSI_VALUE=40000 -DVDD_VALUE=3300 -DPREFETCH_ENABLE=1 -DINSTRUCTION_CACHE_ENABLE=0 -DDATA_CACHE_ENABLE=0 -c -I../Core/Inc -I../Drivers/STM32F0xx_HAL_Driver/Inc -I../Drivers/CMSIS/Device/ST/STM32F0xx/Include -I../Drivers/CMSIS/Include -O0 -ffunction-sections -fdata-sections -Wall -fstack-usage -fcyclomatic-complexity -MMD -MP -MF"Core/Src/syscalls.d" -MT"Core/Src/syscalls.o" --specs=nano.specs -mfloat-abi=soft -mthumb -o "Core/Src/syscalls.o"
arm-none-eabi-gcc "../Core/Src/sysmem.c" -mcpu=cortex-m0 -std=gnu11 -g3 -DDEBUG -DSTM32F030x8 -DUSE_FULL_LL_DRIVER -DHSE_VALUE=8000000 -DHSE_STARTUP_TIMEOUT=100 -DLSE_STARTUP_TIMEOUT=5000 -DLSE_VALUE=32768 -DHSI_VALUE=8000000 -DLSI_VALUE=40000 -DVDD_VALUE=3300 -DPREFETCH_ENABLE=1 -DINSTRUCTION_CACHE_ENABLE=0 -DDATA_CACHE_ENABLE=0 -c -I../Core/Inc -I../Drivers/STM32F0xx_HAL_Driver/Inc -I../Drivers/CMSIS/Device/ST/STM32F0xx/Include -I../Drivers/CMSIS/Include -O0 -ffunction-sections -fdata-sections -Wall -fstack-usage -fcyclomatic-complexity -MMD -MP -MF"Core/Src/sysmem.d" -MT"Core/Src/sysmem.o" --specs=nano.specs -mfloat-abi=soft -mthumb -o "Core/Src/sysmem.o"
../Core/Src/stm32f0xx_it.c: In function 'EXTI0_1_IRQHandler':
../Core/Src/stm32f0xx_it.c:155:38: error: 'LED1_pin' undeclared (first use in this function); did you mean 'LED1_Pin'?
  155 |     LL_GPIO_TogglePin(LED1_GPIO_Port,LED1_pin);
      |                                      ^~~~~~~~
      |                                      LED1_Pin
../Core/Src/stm32f0xx_it.c:155:38: note: each undeclared identifier is reported only once for each function it appears in
arm-none-eabi-gcc "../Core/Src/system_stm32f0xx.c" -mcpu=cortex-m0 -std=gnu11 -g3 -DDEBUG -DSTM32F030x8 -DUSE_FULL_LL_DRIVER -DHSE_VALUE=8000000 -DHSE_STARTUP_TIMEOUT=100 -DLSE_STARTUP_TIMEOUT=5000 -DLSE_VALUE=32768 -DHSI_VALUE=8000000 -DLSI_VALUE=40000 -DVDD_VALUE=3300 -DPREFETCH_ENABLE=1 -DINSTRUCTION_CACHE_ENABLE=0 -DDATA_CACHE_ENABLE=0 -c -I../Core/Inc -I../Drivers/STM32F0xx_HAL_Driver/Inc -I../Drivers/CMSIS/Device/ST/STM32F0xx/Include -I../Drivers/CMSIS/Include -O0 -ffunction-sections -fdata-sections -Wall -fstack-usage -fcyclomatic-complexity -MMD -MP -MF"Core/Src/system_stm32f0xx.d" -MT"Core/Src/system_stm32f0xx.o" --specs=nano.specs -mfloat-abi=soft -mthumb -o "Core/Src/system_stm32f0xx.o"
make: *** [Core/Src/subdir.mk:31: Core/Src/stm32f0xx_it.o] Error 1
make: *** Waiting for unfinished jobs....
"make -j4 all" terminated with exit code 2. Build might be incomplete.
08:46:28 **** Incremental Build of configuration Debug for project cv02 ****
make -j4 all 
arm-none-eabi-gcc "../Core/Src/stm32f0xx_it.c" -mcpu=cortex-m0 -std=gnu11 -g3 -DDEBUG -DSTM32F030x8 -DUSE_FULL_LL_DRIVER -DHSE_VALUE=8000000 -DHSE_STARTUP_TIMEOUT=100 -DLSE_STARTUP_TIMEOUT=5000 -DLSE_VALUE=32768 -DHSI_VALUE=8000000 -DLSI_VALUE=40000 -DVDD_VALUE=3300 -DPREFETCH_ENABLE=1 -DINSTRUCTION_CACHE_ENABLE=0 -DDATA_CACHE_ENABLE=0 -c -I../Core/Inc -I../Drivers/STM32F0xx_HAL_Driver/Inc -I../Drivers/CMSIS/Device/ST/STM32F0xx/Include -I../Drivers/CMSIS/Include -O0 -ffunction-sections -fdata-sections -Wall -fstack-usage -fcyclomatic-complexity -MMD -MP -MF"Core/Src/stm32f0xx_it.d" -MT"Core/Src/stm32f0xx_it.o" --specs=nano.specs -mfloat-abi=soft -mthumb -o "Core/Src/stm32f0xx_it.o"
../Core/Src/stm32f0xx_it.c: In function 'EXTI0_1_IRQHandler':
../Core/Src/stm32f0xx_it.c:155:38: error: 'LED1_pin' undeclared (first use in this function); did you mean 'LED1_Pin'?
  155 |     LL_GPIO_TogglePin(LED1_GPIO_Port,LED1_pin);
      |                                      ^~~~~~~~
      |                                      LED1_Pin
../Core/Src/stm32f0xx_it.c:155:38: note: each undeclared identifier is reported only once for each function it appears in
make: *** [Core/Src/subdir.mk:31: Core/Src/stm32f0xx_it.o] Error 1
"make -j4 all" terminated with exit code 2. Build might be incomplete.
08:48:29 **** Incremental Build of configuration Debug for project cv02 ****
make -j4 all 
arm-none-eabi-gcc "../Core/Src/stm32f0xx_it.c" -mcpu=cortex-m0 -std=gnu11 -g3 -DDEBUG -DSTM32F030x8 -DUSE_FULL_LL_DRIVER -DHSE_VALUE=8000000 -DHSE_STARTUP_TIMEOUT=100 -DLSE_STARTUP_TIMEOUT=5000 -DLSE_VALUE=32768 -DHSI_VALUE=8000000 -DLSI_VALUE=40000 -DVDD_VALUE=3300 -DPREFETCH_ENABLE=1 -DINSTRUCTION_CACHE_ENABLE=0 -DDATA_CACHE_ENABLE=0 -c -I../Core/Inc -I../Drivers/STM32F0xx_HAL_Driver/Inc -I../Drivers/CMSIS/Device/ST/STM32F0xx/Include -I../Drivers/CMSIS/Include -O0 -ffunction-sections -fdata-sections -Wall -fstack-usage -fcyclomatic-complexity -MMD -MP -MF"Core/Src/stm32f0xx_it.d" -MT"Core/Src/stm32f0xx_it.o" --specs=nano.specs -mfloat-abi=soft -mthumb -o "Core/Src/stm32f0xx_it.o"
arm-none-eabi-gcc -o "cv02.elf" @"objects.list"   -mcpu=cortex-m0 -T"C:\Temp\MKSVanek\MKS\cv02\STM32F030R8TX_FLASH.ld" --specs=nosys.specs -Wl,-Map="cv02.map" -Wl,--gc-sections -static --specs=nano.specs -mfloat-abi=soft -mthumb -Wl,--start-group -lc -lm -Wl,--end-group
Finished building target: cv02.elf
 
arm-none-eabi-size  cv02.elf 
arm-none-eabi-objdump -h -S cv02.elf  > "cv02.list"
   text	   data	    bss	    dec	    hex	filename
   5880	      8	   1584	   7472	   1d30	cv02.elf
Finished building: default.size.stdout
 
Finished building: cv02.list
 
08:48:36 **** Incremental Build of configuration Debug for project cv02 ****
make -j4 all 
arm-none-eabi-size  cv02.elf 
   text	   data	    bss	    dec	    hex	filename
   5880	      8	   1584	   7472	   1d30	cv02.elf
Finished building: default.size.stdout
 
08:53:34 **** Incremental Build of configuration Debug for project cv02 ****
make -j4 all 
arm-none-eabi-gcc "../Core/Src/main.c" -mcpu=cortex-m0 -std=gnu11 -g3 -DDEBUG -DSTM32F030x8 -DUSE_FULL_LL_DRIVER -DHSE_VALUE=8000000 -DHSE_STARTUP_TIMEOUT=100 -DLSE_STARTUP_TIMEOUT=5000 -DLSE_VALUE=32768 -DHSI_VALUE=8000000 -DLSI_VALUE=40000 -DVDD_VALUE=3300 -DPREFETCH_ENABLE=1 -DINSTRUCTION_CACHE_ENABLE=0 -DDATA_CACHE_ENABLE=0 -c -I../Core/Inc -I../Drivers/STM32F0xx_HAL_Driver/Inc -I../Drivers/CMSIS/Device/ST/STM32F0xx/Include -I../Drivers/CMSIS/Include -O0 -ffunction-sections -fdata-sections -Wall -fstack-usage -fcyclomatic-complexity -MMD -MP -MF"Core/Src/main.d" -MT"Core/Src/main.o" --specs=nano.specs -mfloat-abi=soft -mthumb -o "Core/Src/main.o"
../Core/Src/main.c: In function 'main':
../Core/Src/main.c:104:19: error: 'blink' undeclared (first use in this function)
  104 |                   blink;
      |                   ^~~~~
../Core/Src/main.c:104:19: note: each undeclared identifier is reported only once for each function it appears in
make: *** [Core/Src/subdir.mk:31: Core/Src/main.o] Error 1
"make -j4 all" terminated with exit code 2. Build might be incomplete.
08:54:44 **** Incremental Build of configuration Debug for project cv02 ****
make -j4 all 
arm-none-eabi-gcc "../Core/Src/main.c" -mcpu=cortex-m0 -std=gnu11 -g3 -DDEBUG -DSTM32F030x8 -DUSE_FULL_LL_DRIVER -DHSE_VALUE=8000000 -DHSE_STARTUP_TIMEOUT=100 -DLSE_STARTUP_TIMEOUT=5000 -DLSE_VALUE=32768 -DHSI_VALUE=8000000 -DLSI_VALUE=40000 -DVDD_VALUE=3300 -DPREFETCH_ENABLE=1 -DINSTRUCTION_CACHE_ENABLE=0 -DDATA_CACHE_ENABLE=0 -c -I../Core/Inc -I../Drivers/STM32F0xx_HAL_Driver/Inc -I../Drivers/CMSIS/Device/ST/STM32F0xx/Include -I../Drivers/CMSIS/Include -O0 -ffunction-sections -fdata-sections -Wall -fstack-usage -fcyclomatic-complexity -MMD -MP -MF"Core/Src/main.d" -MT"Core/Src/main.o" --specs=nano.specs -mfloat-abi=soft -mthumb -o "Core/Src/main.o"
arm-none-eabi-gcc -o "cv02.elf" @"objects.list"   -mcpu=cortex-m0 -T"C:\Temp\MKSVanek\MKS\cv02\STM32F030R8TX_FLASH.ld" --specs=nosys.specs -Wl,-Map="cv02.map" -Wl,--gc-sections -static --specs=nano.specs -mfloat-abi=soft -mthumb -Wl,--start-group -lc -lm -Wl,--end-group
Finished building target: cv02.elf
 
arm-none-eabi-size  cv02.elf 
arm-none-eabi-objdump -h -S cv02.elf  > "cv02.list"
   text	   data	    bss	    dec	    hex	filename
   5576	      4	   1572	   7152	   1bf0	cv02.elf
Finished building: default.size.stdout
 
Finished building: cv02.list
 
09:02:37 **** Incremental Build of configuration Debug for project cv02 ****
make -j4 all 
arm-none-eabi-gcc "../Core/Src/main.c" -mcpu=cortex-m0 -std=gnu11 -g3 -DDEBUG -DSTM32F030x8 -DUSE_FULL_LL_DRIVER -DHSE_VALUE=8000000 -DHSE_STARTUP_TIMEOUT=100 -DLSE_STARTUP_TIMEOUT=5000 -DLSE_VALUE=32768 -DHSI_VALUE=8000000 -DLSI_VALUE=40000 -DVDD_VALUE=3300 -DPREFETCH_ENABLE=1 -DINSTRUCTION_CACHE_ENABLE=0 -DDATA_CACHE_ENABLE=0 -c -I../Core/Inc -I../Drivers/STM32F0xx_HAL_Driver/Inc -I../Drivers/CMSIS/Device/ST/STM32F0xx/Include -I../Drivers/CMSIS/Include -O0 -ffunction-sections -fdata-sections -Wall -fstack-usage -fcyclomatic-complexity -MMD -MP -MF"Core/Src/main.d" -MT"Core/Src/main.o" --specs=nano.specs -mfloat-abi=soft -mthumb -o "Core/Src/main.o"
arm-none-eabi-gcc "../Core/Src/stm32f0xx_it.c" -mcpu=cortex-m0 -std=gnu11 -g3 -DDEBUG -DSTM32F030x8 -DUSE_FULL_LL_DRIVER -DHSE_VALUE=8000000 -DHSE_STARTUP_TIMEOUT=100 -DLSE_STARTUP_TIMEOUT=5000 -DLSE_VALUE=32768 -DHSI_VALUE=8000000 -DLSI_VALUE=40000 -DVDD_VALUE=3300 -DPREFETCH_ENABLE=1 -DINSTRUCTION_CACHE_ENABLE=0 -DDATA_CACHE_ENABLE=0 -c -I../Core/Inc -I../Drivers/STM32F0xx_HAL_Driver/Inc -I../Drivers/CMSIS/Device/ST/STM32F0xx/Include -I../Drivers/CMSIS/Include -O0 -ffunction-sections -fdata-sections -Wall -fstack-usage -fcyclomatic-complexity -MMD -MP -MF"Core/Src/stm32f0xx_it.d" -MT"Core/Src/stm32f0xx_it.o" --specs=nano.specs -mfloat-abi=soft -mthumb -o "Core/Src/stm32f0xx_it.o"
../Core/Src/main.c: In function 'main':
../Core/Src/main.c:103:11: warning: statement with no effect [-Wunused-value]
  103 |           blikac;
      |           ^~~~~~
../Core/Src/main.c:104:11: warning: statement with no effect [-Wunused-value]
  104 |           tlacitka;
      |           ^~~~~~~~
arm-none-eabi-gcc -o "cv02.elf" @"objects.list"   -mcpu=cortex-m0 -T"C:\Temp\MKSVanek\MKS\cv02\STM32F030R8TX_FLASH.ld" --specs=nosys.specs -Wl,-Map="cv02.map" -Wl,--gc-sections -static --specs=nano.specs -mfloat-abi=soft -mthumb -Wl,--start-group -lc -lm -Wl,--end-group
Finished building target: cv02.elf
 
arm-none-eabi-size  cv02.elf 
arm-none-eabi-objdump -h -S cv02.elf  > "cv02.list"
   text	   data	    bss	    dec	    hex	filename
   4996	      4	   1572	   6572	   19ac	cv02.elf
Finished building: default.size.stdout
 
Finished building: cv02.list
 
09:04:36 **** Incremental Build of configuration Debug for project cv02 ****
make -j4 all 
arm-none-eabi-gcc "../Core/Src/main.c" -mcpu=cortex-m0 -std=gnu11 -g3 -DDEBUG -DSTM32F030x8 -DUSE_FULL_LL_DRIVER -DHSE_VALUE=8000000 -DHSE_STARTUP_TIMEOUT=100 -DLSE_STARTUP_TIMEOUT=5000 -DLSE_VALUE=32768 -DHSI_VALUE=8000000 -DLSI_VALUE=40000 -DVDD_VALUE=3300 -DPREFETCH_ENABLE=1 -DINSTRUCTION_CACHE_ENABLE=0 -DDATA_CACHE_ENABLE=0 -c -I../Core/Inc -I../Drivers/STM32F0xx_HAL_Driver/Inc -I../Drivers/CMSIS/Device/ST/STM32F0xx/Include -I../Drivers/CMSIS/Include -O0 -ffunction-sections -fdata-sections -Wall -fstack-usage -fcyclomatic-complexity -MMD -MP -MF"Core/Src/main.d" -MT"Core/Src/main.o" --specs=nano.specs -mfloat-abi=soft -mthumb -o "Core/Src/main.o"
../Core/Src/main.c: In function 'main':
../Core/Src/main.c:103:11: warning: statement with no effect [-Wunused-value]
  103 |           blikac;
      |           ^~~~~~
../Core/Src/main.c:104:11: warning: statement with no effect [-Wunused-value]
  104 |           tlacitka;
      |           ^~~~~~~~
arm-none-eabi-gcc -o "cv02.elf" @"objects.list"   -mcpu=cortex-m0 -T"C:\Temp\MKSVanek\MKS\cv02\STM32F030R8TX_FLASH.ld" --specs=nosys.specs -Wl,-Map="cv02.map" -Wl,--gc-sections -static --specs=nano.specs -mfloat-abi=soft -mthumb -Wl,--start-group -lc -lm -Wl,--end-group
Finished building target: cv02.elf
 
arm-none-eabi-size  cv02.elf 
arm-none-eabi-objdump -h -S cv02.elf  > "cv02.list"
   text	   data	    bss	    dec	    hex	filename
   4996	      4	   1572	   6572	   19ac	cv02.elf
Finished building: default.size.stdout
 
Finished building: cv02.list
 
09:09:53 **** Incremental Build of configuration Debug for project cv02 ****
make -j4 all 
arm-none-eabi-gcc "../Core/Src/main.c" -mcpu=cortex-m0 -std=gnu11 -g3 -DDEBUG -DSTM32F030x8 -DUSE_FULL_LL_DRIVER -DHSE_VALUE=8000000 -DHSE_STARTUP_TIMEOUT=100 -DLSE_STARTUP_TIMEOUT=5000 -DLSE_VALUE=32768 -DHSI_VALUE=8000000 -DLSI_VALUE=40000 -DVDD_VALUE=3300 -DPREFETCH_ENABLE=1 -DINSTRUCTION_CACHE_ENABLE=0 -DDATA_CACHE_ENABLE=0 -c -I../Core/Inc -I../Drivers/STM32F0xx_HAL_Driver/Inc -I../Drivers/CMSIS/Device/ST/STM32F0xx/Include -I../Drivers/CMSIS/Include -O0 -ffunction-sections -fdata-sections -Wall -fstack-usage -fcyclomatic-complexity -MMD -MP -MF"Core/Src/main.d" -MT"Core/Src/main.o" --specs=nano.specs -mfloat-abi=soft -mthumb -o "Core/Src/main.o"
../Core/Src/main.c: In function 'main':
../Core/Src/main.c:103:11: warning: statement with no effect [-Wunused-value]
  103 |           blikac;
      |           ^~~~~~
../Core/Src/main.c:104:11: warning: statement with no effect [-Wunused-value]
  104 |           tlacitka;
      |           ^~~~~~~~
../Core/Src/main.c: In function 'tlacitka':
../Core/Src/main.c:311:10: error: 'off_time' undeclared (first use in this function)
  311 |          off_time = Tick + LED_TIME_SHORT;
      |          ^~~~~~~~
../Core/Src/main.c:311:10: note: each undeclared identifier is reported only once for each function it appears in
make: *** [Core/Src/subdir.mk:31: Core/Src/main.o] Error 1
"make -j4 all" terminated with exit code 2. Build might be incomplete.
09:10:23 **** Incremental Build of configuration Debug for project cv02 ****
make -j4 all 
arm-none-eabi-gcc "../Core/Src/main.c" -mcpu=cortex-m0 -std=gnu11 -g3 -DDEBUG -DSTM32F030x8 -DUSE_FULL_LL_DRIVER -DHSE_VALUE=8000000 -DHSE_STARTUP_TIMEOUT=100 -DLSE_STARTUP_TIMEOUT=5000 -DLSE_VALUE=32768 -DHSI_VALUE=8000000 -DLSI_VALUE=40000 -DVDD_VALUE=3300 -DPREFETCH_ENABLE=1 -DINSTRUCTION_CACHE_ENABLE=0 -DDATA_CACHE_ENABLE=0 -c -I../Core/Inc -I../Drivers/STM32F0xx_HAL_Driver/Inc -I../Drivers/CMSIS/Device/ST/STM32F0xx/Include -I../Drivers/CMSIS/Include -O0 -ffunction-sections -fdata-sections -Wall -fstack-usage -fcyclomatic-complexity -MMD -MP -MF"Core/Src/main.d" -MT"Core/Src/main.o" --specs=nano.specs -mfloat-abi=soft -mthumb -o "Core/Src/main.o"
../Core/Src/main.c:27: warning: "LED_TIME_SHORT" redefined
   27 | #define LED_TIME_SHORT
      | 
../Core/Src/main.c:25: note: this is the location of the previous definition
   25 | #define LED_TIME_SHORT 100
      | 
../Core/Src/main.c: In function 'main':
../Core/Src/main.c:104:11: warning: statement with no effect [-Wunused-value]
  104 |           blikac;
      |           ^~~~~~
../Core/Src/main.c:105:11: warning: statement with no effect [-Wunused-value]
  105 |           tlacitka;
      |           ^~~~~~~~
../Core/Src/main.c: In function 'tlacitka':
../Core/Src/main.c:312:10: error: 'off_time' undeclared (first use in this function)
  312 |          off_time = Tick + LED_TIME_SHORT;
      |          ^~~~~~~~
../Core/Src/main.c:312:10: note: each undeclared identifier is reported only once for each function it appears in
../Core/Src/main.c:312:42: error: expected expression before ';' token
  312 |          off_time = Tick + LED_TIME_SHORT;
      |                                          ^
make: *** [Core/Src/subdir.mk:31: Core/Src/main.o] Error 1
"make -j4 all" terminated with exit code 2. Build might be incomplete.
09:10:41 **** Incremental Build of configuration Debug for project cv02 ****
make -j4 all 
arm-none-eabi-gcc "../Core/Src/main.c" -mcpu=cortex-m0 -std=gnu11 -g3 -DDEBUG -DSTM32F030x8 -DUSE_FULL_LL_DRIVER -DHSE_VALUE=8000000 -DHSE_STARTUP_TIMEOUT=100 -DLSE_STARTUP_TIMEOUT=5000 -DLSE_VALUE=32768 -DHSI_VALUE=8000000 -DLSI_VALUE=40000 -DVDD_VALUE=3300 -DPREFETCH_ENABLE=1 -DINSTRUCTION_CACHE_ENABLE=0 -DDATA_CACHE_ENABLE=0 -c -I../Core/Inc -I../Drivers/STM32F0xx_HAL_Driver/Inc -I../Drivers/CMSIS/Device/ST/STM32F0xx/Include -I../Drivers/CMSIS/Include -O0 -ffunction-sections -fdata-sections -Wall -fstack-usage -fcyclomatic-complexity -MMD -MP -MF"Core/Src/main.d" -MT"Core/Src/main.o" --specs=nano.specs -mfloat-abi=soft -mthumb -o "Core/Src/main.o"
../Core/Src/main.c:27: warning: "LED_TIME_SHORT" redefined
   27 | #define LED_TIME_SHORT
      | 
../Core/Src/main.c:25: note: this is the location of the previous definition
   25 | #define LED_TIME_SHORT 100
      | 
../Core/Src/main.c: In function 'main':
../Core/Src/main.c:104:11: warning: statement with no effect [-Wunused-value]
  104 |           blikac;
      |           ^~~~~~
../Core/Src/main.c:105:11: warning: statement with no effect [-Wunused-value]
  105 |           tlacitka;
      |           ^~~~~~~~
../Core/Src/main.c: In function 'tlacitka':
../Core/Src/main.c:312:10: error: 'off_time' undeclared (first use in this function)
  312 |          off_time = Tick + LED_TIME_SHORT
      |          ^~~~~~~~
../Core/Src/main.c:312:10: note: each undeclared identifier is reported only once for each function it appears in
../Core/Src/main.c:313:10: error: void value not ignored as it ought to be
  313 |          LL_GPIO_SetOutputPin(LED2_GPIO_Port, LED2_Pin);
      |          ^~~~~~~~~~~~~~~~~~~~~~~~~~~~~~~~~~~~~~~~~~~~~~
make: *** [Core/Src/subdir.mk:31: Core/Src/main.o] Error 1
"make -j4 all" terminated with exit code 2. Build might be incomplete.
09:10:56 **** Incremental Build of configuration Debug for project cv02 ****
make -j4 all 
arm-none-eabi-gcc "../Core/Src/main.c" -mcpu=cortex-m0 -std=gnu11 -g3 -DDEBUG -DSTM32F030x8 -DUSE_FULL_LL_DRIVER -DHSE_VALUE=8000000 -DHSE_STARTUP_TIMEOUT=100 -DLSE_STARTUP_TIMEOUT=5000 -DLSE_VALUE=32768 -DHSI_VALUE=8000000 -DLSI_VALUE=40000 -DVDD_VALUE=3300 -DPREFETCH_ENABLE=1 -DINSTRUCTION_CACHE_ENABLE=0 -DDATA_CACHE_ENABLE=0 -c -I../Core/Inc -I../Drivers/STM32F0xx_HAL_Driver/Inc -I../Drivers/CMSIS/Device/ST/STM32F0xx/Include -I../Drivers/CMSIS/Include -O0 -ffunction-sections -fdata-sections -Wall -fstack-usage -fcyclomatic-complexity -MMD -MP -MF"Core/Src/main.d" -MT"Core/Src/main.o" --specs=nano.specs -mfloat-abi=soft -mthumb -o "Core/Src/main.o"
../Core/Src/main.c:27: warning: "LED_TIME_SHORT" redefined
   27 | #define LED_TIME_SHORT
      | 
../Core/Src/main.c:25: note: this is the location of the previous definition
   25 | #define LED_TIME_SHORT 100
      | 
../Core/Src/main.c: In function 'main':
../Core/Src/main.c:104:11: warning: statement with no effect [-Wunused-value]
  104 |           blikac;
      |           ^~~~~~
../Core/Src/main.c:105:11: warning: statement with no effect [-Wunused-value]
  105 |           tlacitka;
      |           ^~~~~~~~
../Core/Src/main.c: In function 'tlacitka':
../Core/Src/main.c:312:10: error: 'off_time' undeclared (first use in this function)
  312 |          off_time = Tick + LED_TIME_SHORT;
      |          ^~~~~~~~
../Core/Src/main.c:312:10: note: each undeclared identifier is reported only once for each function it appears in
../Core/Src/main.c:312:42: error: expected expression before ';' token
  312 |          off_time = Tick + LED_TIME_SHORT;
      |                                          ^
make: *** [Core/Src/subdir.mk:31: Core/Src/main.o] Error 1
"make -j4 all" terminated with exit code 2. Build might be incomplete.
09:11:48 **** Incremental Build of configuration Debug for project cv02 ****
make -j4 all 
arm-none-eabi-gcc "../Core/Src/main.c" -mcpu=cortex-m0 -std=gnu11 -g3 -DDEBUG -DSTM32F030x8 -DUSE_FULL_LL_DRIVER -DHSE_VALUE=8000000 -DHSE_STARTUP_TIMEOUT=100 -DLSE_STARTUP_TIMEOUT=5000 -DLSE_VALUE=32768 -DHSI_VALUE=8000000 -DLSI_VALUE=40000 -DVDD_VALUE=3300 -DPREFETCH_ENABLE=1 -DINSTRUCTION_CACHE_ENABLE=0 -DDATA_CACHE_ENABLE=0 -c -I../Core/Inc -I../Drivers/STM32F0xx_HAL_Driver/Inc -I../Drivers/CMSIS/Device/ST/STM32F0xx/Include -I../Drivers/CMSIS/Include -O0 -ffunction-sections -fdata-sections -Wall -fstack-usage -fcyclomatic-complexity -MMD -MP -MF"Core/Src/main.d" -MT"Core/Src/main.o" --specs=nano.specs -mfloat-abi=soft -mthumb -o "Core/Src/main.o"
../Core/Src/main.c: In function 'main':
../Core/Src/main.c:103:11: warning: statement with no effect [-Wunused-value]
  103 |           blikac;
      |           ^~~~~~
../Core/Src/main.c:104:11: warning: statement with no effect [-Wunused-value]
  104 |           tlacitka;
      |           ^~~~~~~~
../Core/Src/main.c: In function 'tlacitka':
../Core/Src/main.c:311:10: error: 'off_time' undeclared (first use in this function)
  311 |          off_time = Tick + LED_TIME_SHORT;
      |          ^~~~~~~~
../Core/Src/main.c:311:10: note: each undeclared identifier is reported only once for each function it appears in
make: *** [Core/Src/subdir.mk:31: Core/Src/main.o] Error 1
"make -j4 all" terminated with exit code 2. Build might be incomplete.
09:13:52 **** Incremental Build of configuration Debug for project cv02 ****
make -j4 all 
arm-none-eabi-gcc "../Core/Src/main.c" -mcpu=cortex-m0 -std=gnu11 -g3 -DDEBUG -DSTM32F030x8 -DUSE_FULL_LL_DRIVER -DHSE_VALUE=8000000 -DHSE_STARTUP_TIMEOUT=100 -DLSE_STARTUP_TIMEOUT=5000 -DLSE_VALUE=32768 -DHSI_VALUE=8000000 -DLSI_VALUE=40000 -DVDD_VALUE=3300 -DPREFETCH_ENABLE=1 -DINSTRUCTION_CACHE_ENABLE=0 -DDATA_CACHE_ENABLE=0 -c -I../Core/Inc -I../Drivers/STM32F0xx_HAL_Driver/Inc -I../Drivers/CMSIS/Device/ST/STM32F0xx/Include -I../Drivers/CMSIS/Include -O0 -ffunction-sections -fdata-sections -Wall -fstack-usage -fcyclomatic-complexity -MMD -MP -MF"Core/Src/main.d" -MT"Core/Src/main.o" --specs=nano.specs -mfloat-abi=soft -mthumb -o "Core/Src/main.o"
../Core/Src/main.c: In function 'main':
../Core/Src/main.c:103:11: warning: statement with no effect [-Wunused-value]
  103 |           blikac;
      |           ^~~~~~
../Core/Src/main.c:104:11: warning: statement with no effect [-Wunused-value]
  104 |           tlacitka;
      |           ^~~~~~~~
../Core/Src/main.c: In function 'tlacitka':
../Core/Src/main.c:311:10: error: 'off_time' undeclared (first use in this function)
  311 |          off_time = Tick + LED_TIME_SHORT;
      |          ^~~~~~~~
../Core/Src/main.c:311:10: note: each undeclared identifier is reported only once for each function it appears in
make: *** [Core/Src/subdir.mk:31: Core/Src/main.o] Error 1
"make -j4 all" terminated with exit code 2. Build might be incomplete.
09:14:44 **** Incremental Build of configuration Debug for project cv02 ****
make -j4 all 
arm-none-eabi-gcc "../Core/Src/main.c" -mcpu=cortex-m0 -std=gnu11 -g3 -DDEBUG -DSTM32F030x8 -DUSE_FULL_LL_DRIVER -DHSE_VALUE=8000000 -DHSE_STARTUP_TIMEOUT=100 -DLSE_STARTUP_TIMEOUT=5000 -DLSE_VALUE=32768 -DHSI_VALUE=8000000 -DLSI_VALUE=40000 -DVDD_VALUE=3300 -DPREFETCH_ENABLE=1 -DINSTRUCTION_CACHE_ENABLE=0 -DDATA_CACHE_ENABLE=0 -c -I../Core/Inc -I../Drivers/STM32F0xx_HAL_Driver/Inc -I../Drivers/CMSIS/Device/ST/STM32F0xx/Include -I../Drivers/CMSIS/Include -O0 -ffunction-sections -fdata-sections -Wall -fstack-usage -fcyclomatic-complexity -MMD -MP -MF"Core/Src/main.d" -MT"Core/Src/main.o" --specs=nano.specs -mfloat-abi=soft -mthumb -o "Core/Src/main.o"
../Core/Src/main.c: In function 'main':
../Core/Src/main.c:103:11: warning: statement with no effect [-Wunused-value]
  103 |           blikac;
      |           ^~~~~~
../Core/Src/main.c:104:11: warning: statement with no effect [-Wunused-value]
  104 |           tlacitka;
      |           ^~~~~~~~
../Core/Src/main.c: In function 'MX_GPIO_Init':
../Core/Src/main.c:291:19: warning: unused variable 'off_time' [-Wunused-variable]
  291 |   static uint32_t off_time;
      |                   ^~~~~~~~
../Core/Src/main.c: In function 'tlacitka':
../Core/Src/main.c:312:10: error: 'off_time' undeclared (first use in this function)
  312 |          off_time = Tick + LED_TIME_SHORT;
      |          ^~~~~~~~
../Core/Src/main.c:312:10: note: each undeclared identifier is reported only once for each function it appears in
make: *** [Core/Src/subdir.mk:31: Core/Src/main.o] Error 1
"make -j4 all" terminated with exit code 2. Build might be incomplete.
09:14:55 **** Incremental Build of configuration Debug for project cv02 ****
make -j4 all 
arm-none-eabi-gcc "../Core/Src/main.c" -mcpu=cortex-m0 -std=gnu11 -g3 -DDEBUG -DSTM32F030x8 -DUSE_FULL_LL_DRIVER -DHSE_VALUE=8000000 -DHSE_STARTUP_TIMEOUT=100 -DLSE_STARTUP_TIMEOUT=5000 -DLSE_VALUE=32768 -DHSI_VALUE=8000000 -DLSI_VALUE=40000 -DVDD_VALUE=3300 -DPREFETCH_ENABLE=1 -DINSTRUCTION_CACHE_ENABLE=0 -DDATA_CACHE_ENABLE=0 -c -I../Core/Inc -I../Drivers/STM32F0xx_HAL_Driver/Inc -I../Drivers/CMSIS/Device/ST/STM32F0xx/Include -I../Drivers/CMSIS/Include -O0 -ffunction-sections -fdata-sections -Wall -fstack-usage -fcyclomatic-complexity -MMD -MP -MF"Core/Src/main.d" -MT"Core/Src/main.o" --specs=nano.specs -mfloat-abi=soft -mthumb -o "Core/Src/main.o"
../Core/Src/main.c: In function 'main':
../Core/Src/main.c:103:11: warning: statement with no effect [-Wunused-value]
  103 |           blikac;
      |           ^~~~~~
../Core/Src/main.c:104:11: warning: statement with no effect [-Wunused-value]
  104 |           tlacitka;
      |           ^~~~~~~~
../Core/Src/main.c: In function 'MX_GPIO_Init':
../Core/Src/main.c:291:17: warning: unused variable 'off_time' [-Wunused-variable]
  291 | static uint32_t off_time;
      |                 ^~~~~~~~
../Core/Src/main.c: In function 'tlacitka':
../Core/Src/main.c:312:10: error: 'off_time' undeclared (first use in this function)
  312 |          off_time = Tick + LED_TIME_SHORT;
      |          ^~~~~~~~
../Core/Src/main.c:312:10: note: each undeclared identifier is reported only once for each function it appears in
make: *** [Core/Src/subdir.mk:31: Core/Src/main.o] Error 1
"make -j4 all" terminated with exit code 2. Build might be incomplete.
09:15:15 **** Incremental Build of configuration Debug for project cv02 ****
make -j4 all 
arm-none-eabi-gcc "../Core/Src/main.c" -mcpu=cortex-m0 -std=gnu11 -g3 -DDEBUG -DSTM32F030x8 -DUSE_FULL_LL_DRIVER -DHSE_VALUE=8000000 -DHSE_STARTUP_TIMEOUT=100 -DLSE_STARTUP_TIMEOUT=5000 -DLSE_VALUE=32768 -DHSI_VALUE=8000000 -DLSI_VALUE=40000 -DVDD_VALUE=3300 -DPREFETCH_ENABLE=1 -DINSTRUCTION_CACHE_ENABLE=0 -DDATA_CACHE_ENABLE=0 -c -I../Core/Inc -I../Drivers/STM32F0xx_HAL_Driver/Inc -I../Drivers/CMSIS/Device/ST/STM32F0xx/Include -I../Drivers/CMSIS/Include -O0 -ffunction-sections -fdata-sections -Wall -fstack-usage -fcyclomatic-complexity -MMD -MP -MF"Core/Src/main.d" -MT"Core/Src/main.o" --specs=nano.specs -mfloat-abi=soft -mthumb -o "Core/Src/main.o"
../Core/Src/main.c: In function 'main':
../Core/Src/main.c:103:11: warning: statement with no effect [-Wunused-value]
  103 |           blikac;
      |           ^~~~~~
../Core/Src/main.c:104:11: warning: statement with no effect [-Wunused-value]
  104 |           tlacitka;
      |           ^~~~~~~~
../Core/Src/main.c: In function 'tlacitka':
../Core/Src/main.c:316:26: error: redeclaration of 'off_time' with no linkage
  316 |          static uint32_t off_time;
      |                          ^~~~~~~~
../Core/Src/main.c:308:26: note: previous declaration of 'off_time' with type 'uint32_t' {aka 'long unsigned int'}
  308 |          static uint32_t off_time;
      |                          ^~~~~~~~
make: *** [Core/Src/subdir.mk:31: Core/Src/main.o] Error 1
"make -j4 all" terminated with exit code 2. Build might be incomplete.
09:16:08 **** Incremental Build of configuration Debug for project cv02 ****
make -j4 all 
arm-none-eabi-gcc "../Core/Src/main.c" -mcpu=cortex-m0 -std=gnu11 -g3 -DDEBUG -DSTM32F030x8 -DUSE_FULL_LL_DRIVER -DHSE_VALUE=8000000 -DHSE_STARTUP_TIMEOUT=100 -DLSE_STARTUP_TIMEOUT=5000 -DLSE_VALUE=32768 -DHSI_VALUE=8000000 -DLSI_VALUE=40000 -DVDD_VALUE=3300 -DPREFETCH_ENABLE=1 -DINSTRUCTION_CACHE_ENABLE=0 -DDATA_CACHE_ENABLE=0 -c -I../Core/Inc -I../Drivers/STM32F0xx_HAL_Driver/Inc -I../Drivers/CMSIS/Device/ST/STM32F0xx/Include -I../Drivers/CMSIS/Include -O0 -ffunction-sections -fdata-sections -Wall -fstack-usage -fcyclomatic-complexity -MMD -MP -MF"Core/Src/main.d" -MT"Core/Src/main.o" --specs=nano.specs -mfloat-abi=soft -mthumb -o "Core/Src/main.o"
../Core/Src/main.c: In function 'main':
../Core/Src/main.c:104:11: warning: statement with no effect [-Wunused-value]
  104 |           blikac;
      |           ^~~~~~
../Core/Src/main.c:105:11: warning: statement with no effect [-Wunused-value]
  105 |           tlacitka;
      |           ^~~~~~~~
arm-none-eabi-gcc -o "cv02.elf" @"objects.list"   -mcpu=cortex-m0 -T"C:\Temp\MKSVanek\MKS\cv02\STM32F030R8TX_FLASH.ld" --specs=nosys.specs -Wl,-Map="cv02.map" -Wl,--gc-sections -static --specs=nano.specs -mfloat-abi=soft -mthumb -Wl,--start-group -lc -lm -Wl,--end-group
Finished building target: cv02.elf
 
arm-none-eabi-size  cv02.elf 
arm-none-eabi-objdump -h -S cv02.elf  > "cv02.list"
   text	   data	    bss	    dec	    hex	filename
   4996	      4	   1572	   6572	   19ac	cv02.elf
Finished building: default.size.stdout
 
Finished building: cv02.list
 
09:17:53 **** Incremental Build of configuration Debug for project cv02 ****
make -j4 all 
arm-none-eabi-gcc "../Core/Src/main.c" -mcpu=cortex-m0 -std=gnu11 -g3 -DDEBUG -DSTM32F030x8 -DUSE_FULL_LL_DRIVER -DHSE_VALUE=8000000 -DHSE_STARTUP_TIMEOUT=100 -DLSE_STARTUP_TIMEOUT=5000 -DLSE_VALUE=32768 -DHSI_VALUE=8000000 -DLSI_VALUE=40000 -DVDD_VALUE=3300 -DPREFETCH_ENABLE=1 -DINSTRUCTION_CACHE_ENABLE=0 -DDATA_CACHE_ENABLE=0 -c -I../Core/Inc -I../Drivers/STM32F0xx_HAL_Driver/Inc -I../Drivers/CMSIS/Device/ST/STM32F0xx/Include -I../Drivers/CMSIS/Include -O0 -ffunction-sections -fdata-sections -Wall -fstack-usage -fcyclomatic-complexity -MMD -MP -MF"Core/Src/main.d" -MT"Core/Src/main.o" --specs=nano.specs -mfloat-abi=soft -mthumb -o "Core/Src/main.o"
../Core/Src/main.c: In function 'main':
../Core/Src/main.c:104:11: warning: statement with no effect [-Wunused-value]
  104 |           blikac;
      |           ^~~~~~
../Core/Src/main.c:105:11: warning: statement with no effect [-Wunused-value]
  105 |           tlacitka;
      |           ^~~~~~~~
arm-none-eabi-gcc -o "cv02.elf" @"objects.list"   -mcpu=cortex-m0 -T"C:\Temp\MKSVanek\MKS\cv02\STM32F030R8TX_FLASH.ld" --specs=nosys.specs -Wl,-Map="cv02.map" -Wl,--gc-sections -static --specs=nano.specs -mfloat-abi=soft -mthumb -Wl,--start-group -lc -lm -Wl,--end-group
Finished building target: cv02.elf
 
arm-none-eabi-size  cv02.elf 
arm-none-eabi-objdump -h -S cv02.elf  > "cv02.list"
   text	   data	    bss	    dec	    hex	filename
   4996	      4	   1572	   6572	   19ac	cv02.elf
Finished building: default.size.stdout
 
Finished building: cv02.list
 
09:19:28 **** Incremental Build of configuration Debug for project cv02 ****
make -j4 all 
arm-none-eabi-gcc "../Core/Src/main.c" -mcpu=cortex-m0 -std=gnu11 -g3 -DDEBUG -DSTM32F030x8 -DUSE_FULL_LL_DRIVER -DHSE_VALUE=8000000 -DHSE_STARTUP_TIMEOUT=100 -DLSE_STARTUP_TIMEOUT=5000 -DLSE_VALUE=32768 -DHSI_VALUE=8000000 -DLSI_VALUE=40000 -DVDD_VALUE=3300 -DPREFETCH_ENABLE=1 -DINSTRUCTION_CACHE_ENABLE=0 -DDATA_CACHE_ENABLE=0 -c -I../Core/Inc -I../Drivers/STM32F0xx_HAL_Driver/Inc -I../Drivers/CMSIS/Device/ST/STM32F0xx/Include -I../Drivers/CMSIS/Include -O0 -ffunction-sections -fdata-sections -Wall -fstack-usage -fcyclomatic-complexity -MMD -MP -MF"Core/Src/main.d" -MT"Core/Src/main.o" --specs=nano.specs -mfloat-abi=soft -mthumb -o "Core/Src/main.o"
../Core/Src/main.c: In function 'main':
../Core/Src/main.c:104:11: warning: statement with no effect [-Wunused-value]
  104 |           blikac;
      |           ^~~~~~
../Core/Src/main.c:105:11: warning: statement with no effect [-Wunused-value]
  105 |           tlacitka;
      |           ^~~~~~~~
arm-none-eabi-gcc -o "cv02.elf" @"objects.list"   -mcpu=cortex-m0 -T"C:\Temp\MKSVanek\MKS\cv02\STM32F030R8TX_FLASH.ld" --specs=nosys.specs -Wl,-Map="cv02.map" -Wl,--gc-sections -static --specs=nano.specs -mfloat-abi=soft -mthumb -Wl,--start-group -lc -lm -Wl,--end-group
Finished building target: cv02.elf
 
arm-none-eabi-size  cv02.elf 
arm-none-eabi-objdump -h -S cv02.elf  > "cv02.list"
   text	   data	    bss	    dec	    hex	filename
   4996	      4	   1572	   6572	   19ac	cv02.elf
Finished building: default.size.stdout
 
Finished building: cv02.list
 
09:20:50 **** Incremental Build of configuration Debug for project cv02 ****
make -j4 all 
arm-none-eabi-gcc "../Core/Src/main.c" -mcpu=cortex-m0 -std=gnu11 -g3 -DDEBUG -DSTM32F030x8 -DUSE_FULL_LL_DRIVER -DHSE_VALUE=8000000 -DHSE_STARTUP_TIMEOUT=100 -DLSE_STARTUP_TIMEOUT=5000 -DLSE_VALUE=32768 -DHSI_VALUE=8000000 -DLSI_VALUE=40000 -DVDD_VALUE=3300 -DPREFETCH_ENABLE=1 -DINSTRUCTION_CACHE_ENABLE=0 -DDATA_CACHE_ENABLE=0 -c -I../Core/Inc -I../Drivers/STM32F0xx_HAL_Driver/Inc -I../Drivers/CMSIS/Device/ST/STM32F0xx/Include -I../Drivers/CMSIS/Include -O0 -ffunction-sections -fdata-sections -Wall -fstack-usage -fcyclomatic-complexity -MMD -MP -MF"Core/Src/main.d" -MT"Core/Src/main.o" --specs=nano.specs -mfloat-abi=soft -mthumb -o "Core/Src/main.o"
../Core/Src/main.c: In function 'main':
../Core/Src/main.c:104:11: warning: statement with no effect [-Wunused-value]
  104 |           blikac;
      |           ^~~~~~
../Core/Src/main.c:105:11: warning: statement with no effect [-Wunused-value]
  105 |           tlacitka;
      |           ^~~~~~~~
arm-none-eabi-gcc -o "cv02.elf" @"objects.list"   -mcpu=cortex-m0 -T"C:\Temp\MKSVanek\MKS\cv02\STM32F030R8TX_FLASH.ld" --specs=nosys.specs -Wl,-Map="cv02.map" -Wl,--gc-sections -static --specs=nano.specs -mfloat-abi=soft -mthumb -Wl,--start-group -lc -lm -Wl,--end-group
Finished building target: cv02.elf
 
arm-none-eabi-size  cv02.elf 
arm-none-eabi-objdump -h -S cv02.elf  > "cv02.list"
   text	   data	    bss	    dec	    hex	filename
   4996	      4	   1572	   6572	   19ac	cv02.elf
Finished building: default.size.stdout
 
Finished building: cv02.list
 
09:22:52 **** Incremental Build of configuration Debug for project cv02 ****
make -j4 all 
arm-none-eabi-gcc "../Core/Src/main.c" -mcpu=cortex-m0 -std=gnu11 -g3 -DDEBUG -DSTM32F030x8 -DUSE_FULL_LL_DRIVER -DHSE_VALUE=8000000 -DHSE_STARTUP_TIMEOUT=100 -DLSE_STARTUP_TIMEOUT=5000 -DLSE_VALUE=32768 -DHSI_VALUE=8000000 -DLSI_VALUE=40000 -DVDD_VALUE=3300 -DPREFETCH_ENABLE=1 -DINSTRUCTION_CACHE_ENABLE=0 -DDATA_CACHE_ENABLE=0 -c -I../Core/Inc -I../Drivers/STM32F0xx_HAL_Driver/Inc -I../Drivers/CMSIS/Device/ST/STM32F0xx/Include -I../Drivers/CMSIS/Include -O0 -ffunction-sections -fdata-sections -Wall -fstack-usage -fcyclomatic-complexity -MMD -MP -MF"Core/Src/main.d" -MT"Core/Src/main.o" --specs=nano.specs -mfloat-abi=soft -mthumb -o "Core/Src/main.o"
../Core/Src/main.c: In function 'main':
../Core/Src/main.c:104:11: warning: statement with no effect [-Wunused-value]
  104 |           blikac;
      |           ^~~~~~
../Core/Src/main.c:105:11: warning: statement with no effect [-Wunused-value]
  105 |           button;
      |           ^~~~~~
arm-none-eabi-gcc -o "cv02.elf" @"objects.list"   -mcpu=cortex-m0 -T"C:\Temp\MKSVanek\MKS\cv02\STM32F030R8TX_FLASH.ld" --specs=nosys.specs -Wl,-Map="cv02.map" -Wl,--gc-sections -static --specs=nano.specs -mfloat-abi=soft -mthumb -Wl,--start-group -lc -lm -Wl,--end-group
Finished building target: cv02.elf
 
arm-none-eabi-size  cv02.elf 
arm-none-eabi-objdump -h -S cv02.elf  > "cv02.list"
   text	   data	    bss	    dec	    hex	filename
   4996	      4	   1572	   6572	   19ac	cv02.elf
Finished building: default.size.stdout
 
Finished building: cv02.list
 
09:27:22 **** Incremental Build of configuration Debug for project cv02 ****
make -j4 all 
arm-none-eabi-gcc "../Core/Src/main.c" -mcpu=cortex-m0 -std=gnu11 -g3 -DDEBUG -DSTM32F030x8 -DUSE_FULL_LL_DRIVER -DHSE_VALUE=8000000 -DHSE_STARTUP_TIMEOUT=100 -DLSE_STARTUP_TIMEOUT=5000 -DLSE_VALUE=32768 -DHSI_VALUE=8000000 -DLSI_VALUE=40000 -DVDD_VALUE=3300 -DPREFETCH_ENABLE=1 -DINSTRUCTION_CACHE_ENABLE=0 -DDATA_CACHE_ENABLE=0 -c -I../Core/Inc -I../Drivers/STM32F0xx_HAL_Driver/Inc -I../Drivers/CMSIS/Device/ST/STM32F0xx/Include -I../Drivers/CMSIS/Include -O0 -ffunction-sections -fdata-sections -Wall -fstack-usage -fcyclomatic-complexity -MMD -MP -MF"Core/Src/main.d" -MT"Core/Src/main.o" --specs=nano.specs -mfloat-abi=soft -mthumb -o "Core/Src/main.o"
arm-none-eabi-gcc -o "cv02.elf" @"objects.list"   -mcpu=cortex-m0 -T"C:\Temp\MKSVanek\MKS\cv02\STM32F030R8TX_FLASH.ld" --specs=nosys.specs -Wl,-Map="cv02.map" -Wl,--gc-sections -static --specs=nano.specs -mfloat-abi=soft -mthumb -Wl,--start-group -lc -lm -Wl,--end-group
Finished building target: cv02.elf
 
arm-none-eabi-size  cv02.elf 
arm-none-eabi-objdump -h -S cv02.elf  > "cv02.list"
   text	   data	    bss	    dec	    hex	filename
   5284	      4	   1588	   6876	   1adc	cv02.elf
Finished building: default.size.stdout
 
Finished building: cv02.list
 
09:28:12 **** Incremental Build of configuration Debug for project cv02 ****
make -j4 all 
arm-none-eabi-gcc "../Core/Src/main.c" -mcpu=cortex-m0 -std=gnu11 -g3 -DDEBUG -DSTM32F030x8 -DUSE_FULL_LL_DRIVER -DHSE_VALUE=8000000 -DHSE_STARTUP_TIMEOUT=100 -DLSE_STARTUP_TIMEOUT=5000 -DLSE_VALUE=32768 -DHSI_VALUE=8000000 -DLSI_VALUE=40000 -DVDD_VALUE=3300 -DPREFETCH_ENABLE=1 -DINSTRUCTION_CACHE_ENABLE=0 -DDATA_CACHE_ENABLE=0 -c -I../Core/Inc -I../Drivers/STM32F0xx_HAL_Driver/Inc -I../Drivers/CMSIS/Device/ST/STM32F0xx/Include -I../Drivers/CMSIS/Include -O0 -ffunction-sections -fdata-sections -Wall -fstack-usage -fcyclomatic-complexity -MMD -MP -MF"Core/Src/main.d" -MT"Core/Src/main.o" --specs=nano.specs -mfloat-abi=soft -mthumb -o "Core/Src/main.o"
arm-none-eabi-gcc -o "cv02.elf" @"objects.list"   -mcpu=cortex-m0 -T"C:\Temp\MKSVanek\MKS\cv02\STM32F030R8TX_FLASH.ld" --specs=nosys.specs -Wl,-Map="cv02.map" -Wl,--gc-sections -static --specs=nano.specs -mfloat-abi=soft -mthumb -Wl,--start-group -lc -lm -Wl,--end-group
Finished building target: cv02.elf
 
arm-none-eabi-size  cv02.elf 
arm-none-eabi-objdump -h -S cv02.elf  > "cv02.list"
   text	   data	    bss	    dec	    hex	filename
   5100	      4	   1572	   6676	   1a14	cv02.elf
Finished building: default.size.stdout
 
Finished building: cv02.list
 
09:29:55 **** Incremental Build of configuration Debug for project cv02 ****
make -j4 all 
arm-none-eabi-gcc "../Core/Src/main.c" -mcpu=cortex-m0 -std=gnu11 -g3 -DDEBUG -DSTM32F030x8 -DUSE_FULL_LL_DRIVER -DHSE_VALUE=8000000 -DHSE_STARTUP_TIMEOUT=100 -DLSE_STARTUP_TIMEOUT=5000 -DLSE_VALUE=32768 -DHSI_VALUE=8000000 -DLSI_VALUE=40000 -DVDD_VALUE=3300 -DPREFETCH_ENABLE=1 -DINSTRUCTION_CACHE_ENABLE=0 -DDATA_CACHE_ENABLE=0 -c -I../Core/Inc -I../Drivers/STM32F0xx_HAL_Driver/Inc -I../Drivers/CMSIS/Device/ST/STM32F0xx/Include -I../Drivers/CMSIS/Include -O0 -ffunction-sections -fdata-sections -Wall -fstack-usage -fcyclomatic-complexity -MMD -MP -MF"Core/Src/main.d" -MT"Core/Src/main.o" --specs=nano.specs -mfloat-abi=soft -mthumb -o "Core/Src/main.o"
../Core/Src/main.c: In function 'button':
../Core/Src/main.c:309:20: error: 'delay' undeclared (first use in this function)
  309 |         if (Tick > delay + 40){
      |                    ^~~~~
../Core/Src/main.c:309:20: note: each undeclared identifier is reported only once for each function it appears in
make: *** [Core/Src/subdir.mk:31: Core/Src/main.o] Error 1
"make -j4 all" terminated with exit code 2. Build might be incomplete.
09:30:54 **** Incremental Build of configuration Debug for project cv02 ****
make -j4 all 
arm-none-eabi-gcc "../Core/Src/main.c" -mcpu=cortex-m0 -std=gnu11 -g3 -DDEBUG -DSTM32F030x8 -DUSE_FULL_LL_DRIVER -DHSE_VALUE=8000000 -DHSE_STARTUP_TIMEOUT=100 -DLSE_STARTUP_TIMEOUT=5000 -DLSE_VALUE=32768 -DHSI_VALUE=8000000 -DLSI_VALUE=40000 -DVDD_VALUE=3300 -DPREFETCH_ENABLE=1 -DINSTRUCTION_CACHE_ENABLE=0 -DDATA_CACHE_ENABLE=0 -c -I../Core/Inc -I../Drivers/STM32F0xx_HAL_Driver/Inc -I../Drivers/CMSIS/Device/ST/STM32F0xx/Include -I../Drivers/CMSIS/Include -O0 -ffunction-sections -fdata-sections -Wall -fstack-usage -fcyclomatic-complexity -MMD -MP -MF"Core/Src/main.d" -MT"Core/Src/main.o" --specs=nano.specs -mfloat-abi=soft -mthumb -o "Core/Src/main.o"
arm-none-eabi-gcc -o "cv02.elf" @"objects.list"   -mcpu=cortex-m0 -T"C:\Temp\MKSVanek\MKS\cv02\STM32F030R8TX_FLASH.ld" --specs=nosys.specs -Wl,-Map="cv02.map" -Wl,--gc-sections -static --specs=nano.specs -mfloat-abi=soft -mthumb -Wl,--start-group -lc -lm -Wl,--end-group
Finished building target: cv02.elf
 
arm-none-eabi-size  cv02.elf 
arm-none-eabi-objdump -h -S cv02.elf  > "cv02.list"
   text	   data	    bss	    dec	    hex	filename
   5100	      4	   1572	   6676	   1a14	cv02.elf
Finished building: default.size.stdout
 
Finished building: cv02.list
 
09:32:08 **** Incremental Build of configuration Debug for project cv02 ****
make -j4 all 
arm-none-eabi-gcc "../Core/Src/main.c" -mcpu=cortex-m0 -std=gnu11 -g3 -DDEBUG -DSTM32F030x8 -DUSE_FULL_LL_DRIVER -DHSE_VALUE=8000000 -DHSE_STARTUP_TIMEOUT=100 -DLSE_STARTUP_TIMEOUT=5000 -DLSE_VALUE=32768 -DHSI_VALUE=8000000 -DLSI_VALUE=40000 -DVDD_VALUE=3300 -DPREFETCH_ENABLE=1 -DINSTRUCTION_CACHE_ENABLE=0 -DDATA_CACHE_ENABLE=0 -c -I../Core/Inc -I../Drivers/STM32F0xx_HAL_Driver/Inc -I../Drivers/CMSIS/Device/ST/STM32F0xx/Include -I../Drivers/CMSIS/Include -O0 -ffunction-sections -fdata-sections -Wall -fstack-usage -fcyclomatic-complexity -MMD -MP -MF"Core/Src/main.d" -MT"Core/Src/main.o" --specs=nano.specs -mfloat-abi=soft -mthumb -o "Core/Src/main.o"
arm-none-eabi-gcc -o "cv02.elf" @"objects.list"   -mcpu=cortex-m0 -T"C:\Temp\MKSVanek\MKS\cv02\STM32F030R8TX_FLASH.ld" --specs=nosys.specs -Wl,-Map="cv02.map" -Wl,--gc-sections -static --specs=nano.specs -mfloat-abi=soft -mthumb -Wl,--start-group -lc -lm -Wl,--end-group
Finished building target: cv02.elf
 
arm-none-eabi-size  cv02.elf 
arm-none-eabi-objdump -h -S cv02.elf  > "cv02.list"
   text	   data	    bss	    dec	    hex	filename
   5304	      4	   1588	   6896	   1af0	cv02.elf
Finished building: default.size.stdout
 
Finished building: cv02.list
 
09:33:14 **** Incremental Build of configuration Debug for project cv02 ****
make -j4 all 
arm-none-eabi-gcc "../Core/Src/main.c" -mcpu=cortex-m0 -std=gnu11 -g3 -DDEBUG -DSTM32F030x8 -DUSE_FULL_LL_DRIVER -DHSE_VALUE=8000000 -DHSE_STARTUP_TIMEOUT=100 -DLSE_STARTUP_TIMEOUT=5000 -DLSE_VALUE=32768 -DHSI_VALUE=8000000 -DLSI_VALUE=40000 -DVDD_VALUE=3300 -DPREFETCH_ENABLE=1 -DINSTRUCTION_CACHE_ENABLE=0 -DDATA_CACHE_ENABLE=0 -c -I../Core/Inc -I../Drivers/STM32F0xx_HAL_Driver/Inc -I../Drivers/CMSIS/Device/ST/STM32F0xx/Include -I../Drivers/CMSIS/Include -O0 -ffunction-sections -fdata-sections -Wall -fstack-usage -fcyclomatic-complexity -MMD -MP -MF"Core/Src/main.d" -MT"Core/Src/main.o" --specs=nano.specs -mfloat-abi=soft -mthumb -o "Core/Src/main.o"
arm-none-eabi-gcc -o "cv02.elf" @"objects.list"   -mcpu=cortex-m0 -T"C:\Temp\MKSVanek\MKS\cv02\STM32F030R8TX_FLASH.ld" --specs=nosys.specs -Wl,-Map="cv02.map" -Wl,--gc-sections -static --specs=nano.specs -mfloat-abi=soft -mthumb -Wl,--start-group -lc -lm -Wl,--end-group
Finished building target: cv02.elf
 
arm-none-eabi-size  cv02.elf 
arm-none-eabi-objdump -h -S cv02.elf  > "cv02.list"
   text	   data	    bss	    dec	    hex	filename
   5312	      4	   1588	   6904	   1af8	cv02.elf
Finished building: default.size.stdout
 
Finished building: cv02.list
 
09:35:46 **** Incremental Build of configuration Debug for project cv02 ****
make -j4 all 
arm-none-eabi-gcc "../Core/Src/main.c" -mcpu=cortex-m0 -std=gnu11 -g3 -DDEBUG -DSTM32F030x8 -DUSE_FULL_LL_DRIVER -DHSE_VALUE=8000000 -DHSE_STARTUP_TIMEOUT=100 -DLSE_STARTUP_TIMEOUT=5000 -DLSE_VALUE=32768 -DHSI_VALUE=8000000 -DLSI_VALUE=40000 -DVDD_VALUE=3300 -DPREFETCH_ENABLE=1 -DINSTRUCTION_CACHE_ENABLE=0 -DDATA_CACHE_ENABLE=0 -c -I../Core/Inc -I../Drivers/STM32F0xx_HAL_Driver/Inc -I../Drivers/CMSIS/Device/ST/STM32F0xx/Include -I../Drivers/CMSIS/Include -O0 -ffunction-sections -fdata-sections -Wall -fstack-usage -fcyclomatic-complexity -MMD -MP -MF"Core/Src/main.d" -MT"Core/Src/main.o" --specs=nano.specs -mfloat-abi=soft -mthumb -o "Core/Src/main.o"
arm-none-eabi-gcc -o "cv02.elf" @"objects.list"   -mcpu=cortex-m0 -T"C:\Temp\MKSVanek\MKS\cv02\STM32F030R8TX_FLASH.ld" --specs=nosys.specs -Wl,-Map="cv02.map" -Wl,--gc-sections -static --specs=nano.specs -mfloat-abi=soft -mthumb -Wl,--start-group -lc -lm -Wl,--end-group
Finished building target: cv02.elf
 
arm-none-eabi-size  cv02.elf 
arm-none-eabi-objdump -h -S cv02.elf  > "cv02.list"
   text	   data	    bss	    dec	    hex	filename
   5312	      4	   1588	   6904	   1af8	cv02.elf
Finished building: default.size.stdout
 
Finished building: cv02.list
 
09:36:11 **** Incremental Build of configuration Debug for project cv02 ****
make -j4 all 
arm-none-eabi-gcc "../Core/Src/main.c" -mcpu=cortex-m0 -std=gnu11 -g3 -DDEBUG -DSTM32F030x8 -DUSE_FULL_LL_DRIVER -DHSE_VALUE=8000000 -DHSE_STARTUP_TIMEOUT=100 -DLSE_STARTUP_TIMEOUT=5000 -DLSE_VALUE=32768 -DHSI_VALUE=8000000 -DLSI_VALUE=40000 -DVDD_VALUE=3300 -DPREFETCH_ENABLE=1 -DINSTRUCTION_CACHE_ENABLE=0 -DDATA_CACHE_ENABLE=0 -c -I../Core/Inc -I../Drivers/STM32F0xx_HAL_Driver/Inc -I../Drivers/CMSIS/Device/ST/STM32F0xx/Include -I../Drivers/CMSIS/Include -O0 -ffunction-sections -fdata-sections -Wall -fstack-usage -fcyclomatic-complexity -MMD -MP -MF"Core/Src/main.d" -MT"Core/Src/main.o" --specs=nano.specs -mfloat-abi=soft -mthumb -o "Core/Src/main.o"
arm-none-eabi-gcc -o "cv02.elf" @"objects.list"   -mcpu=cortex-m0 -T"C:\Temp\MKSVanek\MKS\cv02\STM32F030R8TX_FLASH.ld" --specs=nosys.specs -Wl,-Map="cv02.map" -Wl,--gc-sections -static --specs=nano.specs -mfloat-abi=soft -mthumb -Wl,--start-group -lc -lm -Wl,--end-group
Finished building target: cv02.elf
 
arm-none-eabi-size  cv02.elf 
arm-none-eabi-objdump -h -S cv02.elf  > "cv02.list"
   text	   data	    bss	    dec	    hex	filename
   5320	      4	   1588	   6912	   1b00	cv02.elf
Finished building: default.size.stdout
 
Finished building: cv02.list
 
09:38:48 **** Incremental Build of configuration Debug for project cv02 ****
make -j4 all 
arm-none-eabi-gcc "../Core/Src/main.c" -mcpu=cortex-m0 -std=gnu11 -g3 -DDEBUG -DSTM32F030x8 -DUSE_FULL_LL_DRIVER -DHSE_VALUE=8000000 -DHSE_STARTUP_TIMEOUT=100 -DLSE_STARTUP_TIMEOUT=5000 -DLSE_VALUE=32768 -DHSI_VALUE=8000000 -DLSI_VALUE=40000 -DVDD_VALUE=3300 -DPREFETCH_ENABLE=1 -DINSTRUCTION_CACHE_ENABLE=0 -DDATA_CACHE_ENABLE=0 -c -I../Core/Inc -I../Drivers/STM32F0xx_HAL_Driver/Inc -I../Drivers/CMSIS/Device/ST/STM32F0xx/Include -I../Drivers/CMSIS/Include -O0 -ffunction-sections -fdata-sections -Wall -fstack-usage -fcyclomatic-complexity -MMD -MP -MF"Core/Src/main.d" -MT"Core/Src/main.o" --specs=nano.specs -mfloat-abi=soft -mthumb -o "Core/Src/main.o"
arm-none-eabi-gcc -o "cv02.elf" @"objects.list"   -mcpu=cortex-m0 -T"C:\Temp\MKSVanek\MKS\cv02\STM32F030R8TX_FLASH.ld" --specs=nosys.specs -Wl,-Map="cv02.map" -Wl,--gc-sections -static --specs=nano.specs -mfloat-abi=soft -mthumb -Wl,--start-group -lc -lm -Wl,--end-group
Finished building target: cv02.elf
 
arm-none-eabi-size  cv02.elf 
arm-none-eabi-objdump -h -S cv02.elf  > "cv02.list"
   text	   data	    bss	    dec	    hex	filename
   5312	      4	   1588	   6904	   1af8	cv02.elf
Finished building: default.size.stdout
 
Finished building: cv02.list
 
09:39:38 **** Incremental Build of configuration Debug for project cv02 ****
make -j4 all 
arm-none-eabi-gcc "../Core/Src/main.c" -mcpu=cortex-m0 -std=gnu11 -g3 -DDEBUG -DSTM32F030x8 -DUSE_FULL_LL_DRIVER -DHSE_VALUE=8000000 -DHSE_STARTUP_TIMEOUT=100 -DLSE_STARTUP_TIMEOUT=5000 -DLSE_VALUE=32768 -DHSI_VALUE=8000000 -DLSI_VALUE=40000 -DVDD_VALUE=3300 -DPREFETCH_ENABLE=1 -DINSTRUCTION_CACHE_ENABLE=0 -DDATA_CACHE_ENABLE=0 -c -I../Core/Inc -I../Drivers/STM32F0xx_HAL_Driver/Inc -I../Drivers/CMSIS/Device/ST/STM32F0xx/Include -I../Drivers/CMSIS/Include -O0 -ffunction-sections -fdata-sections -Wall -fstack-usage -fcyclomatic-complexity -MMD -MP -MF"Core/Src/main.d" -MT"Core/Src/main.o" --specs=nano.specs -mfloat-abi=soft -mthumb -o "Core/Src/main.o"
../Core/Src/main.c: In function 'button':
../Core/Src/main.c:317:9: error: 'old_s2' undeclared (first use in this function)
  317 |         old_s2 = new_s2;
      |         ^~~~~~
../Core/Src/main.c:317:9: note: each undeclared identifier is reported only once for each function it appears in
../Core/Src/main.c:317:18: error: 'new_s2' undeclared (first use in this function)
  317 |         old_s2 = new_s2;
      |                  ^~~~~~
make: *** [Core/Src/subdir.mk:31: Core/Src/main.o] Error 1
"make -j4 all" terminated with exit code 2. Build might be incomplete.
09:39:51 **** Incremental Build of configuration Debug for project cv02 ****
make -j4 all 
arm-none-eabi-gcc "../Core/Src/main.c" -mcpu=cortex-m0 -std=gnu11 -g3 -DDEBUG -DSTM32F030x8 -DUSE_FULL_LL_DRIVER -DHSE_VALUE=8000000 -DHSE_STARTUP_TIMEOUT=100 -DLSE_STARTUP_TIMEOUT=5000 -DLSE_VALUE=32768 -DHSI_VALUE=8000000 -DLSI_VALUE=40000 -DVDD_VALUE=3300 -DPREFETCH_ENABLE=1 -DINSTRUCTION_CACHE_ENABLE=0 -DDATA_CACHE_ENABLE=0 -c -I../Core/Inc -I../Drivers/STM32F0xx_HAL_Driver/Inc -I../Drivers/CMSIS/Device/ST/STM32F0xx/Include -I../Drivers/CMSIS/Include -O0 -ffunction-sections -fdata-sections -Wall -fstack-usage -fcyclomatic-complexity -MMD -MP -MF"Core/Src/main.d" -MT"Core/Src/main.o" --specs=nano.specs -mfloat-abi=soft -mthumb -o "Core/Src/main.o"
../Core/Src/main.c: In function 'button':
../Core/Src/main.c:318:9: error: 'old_s2' undeclared (first use in this function)
  318 |         old_s2 = new_s2;
      |         ^~~~~~
../Core/Src/main.c:318:9: note: each undeclared identifier is reported only once for each function it appears in
../Core/Src/main.c:318:18: error: 'new_s2' undeclared (first use in this function)
  318 |         old_s2 = new_s2;
      |                  ^~~~~~
make: *** [Core/Src/subdir.mk:31: Core/Src/main.o] Error 1
"make -j4 all" terminated with exit code 2. Build might be incomplete.
09:40:49 **** Incremental Build of configuration Debug for project cv02 ****
make -j4 all 
arm-none-eabi-gcc "../Core/Src/main.c" -mcpu=cortex-m0 -std=gnu11 -g3 -DDEBUG -DSTM32F030x8 -DUSE_FULL_LL_DRIVER -DHSE_VALUE=8000000 -DHSE_STARTUP_TIMEOUT=100 -DLSE_STARTUP_TIMEOUT=5000 -DLSE_VALUE=32768 -DHSI_VALUE=8000000 -DLSI_VALUE=40000 -DVDD_VALUE=3300 -DPREFETCH_ENABLE=1 -DINSTRUCTION_CACHE_ENABLE=0 -DDATA_CACHE_ENABLE=0 -c -I../Core/Inc -I../Drivers/STM32F0xx_HAL_Driver/Inc -I../Drivers/CMSIS/Device/ST/STM32F0xx/Include -I../Drivers/CMSIS/Include -O0 -ffunction-sections -fdata-sections -Wall -fstack-usage -fcyclomatic-complexity -MMD -MP -MF"Core/Src/main.d" -MT"Core/Src/main.o" --specs=nano.specs -mfloat-abi=soft -mthumb -o "Core/Src/main.o"
arm-none-eabi-gcc -o "cv02.elf" @"objects.list"   -mcpu=cortex-m0 -T"C:\Temp\MKSVanek\MKS\cv02\STM32F030R8TX_FLASH.ld" --specs=nosys.specs -Wl,-Map="cv02.map" -Wl,--gc-sections -static --specs=nano.specs -mfloat-abi=soft -mthumb -Wl,--start-group -lc -lm -Wl,--end-group
Finished building target: cv02.elf
 
arm-none-eabi-size  cv02.elf 
arm-none-eabi-objdump -h -S cv02.elf  > "cv02.list"
   text	   data	    bss	    dec	    hex	filename
   5312	      4	   1588	   6904	   1af8	cv02.elf
Finished building: default.size.stdout
 
Finished building: cv02.list
 
09:41:22 **** Incremental Build of configuration Debug for project cv02 ****
make -j4 all 
arm-none-eabi-gcc "../Core/Src/main.c" -mcpu=cortex-m0 -std=gnu11 -g3 -DDEBUG -DSTM32F030x8 -DUSE_FULL_LL_DRIVER -DHSE_VALUE=8000000 -DHSE_STARTUP_TIMEOUT=100 -DLSE_STARTUP_TIMEOUT=5000 -DLSE_VALUE=32768 -DHSI_VALUE=8000000 -DLSI_VALUE=40000 -DVDD_VALUE=3300 -DPREFETCH_ENABLE=1 -DINSTRUCTION_CACHE_ENABLE=0 -DDATA_CACHE_ENABLE=0 -c -I../Core/Inc -I../Drivers/STM32F0xx_HAL_Driver/Inc -I../Drivers/CMSIS/Device/ST/STM32F0xx/Include -I../Drivers/CMSIS/Include -O0 -ffunction-sections -fdata-sections -Wall -fstack-usage -fcyclomatic-complexity -MMD -MP -MF"Core/Src/main.d" -MT"Core/Src/main.o" --specs=nano.specs -mfloat-abi=soft -mthumb -o "Core/Src/main.o"
arm-none-eabi-gcc -o "cv02.elf" @"objects.list"   -mcpu=cortex-m0 -T"C:\Temp\MKSVanek\MKS\cv02\STM32F030R8TX_FLASH.ld" --specs=nosys.specs -Wl,-Map="cv02.map" -Wl,--gc-sections -static --specs=nano.specs -mfloat-abi=soft -mthumb -Wl,--start-group -lc -lm -Wl,--end-group
Finished building target: cv02.elf
 
arm-none-eabi-size  cv02.elf 
arm-none-eabi-objdump -h -S cv02.elf  > "cv02.list"
   text	   data	    bss	    dec	    hex	filename
   5312	      4	   1588	   6904	   1af8	cv02.elf
Finished building: default.size.stdout
 
Finished building: cv02.list
 
09:42:58 **** Incremental Build of configuration Debug for project cv02 ****
make -j4 all 
arm-none-eabi-gcc "../Core/Src/main.c" -mcpu=cortex-m0 -std=gnu11 -g3 -DDEBUG -DSTM32F030x8 -DUSE_FULL_LL_DRIVER -DHSE_VALUE=8000000 -DHSE_STARTUP_TIMEOUT=100 -DLSE_STARTUP_TIMEOUT=5000 -DLSE_VALUE=32768 -DHSI_VALUE=8000000 -DLSI_VALUE=40000 -DVDD_VALUE=3300 -DPREFETCH_ENABLE=1 -DINSTRUCTION_CACHE_ENABLE=0 -DDATA_CACHE_ENABLE=0 -c -I../Core/Inc -I../Drivers/STM32F0xx_HAL_Driver/Inc -I../Drivers/CMSIS/Device/ST/STM32F0xx/Include -I../Drivers/CMSIS/Include -O0 -ffunction-sections -fdata-sections -Wall -fstack-usage -fcyclomatic-complexity -MMD -MP -MF"Core/Src/main.d" -MT"Core/Src/main.o" --specs=nano.specs -mfloat-abi=soft -mthumb -o "Core/Src/main.o"
arm-none-eabi-gcc -o "cv02.elf" @"objects.list"   -mcpu=cortex-m0 -T"C:\Temp\MKSVanek\MKS\cv02\STM32F030R8TX_FLASH.ld" --specs=nosys.specs -Wl,-Map="cv02.map" -Wl,--gc-sections -static --specs=nano.specs -mfloat-abi=soft -mthumb -Wl,--start-group -lc -lm -Wl,--end-group
Finished building target: cv02.elf
 
arm-none-eabi-size  cv02.elf 
arm-none-eabi-objdump -h -S cv02.elf  > "cv02.list"
   text	   data	    bss	    dec	    hex	filename
   5312	      4	   1588	   6904	   1af8	cv02.elf
Finished building: default.size.stdout
 
Finished building: cv02.list
 
09:45:03 **** Incremental Build of configuration Debug for project cv02 ****
make -j4 all 
arm-none-eabi-gcc "../Core/Src/main.c" -mcpu=cortex-m0 -std=gnu11 -g3 -DDEBUG -DSTM32F030x8 -DUSE_FULL_LL_DRIVER -DHSE_VALUE=8000000 -DHSE_STARTUP_TIMEOUT=100 -DLSE_STARTUP_TIMEOUT=5000 -DLSE_VALUE=32768 -DHSI_VALUE=8000000 -DLSI_VALUE=40000 -DVDD_VALUE=3300 -DPREFETCH_ENABLE=1 -DINSTRUCTION_CACHE_ENABLE=0 -DDATA_CACHE_ENABLE=0 -c -I../Core/Inc -I../Drivers/STM32F0xx_HAL_Driver/Inc -I../Drivers/CMSIS/Device/ST/STM32F0xx/Include -I../Drivers/CMSIS/Include -O0 -ffunction-sections -fdata-sections -Wall -fstack-usage -fcyclomatic-complexity -MMD -MP -MF"Core/Src/main.d" -MT"Core/Src/main.o" --specs=nano.specs -mfloat-abi=soft -mthumb -o "Core/Src/main.o"
arm-none-eabi-gcc -o "cv02.elf" @"objects.list"   -mcpu=cortex-m0 -T"C:\Temp\MKSVanek\MKS\cv02\STM32F030R8TX_FLASH.ld" --specs=nosys.specs -Wl,-Map="cv02.map" -Wl,--gc-sections -static --specs=nano.specs -mfloat-abi=soft -mthumb -Wl,--start-group -lc -lm -Wl,--end-group
Finished building target: cv02.elf
 
arm-none-eabi-size  cv02.elf 
arm-none-eabi-objdump -h -S cv02.elf  > "cv02.list"
   text	   data	    bss	    dec	    hex	filename
   5308	      4	   1588	   6900	   1af4	cv02.elf
Finished building: default.size.stdout
 
Finished building: cv02.list
 
09:45:05 **** Incremental Build of configuration Debug for project cv02 ****
make -j4 all 
arm-none-eabi-size  cv02.elf 
   text	   data	    bss	    dec	    hex	filename
   5308	      4	   1588	   6900	   1af4	cv02.elf
Finished building: default.size.stdout
 
09:49:20 **** Incremental Build of configuration Debug for project cv02 ****
make -j4 all 
arm-none-eabi-gcc "../Core/Src/main.c" -mcpu=cortex-m0 -std=gnu11 -g3 -DDEBUG -DSTM32F030x8 -DUSE_FULL_LL_DRIVER -DHSE_VALUE=8000000 -DHSE_STARTUP_TIMEOUT=100 -DLSE_STARTUP_TIMEOUT=5000 -DLSE_VALUE=32768 -DHSI_VALUE=8000000 -DLSI_VALUE=40000 -DVDD_VALUE=3300 -DPREFETCH_ENABLE=1 -DINSTRUCTION_CACHE_ENABLE=0 -DDATA_CACHE_ENABLE=0 -c -I../Core/Inc -I../Drivers/STM32F0xx_HAL_Driver/Inc -I../Drivers/CMSIS/Device/ST/STM32F0xx/Include -I../Drivers/CMSIS/Include -O0 -ffunction-sections -fdata-sections -Wall -fstack-usage -fcyclomatic-complexity -MMD -MP -MF"Core/Src/main.d" -MT"Core/Src/main.o" --specs=nano.specs -mfloat-abi=soft -mthumb -o "Core/Src/main.o"
arm-none-eabi-gcc -o "cv02.elf" @"objects.list"   -mcpu=cortex-m0 -T"C:\Temp\MKSVanek\MKS\cv02\STM32F030R8TX_FLASH.ld" --specs=nosys.specs -Wl,-Map="cv02.map" -Wl,--gc-sections -static --specs=nano.specs -mfloat-abi=soft -mthumb -Wl,--start-group -lc -lm -Wl,--end-group
Finished building target: cv02.elf
 
arm-none-eabi-size  cv02.elf 
arm-none-eabi-objdump -h -S cv02.elf  > "cv02.list"
   text	   data	    bss	    dec	    hex	filename
   5396	      4	   1588	   6988	   1b4c	cv02.elf
Finished building: default.size.stdout
 
Finished building: cv02.list
 
09:50:23 **** Incremental Build of configuration Debug for project cv02 ****
make -j4 all 
arm-none-eabi-gcc "../Core/Src/main.c" -mcpu=cortex-m0 -std=gnu11 -g3 -DDEBUG -DSTM32F030x8 -DUSE_FULL_LL_DRIVER -DHSE_VALUE=8000000 -DHSE_STARTUP_TIMEOUT=100 -DLSE_STARTUP_TIMEOUT=5000 -DLSE_VALUE=32768 -DHSI_VALUE=8000000 -DLSI_VALUE=40000 -DVDD_VALUE=3300 -DPREFETCH_ENABLE=1 -DINSTRUCTION_CACHE_ENABLE=0 -DDATA_CACHE_ENABLE=0 -c -I../Core/Inc -I../Drivers/STM32F0xx_HAL_Driver/Inc -I../Drivers/CMSIS/Device/ST/STM32F0xx/Include -I../Drivers/CMSIS/Include -O0 -ffunction-sections -fdata-sections -Wall -fstack-usage -fcyclomatic-complexity -MMD -MP -MF"Core/Src/main.d" -MT"Core/Src/main.o" --specs=nano.specs -mfloat-abi=soft -mthumb -o "Core/Src/main.o"
arm-none-eabi-gcc -o "cv02.elf" @"objects.list"   -mcpu=cortex-m0 -T"C:\Temp\MKSVanek\MKS\cv02\STM32F030R8TX_FLASH.ld" --specs=nosys.specs -Wl,-Map="cv02.map" -Wl,--gc-sections -static --specs=nano.specs -mfloat-abi=soft -mthumb -Wl,--start-group -lc -lm -Wl,--end-group
Finished building target: cv02.elf
 
arm-none-eabi-size  cv02.elf 
arm-none-eabi-objdump -h -S cv02.elf  > "cv02.list"
   text	   data	    bss	    dec	    hex	filename
   5396	      4	   1588	   6988	   1b4c	cv02.elf
Finished building: default.size.stdout
 
Finished building: cv02.list
 
09:51:08 **** Incremental Build of configuration Debug for project cv02 ****
make -j4 all 
arm-none-eabi-gcc "../Core/Src/main.c" -mcpu=cortex-m0 -std=gnu11 -g3 -DDEBUG -DSTM32F030x8 -DUSE_FULL_LL_DRIVER -DHSE_VALUE=8000000 -DHSE_STARTUP_TIMEOUT=100 -DLSE_STARTUP_TIMEOUT=5000 -DLSE_VALUE=32768 -DHSI_VALUE=8000000 -DLSI_VALUE=40000 -DVDD_VALUE=3300 -DPREFETCH_ENABLE=1 -DINSTRUCTION_CACHE_ENABLE=0 -DDATA_CACHE_ENABLE=0 -c -I../Core/Inc -I../Drivers/STM32F0xx_HAL_Driver/Inc -I../Drivers/CMSIS/Device/ST/STM32F0xx/Include -I../Drivers/CMSIS/Include -O0 -ffunction-sections -fdata-sections -Wall -fstack-usage -fcyclomatic-complexity -MMD -MP -MF"Core/Src/main.d" -MT"Core/Src/main.o" --specs=nano.specs -mfloat-abi=soft -mthumb -o "Core/Src/main.o"
../Core/Src/main.c: In function 'button':
../Core/Src/main.c:325:21: error: 'old_s2' undeclared (first use in this function); did you mean 'old_s1'?
  325 |                 if (old_s2 && !new_s2) { // falling edge
      |                     ^~~~~~
      |                     old_s1
../Core/Src/main.c:325:21: note: each undeclared identifier is reported only once for each function it appears in
../Core/Src/main.c:330:26: error: 'new_s1' undeclared (first use in this function); did you mean 'new_s2'?
  330 |                 old_s2 = new_s1;
      |                          ^~~~~~
      |                          new_s2
../Core/Src/main.c:323:33: warning: unused variable 'old_s1' [-Wunused-variable]
  323 |                 static uint32_t old_s1;
      |                                 ^~~~~~
make: *** [Core/Src/subdir.mk:31: Core/Src/main.o] Error 1
"make -j4 all" terminated with exit code 2. Build might be incomplete.
09:51:29 **** Incremental Build of configuration Debug for project cv02 ****
make -j4 all 
arm-none-eabi-gcc "../Core/Src/main.c" -mcpu=cortex-m0 -std=gnu11 -g3 -DDEBUG -DSTM32F030x8 -DUSE_FULL_LL_DRIVER -DHSE_VALUE=8000000 -DHSE_STARTUP_TIMEOUT=100 -DLSE_STARTUP_TIMEOUT=5000 -DLSE_VALUE=32768 -DHSI_VALUE=8000000 -DLSI_VALUE=40000 -DVDD_VALUE=3300 -DPREFETCH_ENABLE=1 -DINSTRUCTION_CACHE_ENABLE=0 -DDATA_CACHE_ENABLE=0 -c -I../Core/Inc -I../Drivers/STM32F0xx_HAL_Driver/Inc -I../Drivers/CMSIS/Device/ST/STM32F0xx/Include -I../Drivers/CMSIS/Include -O0 -ffunction-sections -fdata-sections -Wall -fstack-usage -fcyclomatic-complexity -MMD -MP -MF"Core/Src/main.d" -MT"Core/Src/main.o" --specs=nano.specs -mfloat-abi=soft -mthumb -o "Core/Src/main.o"
../Core/Src/main.c: In function 'button':
../Core/Src/main.c:330:17: error: 'old_s2' undeclared (first use in this function); did you mean 'old_s1'?
  330 |                 old_s2 = new_s1;
      |                 ^~~~~~
      |                 old_s1
../Core/Src/main.c:330:17: note: each undeclared identifier is reported only once for each function it appears in
make: *** [Core/Src/subdir.mk:31: Core/Src/main.o] Error 1
"make -j4 all" terminated with exit code 2. Build might be incomplete.
09:51:37 **** Incremental Build of configuration Debug for project cv02 ****
make -j4 all 
arm-none-eabi-gcc "../Core/Src/main.c" -mcpu=cortex-m0 -std=gnu11 -g3 -DDEBUG -DSTM32F030x8 -DUSE_FULL_LL_DRIVER -DHSE_VALUE=8000000 -DHSE_STARTUP_TIMEOUT=100 -DLSE_STARTUP_TIMEOUT=5000 -DLSE_VALUE=32768 -DHSI_VALUE=8000000 -DLSI_VALUE=40000 -DVDD_VALUE=3300 -DPREFETCH_ENABLE=1 -DINSTRUCTION_CACHE_ENABLE=0 -DDATA_CACHE_ENABLE=0 -c -I../Core/Inc -I../Drivers/STM32F0xx_HAL_Driver/Inc -I../Drivers/CMSIS/Device/ST/STM32F0xx/Include -I../Drivers/CMSIS/Include -O0 -ffunction-sections -fdata-sections -Wall -fstack-usage -fcyclomatic-complexity -MMD -MP -MF"Core/Src/main.d" -MT"Core/Src/main.o" --specs=nano.specs -mfloat-abi=soft -mthumb -o "Core/Src/main.o"
../Core/Src/main.c: In function 'button':
../Core/Src/main.c:330:17: error: 'old_s2' undeclared (first use in this function); did you mean 'old_s1'?
  330 |                 old_s2 = new_s1;
      |                 ^~~~~~
      |                 old_s1
../Core/Src/main.c:330:17: note: each undeclared identifier is reported only once for each function it appears in
make: *** [Core/Src/subdir.mk:31: Core/Src/main.o] Error 1
"make -j4 all" terminated with exit code 2. Build might be incomplete.
09:51:49 **** Incremental Build of configuration Debug for project cv02 ****
make -j4 all 
arm-none-eabi-gcc "../Core/Src/main.c" -mcpu=cortex-m0 -std=gnu11 -g3 -DDEBUG -DSTM32F030x8 -DUSE_FULL_LL_DRIVER -DHSE_VALUE=8000000 -DHSE_STARTUP_TIMEOUT=100 -DLSE_STARTUP_TIMEOUT=5000 -DLSE_VALUE=32768 -DHSI_VALUE=8000000 -DLSI_VALUE=40000 -DVDD_VALUE=3300 -DPREFETCH_ENABLE=1 -DINSTRUCTION_CACHE_ENABLE=0 -DDATA_CACHE_ENABLE=0 -c -I../Core/Inc -I../Drivers/STM32F0xx_HAL_Driver/Inc -I../Drivers/CMSIS/Device/ST/STM32F0xx/Include -I../Drivers/CMSIS/Include -O0 -ffunction-sections -fdata-sections -Wall -fstack-usage -fcyclomatic-complexity -MMD -MP -MF"Core/Src/main.d" -MT"Core/Src/main.o" --specs=nano.specs -mfloat-abi=soft -mthumb -o "Core/Src/main.o"
arm-none-eabi-gcc -o "cv02.elf" @"objects.list"   -mcpu=cortex-m0 -T"C:\Temp\MKSVanek\MKS\cv02\STM32F030R8TX_FLASH.ld" --specs=nosys.specs -Wl,-Map="cv02.map" -Wl,--gc-sections -static --specs=nano.specs -mfloat-abi=soft -mthumb -Wl,--start-group -lc -lm -Wl,--end-group
Finished building target: cv02.elf
 
arm-none-eabi-size  cv02.elf 
arm-none-eabi-objdump -h -S cv02.elf  > "cv02.list"
   text	   data	    bss	    dec	    hex	filename
   5396	      4	   1588	   6988	   1b4c	cv02.elf
Finished building: default.size.stdout
 
Finished building: cv02.list
 
09:54:11 **** Incremental Build of configuration Debug for project cv02 ****
make -j4 all 
arm-none-eabi-gcc "../Core/Src/main.c" -mcpu=cortex-m0 -std=gnu11 -g3 -DDEBUG -DSTM32F030x8 -DUSE_FULL_LL_DRIVER -DHSE_VALUE=8000000 -DHSE_STARTUP_TIMEOUT=100 -DLSE_STARTUP_TIMEOUT=5000 -DLSE_VALUE=32768 -DHSI_VALUE=8000000 -DLSI_VALUE=40000 -DVDD_VALUE=3300 -DPREFETCH_ENABLE=1 -DINSTRUCTION_CACHE_ENABLE=0 -DDATA_CACHE_ENABLE=0 -c -I../Core/Inc -I../Drivers/STM32F0xx_HAL_Driver/Inc -I../Drivers/CMSIS/Device/ST/STM32F0xx/Include -I../Drivers/CMSIS/Include -O0 -ffunction-sections -fdata-sections -Wall -fstack-usage -fcyclomatic-complexity -MMD -MP -MF"Core/Src/main.d" -MT"Core/Src/main.o" --specs=nano.specs -mfloat-abi=soft -mthumb -o "Core/Src/main.o"
arm-none-eabi-gcc -o "cv02.elf" @"objects.list"   -mcpu=cortex-m0 -T"C:\Temp\MKSVanek\MKS\cv02\STM32F030R8TX_FLASH.ld" --specs=nosys.specs -Wl,-Map="cv02.map" -Wl,--gc-sections -static --specs=nano.specs -mfloat-abi=soft -mthumb -Wl,--start-group -lc -lm -Wl,--end-group
Finished building target: cv02.elf
 
arm-none-eabi-size  cv02.elf 
arm-none-eabi-objdump -h -S cv02.elf  > "cv02.list"
   text	   data	    bss	    dec	    hex	filename
   5396	      4	   1588	   6988	   1b4c	cv02.elf
Finished building: default.size.stdout
 
Finished building: cv02.list
 
10:01:51 **** Incremental Build of configuration Debug for project cv02 ****
make -j4 all 
arm-none-eabi-gcc "../Core/Src/main.c" -mcpu=cortex-m0 -std=gnu11 -g3 -DDEBUG -DSTM32F030x8 -DUSE_FULL_LL_DRIVER -DHSE_VALUE=8000000 -DHSE_STARTUP_TIMEOUT=100 -DLSE_STARTUP_TIMEOUT=5000 -DLSE_VALUE=32768 -DHSI_VALUE=8000000 -DLSI_VALUE=40000 -DVDD_VALUE=3300 -DPREFETCH_ENABLE=1 -DINSTRUCTION_CACHE_ENABLE=0 -DDATA_CACHE_ENABLE=0 -c -I../Core/Inc -I../Drivers/STM32F0xx_HAL_Driver/Inc -I../Drivers/CMSIS/Device/ST/STM32F0xx/Include -I../Drivers/CMSIS/Include -O0 -ffunction-sections -fdata-sections -Wall -fstack-usage -fcyclomatic-complexity -MMD -MP -MF"Core/Src/main.d" -MT"Core/Src/main.o" --specs=nano.specs -mfloat-abi=soft -mthumb -o "Core/Src/main.o"
../Core/Src/main.c: In function 'button':
../Core/Src/main.c:347:41: error: 'delay1' undeclared (first use in this function); did you mean 'delay'?
  347 |                                         delay1 = Tick;
      |                                         ^~~~~~
      |                                         delay
../Core/Src/main.c:347:41: note: each undeclared identifier is reported only once for each function it appears in
make: *** [Core/Src/subdir.mk:31: Core/Src/main.o] Error 1
"make -j4 all" terminated with exit code 2. Build might be incomplete.
10:02:01 **** Incremental Build of configuration Debug for project cv02 ****
make -j4 all 
arm-none-eabi-gcc "../Core/Src/main.c" -mcpu=cortex-m0 -std=gnu11 -g3 -DDEBUG -DSTM32F030x8 -DUSE_FULL_LL_DRIVER -DHSE_VALUE=8000000 -DHSE_STARTUP_TIMEOUT=100 -DLSE_STARTUP_TIMEOUT=5000 -DLSE_VALUE=32768 -DHSI_VALUE=8000000 -DLSI_VALUE=40000 -DVDD_VALUE=3300 -DPREFETCH_ENABLE=1 -DINSTRUCTION_CACHE_ENABLE=0 -DDATA_CACHE_ENABLE=0 -c -I../Core/Inc -I../Drivers/STM32F0xx_HAL_Driver/Inc -I../Drivers/CMSIS/Device/ST/STM32F0xx/Include -I../Drivers/CMSIS/Include -O0 -ffunction-sections -fdata-sections -Wall -fstack-usage -fcyclomatic-complexity -MMD -MP -MF"Core/Src/main.d" -MT"Core/Src/main.o" --specs=nano.specs -mfloat-abi=soft -mthumb -o "Core/Src/main.o"
arm-none-eabi-gcc -o "cv02.elf" @"objects.list"   -mcpu=cortex-m0 -T"C:\Temp\MKSVanek\MKS\cv02\STM32F030R8TX_FLASH.ld" --specs=nosys.specs -Wl,-Map="cv02.map" -Wl,--gc-sections -static --specs=nano.specs -mfloat-abi=soft -mthumb -Wl,--start-group -lc -lm -Wl,--end-group
Finished building target: cv02.elf
 
arm-none-eabi-size  cv02.elf 
arm-none-eabi-objdump -h -S cv02.elf  > "cv02.list"
   text	   data	    bss	    dec	    hex	filename
   5416	      8	   1592	   7016	   1b68	cv02.elf
Finished building: default.size.stdout
 
Finished building: cv02.list
 
10:12:27 **** Incremental Build of configuration Debug for project cv02 ****
make -j4 all 
arm-none-eabi-gcc "../Core/Src/main.c" -mcpu=cortex-m0 -std=gnu11 -g3 -DDEBUG -DSTM32F030x8 -DUSE_FULL_LL_DRIVER -DHSE_VALUE=8000000 -DHSE_STARTUP_TIMEOUT=100 -DLSE_STARTUP_TIMEOUT=5000 -DLSE_VALUE=32768 -DHSI_VALUE=8000000 -DLSI_VALUE=40000 -DVDD_VALUE=3300 -DPREFETCH_ENABLE=1 -DINSTRUCTION_CACHE_ENABLE=0 -DDATA_CACHE_ENABLE=0 -c -I../Core/Inc -I../Drivers/STM32F0xx_HAL_Driver/Inc -I../Drivers/CMSIS/Device/ST/STM32F0xx/Include -I../Drivers/CMSIS/Include -O0 -ffunction-sections -fdata-sections -Wall -fstack-usage -fcyclomatic-complexity -MMD -MP -MF"Core/Src/main.d" -MT"Core/Src/main.o" --specs=nano.specs -mfloat-abi=soft -mthumb -o "Core/Src/main.o"
arm-none-eabi-gcc -o "cv02.elf" @"objects.list"   -mcpu=cortex-m0 -T"C:\Temp\MKSVanek\MKS\cv02\STM32F030R8TX_FLASH.ld" --specs=nosys.specs -Wl,-Map="cv02.map" -Wl,--gc-sections -static --specs=nano.specs -mfloat-abi=soft -mthumb -Wl,--start-group -lc -lm -Wl,--end-group
Finished building target: cv02.elf
 
arm-none-eabi-size  cv02.elf 
arm-none-eabi-objdump -h -S cv02.elf  > "cv02.list"
   text	   data	    bss	    dec	    hex	filename
   5416	      8	   1592	   7016	   1b68	cv02.elf
Finished building: default.size.stdout
 
Finished building: cv02.list
 
08:35:06 **** Build of configuration Debug for project cv03 ****
make -j4 all 
arm-none-eabi-gcc "../Drivers/STM32F0xx_HAL_Driver/Src/stm32f0xx_hal.c" -mcpu=cortex-m0 -std=gnu11 -g3 -DDEBUG -DUSE_HAL_DRIVER -DSTM32F030x8 -c -I../Core/Inc -I../Drivers/STM32F0xx_HAL_Driver/Inc -I../Drivers/STM32F0xx_HAL_Driver/Inc/Legacy -I../Drivers/CMSIS/Device/ST/STM32F0xx/Include -I../Drivers/CMSIS/Include -O0 -ffunction-sections -fdata-sections -Wall -fstack-usage -fcyclomatic-complexity -MMD -MP -MF"Drivers/STM32F0xx_HAL_Driver/Src/stm32f0xx_hal.d" -MT"Drivers/STM32F0xx_HAL_Driver/Src/stm32f0xx_hal.o" --specs=nano.specs -mfloat-abi=soft -mthumb -o "Drivers/STM32F0xx_HAL_Driver/Src/stm32f0xx_hal.o"
arm-none-eabi-gcc "../Drivers/STM32F0xx_HAL_Driver/Src/stm32f0xx_hal_cortex.c" -mcpu=cortex-m0 -std=gnu11 -g3 -DDEBUG -DUSE_HAL_DRIVER -DSTM32F030x8 -c -I../Core/Inc -I../Drivers/STM32F0xx_HAL_Driver/Inc -I../Drivers/STM32F0xx_HAL_Driver/Inc/Legacy -I../Drivers/CMSIS/Device/ST/STM32F0xx/Include -I../Drivers/CMSIS/Include -O0 -ffunction-sections -fdata-sections -Wall -fstack-usage -fcyclomatic-complexity -MMD -MP -MF"Drivers/STM32F0xx_HAL_Driver/Src/stm32f0xx_hal_cortex.d" -MT"Drivers/STM32F0xx_HAL_Driver/Src/stm32f0xx_hal_cortex.o" --specs=nano.specs -mfloat-abi=soft -mthumb -o "Drivers/STM32F0xx_HAL_Driver/Src/stm32f0xx_hal_cortex.o"
arm-none-eabi-gcc "../Drivers/STM32F0xx_HAL_Driver/Src/stm32f0xx_hal_dma.c" -mcpu=cortex-m0 -std=gnu11 -g3 -DDEBUG -DUSE_HAL_DRIVER -DSTM32F030x8 -c -I../Core/Inc -I../Drivers/STM32F0xx_HAL_Driver/Inc -I../Drivers/STM32F0xx_HAL_Driver/Inc/Legacy -I../Drivers/CMSIS/Device/ST/STM32F0xx/Include -I../Drivers/CMSIS/Include -O0 -ffunction-sections -fdata-sections -Wall -fstack-usage -fcyclomatic-complexity -MMD -MP -MF"Drivers/STM32F0xx_HAL_Driver/Src/stm32f0xx_hal_dma.d" -MT"Drivers/STM32F0xx_HAL_Driver/Src/stm32f0xx_hal_dma.o" --specs=nano.specs -mfloat-abi=soft -mthumb -o "Drivers/STM32F0xx_HAL_Driver/Src/stm32f0xx_hal_dma.o"
arm-none-eabi-gcc "../Drivers/STM32F0xx_HAL_Driver/Src/stm32f0xx_hal_exti.c" -mcpu=cortex-m0 -std=gnu11 -g3 -DDEBUG -DUSE_HAL_DRIVER -DSTM32F030x8 -c -I../Core/Inc -I../Drivers/STM32F0xx_HAL_Driver/Inc -I../Drivers/STM32F0xx_HAL_Driver/Inc/Legacy -I../Drivers/CMSIS/Device/ST/STM32F0xx/Include -I../Drivers/CMSIS/Include -O0 -ffunction-sections -fdata-sections -Wall -fstack-usage -fcyclomatic-complexity -MMD -MP -MF"Drivers/STM32F0xx_HAL_Driver/Src/stm32f0xx_hal_exti.d" -MT"Drivers/STM32F0xx_HAL_Driver/Src/stm32f0xx_hal_exti.o" --specs=nano.specs -mfloat-abi=soft -mthumb -o "Drivers/STM32F0xx_HAL_Driver/Src/stm32f0xx_hal_exti.o"
arm-none-eabi-gcc "../Drivers/STM32F0xx_HAL_Driver/Src/stm32f0xx_hal_flash.c" -mcpu=cortex-m0 -std=gnu11 -g3 -DDEBUG -DUSE_HAL_DRIVER -DSTM32F030x8 -c -I../Core/Inc -I../Drivers/STM32F0xx_HAL_Driver/Inc -I../Drivers/STM32F0xx_HAL_Driver/Inc/Legacy -I../Drivers/CMSIS/Device/ST/STM32F0xx/Include -I../Drivers/CMSIS/Include -O0 -ffunction-sections -fdata-sections -Wall -fstack-usage -fcyclomatic-complexity -MMD -MP -MF"Drivers/STM32F0xx_HAL_Driver/Src/stm32f0xx_hal_flash.d" -MT"Drivers/STM32F0xx_HAL_Driver/Src/stm32f0xx_hal_flash.o" --specs=nano.specs -mfloat-abi=soft -mthumb -o "Drivers/STM32F0xx_HAL_Driver/Src/stm32f0xx_hal_flash.o"
arm-none-eabi-gcc "../Drivers/STM32F0xx_HAL_Driver/Src/stm32f0xx_hal_flash_ex.c" -mcpu=cortex-m0 -std=gnu11 -g3 -DDEBUG -DUSE_HAL_DRIVER -DSTM32F030x8 -c -I../Core/Inc -I../Drivers/STM32F0xx_HAL_Driver/Inc -I../Drivers/STM32F0xx_HAL_Driver/Inc/Legacy -I../Drivers/CMSIS/Device/ST/STM32F0xx/Include -I../Drivers/CMSIS/Include -O0 -ffunction-sections -fdata-sections -Wall -fstack-usage -fcyclomatic-complexity -MMD -MP -MF"Drivers/STM32F0xx_HAL_Driver/Src/stm32f0xx_hal_flash_ex.d" -MT"Drivers/STM32F0xx_HAL_Driver/Src/stm32f0xx_hal_flash_ex.o" --specs=nano.specs -mfloat-abi=soft -mthumb -o "Drivers/STM32F0xx_HAL_Driver/Src/stm32f0xx_hal_flash_ex.o"
[...]
   75 |         token = strtok(cmd, " ");
      |               ^
../Core/Src/main.c:76:13: warning: implicit declaration of function 'strcasecmp' [-Wimplicit-function-declaration]
   76 |         if (strcasecmp(token, "HELLO") == 0)
      |             ^~~~~~~~~~
../Core/Src/main.c:82:23: warning: assignment to 'char *' from 'int' makes pointer from integer without a cast [-Wint-conversion]
   82 |                 token = strtok(NULL, " ");
      |                       ^
../Core/Src/main.c:95:23: warning: assignment to 'char *' from 'int' makes pointer from integer without a cast [-Wint-conversion]
   95 |                 token = strtok(NULL, " ");
      |                       ^
../Core/Src/main.c: In function 'uart_byte_available':
../Core/Src/main.c:134:17: error: too few arguments to function 'uart_process_command'
  134 |                 uart_process_command(data);
      |                 ^~~~~~~~~~~~~~~~~~~~
../Core/Src/main.c:71:13: note: declared here
   71 | static void uart_process_command(char *cmd,int n)
      |             ^~~~~~~~~~~~~~~~~~~~
make: *** [Core/Src/subdir.mk:34: Core/Src/main.o] Error 1
make: *** Waiting for unfinished jobs....
"make -j4 all" terminated with exit code 2. Build might be incomplete.
09:08:00 **** Incremental Build of configuration Debug for project cv05uart ****
make -j4 all 
arm-none-eabi-gcc "../Core/Src/main.c" -mcpu=cortex-m0 -std=gnu11 -g3 -DDEBUG -DUSE_HAL_DRIVER -DSTM32F030x8 -c -I../Core/Inc -I../Drivers/STM32F0xx_HAL_Driver/Inc -I../Drivers/STM32F0xx_HAL_Driver/Inc/Legacy -I../Drivers/CMSIS/Device/ST/STM32F0xx/Include -I../Drivers/CMSIS/Include -O0 -ffunction-sections -fdata-sections -Wall -fstack-usage -fcyclomatic-complexity -MMD -MP -MF"Core/Src/main.d" -MT"Core/Src/main.o" --specs=nano.specs -mfloat-abi=soft -mthumb -o "Core/Src/main.o"
../Core/Src/main.c: In function 'uart_process_command':
../Core/Src/main.c:73:9: warning: implicit declaration of function 'printf' [-Wimplicit-function-declaration]
   73 |         printf("prijato: '%s'\n", cmd);
      |         ^~~~~~
../Core/Src/main.c:21:1: note: include '<stdio.h>' or provide a declaration of 'printf'
   20 | #include "main.h"
  +++ |+#include <stdio.h>
   21 | 
../Core/Src/main.c:73:9: warning: incompatible implicit declaration of built-in function 'printf' [-Wbuiltin-declaration-mismatch]
   73 |         printf("prijato: '%s'\n", cmd);
      |         ^~~~~~
../Core/Src/main.c:73:9: note: include '<stdio.h>' or provide a declaration of 'printf'
../Core/Src/main.c:75:17: warning: implicit declaration of function 'strtok' [-Wimplicit-function-declaration]
   75 |         token = strtok(cmd, " ");
      |                 ^~~~~~
../Core/Src/main.c:75:15: warning: assignment to 'char *' from 'int' makes pointer from integer without a cast [-Wint-conversion]
   75 |         token = strtok(cmd, " ");
      |               ^
../Core/Src/main.c:76:13: warning: implicit declaration of function 'strcasecmp' [-Wimplicit-function-declaration]
   76 |         if (strcasecmp(token, "HELLO") == 0)
      |             ^~~~~~~~~~
../Core/Src/main.c:82:23: warning: assignment to 'char *' from 'int' makes pointer from integer without a cast [-Wint-conversion]
   82 |                 token = strtok(NULL, " ");
      |                       ^
../Core/Src/main.c:95:23: warning: assignment to 'char *' from 'int' makes pointer from integer without a cast [-Wint-conversion]
   95 |                 token = strtok(NULL, " ");
      |                       ^
../Core/Src/main.c: In function 'uart_byte_available':
../Core/Src/main.c:134:17: error: too few arguments to function 'uart_process_command'
  134 |                 uart_process_command(data);
      |                 ^~~~~~~~~~~~~~~~~~~~
../Core/Src/main.c:71:13: note: declared here
   71 | static void uart_process_command(char *cmd,int n)
      |             ^~~~~~~~~~~~~~~~~~~~
make: *** [Core/Src/subdir.mk:34: Core/Src/main.o] Error 1
"make -j4 all" terminated with exit code 2. Build might be incomplete.
09:08:15 **** Incremental Build of configuration Debug for project cv05uart ****
make -j4 all 
arm-none-eabi-gcc "../Core/Src/main.c" -mcpu=cortex-m0 -std=gnu11 -g3 -DDEBUG -DUSE_HAL_DRIVER -DSTM32F030x8 -c -I../Core/Inc -I../Drivers/STM32F0xx_HAL_Driver/Inc -I../Drivers/STM32F0xx_HAL_Driver/Inc/Legacy -I../Drivers/CMSIS/Device/ST/STM32F0xx/Include -I../Drivers/CMSIS/Include -O0 -ffunction-sections -fdata-sections -Wall -fstack-usage -fcyclomatic-complexity -MMD -MP -MF"Core/Src/main.d" -MT"Core/Src/main.o" --specs=nano.specs -mfloat-abi=soft -mthumb -o "Core/Src/main.o"
../Core/Src/main.c: In function 'uart_process_command':
../Core/Src/main.c:73:9: warning: implicit declaration of function 'printf' [-Wimplicit-function-declaration]
   73 |         printf("prijato: '%s'\n", cmd);
      |         ^~~~~~
../Core/Src/main.c:21:1: note: include '<stdio.h>' or provide a declaration of 'printf'
   20 | #include "main.h"
  +++ |+#include <stdio.h>
   21 | 
../Core/Src/main.c:73:9: warning: incompatible implicit declaration of built-in function 'printf' [-Wbuiltin-declaration-mismatch]
   73 |         printf("prijato: '%s'\n", cmd);
      |         ^~~~~~
../Core/Src/main.c:73:9: note: include '<stdio.h>' or provide a declaration of 'printf'
../Core/Src/main.c:75:17: warning: implicit declaration of function 'strtok' [-Wimplicit-function-declaration]
   75 |         token = strtok(cmd, " ");
      |                 ^~~~~~
../Core/Src/main.c:75:15: warning: assignment to 'char *' from 'int' makes pointer from integer without a cast [-Wint-conversion]
   75 |         token = strtok(cmd, " ");
      |               ^
../Core/Src/main.c:76:13: warning: implicit declaration of function 'strcasecmp' [-Wimplicit-function-declaration]
   76 |         if (strcasecmp(token, "HELLO") == 0)
      |             ^~~~~~~~~~
../Core/Src/main.c:82:23: warning: assignment to 'char *' from 'int' makes pointer from integer without a cast [-Wint-conversion]
   82 |                 token = strtok(NULL, " ");
      |                       ^
../Core/Src/main.c:95:23: warning: assignment to 'char *' from 'int' makes pointer from integer without a cast [-Wint-conversion]
   95 |                 token = strtok(NULL, " ");
      |                       ^
../Core/Src/main.c: In function 'uart_byte_available':
../Core/Src/main.c:134:17: error: too few arguments to function 'uart_process_command'
  134 |                 uart_process_command(data);
      |                 ^~~~~~~~~~~~~~~~~~~~
../Core/Src/main.c:71:13: note: declared here
   71 | static void uart_process_command(char *cmd,int n)
      |             ^~~~~~~~~~~~~~~~~~~~
make: *** [Core/Src/subdir.mk:34: Core/Src/main.o] Error 1
"make -j4 all" terminated with exit code 2. Build might be incomplete.
09:11:12 **** Incremental Build of configuration Debug for project cv05uart ****
make -j4 all 
arm-none-eabi-gcc "../Core/Src/main.c" -mcpu=cortex-m0 -std=gnu11 -g3 -DDEBUG -DUSE_HAL_DRIVER -DSTM32F030x8 -c -I../Core/Inc -I../Drivers/STM32F0xx_HAL_Driver/Inc -I../Drivers/STM32F0xx_HAL_Driver/Inc/Legacy -I../Drivers/CMSIS/Device/ST/STM32F0xx/Include -I../Drivers/CMSIS/Include -O0 -ffunction-sections -fdata-sections -Wall -fstack-usage -fcyclomatic-complexity -MMD -MP -MF"Core/Src/main.d" -MT"Core/Src/main.o" --specs=nano.specs -mfloat-abi=soft -mthumb -o "Core/Src/main.o"
../Core/Src/main.c: In function 'uart_process_command':
../Core/Src/main.c:73:9: warning: implicit declaration of function 'printf' [-Wimplicit-function-declaration]
   73 |         printf("prijato: '%s'\n", cmd);
      |         ^~~~~~
../Core/Src/main.c:21:1: note: include '<stdio.h>' or provide a declaration of 'printf'
   20 | #include "main.h"
  +++ |+#include <stdio.h>
   21 | 
../Core/Src/main.c:73:9: warning: incompatible implicit declaration of built-in function 'printf' [-Wbuiltin-declaration-mismatch]
   73 |         printf("prijato: '%s'\n", cmd);
      |         ^~~~~~
../Core/Src/main.c:73:9: note: include '<stdio.h>' or provide a declaration of 'printf'
../Core/Src/main.c:75:17: warning: implicit declaration of function 'strtok' [-Wimplicit-function-declaration]
   75 |         token = strtok(cmd, " ");
      |                 ^~~~~~
../Core/Src/main.c:75:15: warning: assignment to 'char *' from 'int' makes pointer from integer without a cast [-Wint-conversion]
   75 |         token = strtok(cmd, " ");
      |               ^
../Core/Src/main.c:76:13: warning: implicit declaration of function 'strcasecmp' [-Wimplicit-function-declaration]
   76 |         if (strcasecmp(token, "HELLO") == 0)
      |             ^~~~~~~~~~
../Core/Src/main.c:82:23: warning: assignment to 'char *' from 'int' makes pointer from integer without a cast [-Wint-conversion]
   82 |                 token = strtok(NULL, " ");
      |                       ^
../Core/Src/main.c:95:23: warning: assignment to 'char *' from 'int' makes pointer from integer without a cast [-Wint-conversion]
   95 |                 token = strtok(NULL, " ");
      |                       ^
../Core/Src/main.c: In function 'uart_byte_available':
../Core/Src/main.c:134:17: error: too few arguments to function 'uart_process_command'
  134 |                 uart_process_command(data);
      |                 ^~~~~~~~~~~~~~~~~~~~
../Core/Src/main.c:71:13: note: declared here
   71 | static void uart_process_command(char *cmd,int n)
      |             ^~~~~~~~~~~~~~~~~~~~
make: *** [Core/Src/subdir.mk:34: Core/Src/main.o] Error 1
"make -j4 all" terminated with exit code 2. Build might be incomplete.
09:11:44 **** Incremental Build of configuration Debug for project cv05uart ****
make -j4 all 
arm-none-eabi-gcc "../Core/Src/main.c" -mcpu=cortex-m0 -std=gnu11 -g3 -DDEBUG -DUSE_HAL_DRIVER -DSTM32F030x8 -c -I../Core/Inc -I../Drivers/STM32F0xx_HAL_Driver/Inc -I../Drivers/STM32F0xx_HAL_Driver/Inc/Legacy -I../Drivers/CMSIS/Device/ST/STM32F0xx/Include -I../Drivers/CMSIS/Include -O0 -ffunction-sections -fdata-sections -Wall -fstack-usage -fcyclomatic-complexity -MMD -MP -MF"Core/Src/main.d" -MT"Core/Src/main.o" --specs=nano.specs -mfloat-abi=soft -mthumb -o "Core/Src/main.o"
../Core/Src/main.c: In function 'uart_process_command':
../Core/Src/main.c:73:9: warning: implicit declaration of function 'printf' [-Wimplicit-function-declaration]
   73 |         printf("prijato: '%s'\n", cmd);
      |         ^~~~~~
../Core/Src/main.c:21:1: note: include '<stdio.h>' or provide a declaration of 'printf'
   20 | #include "main.h"
  +++ |+#include <stdio.h>
   21 | 
../Core/Src/main.c:73:9: warning: incompatible implicit declaration of built-in function 'printf' [-Wbuiltin-declaration-mismatch]
   73 |         printf("prijato: '%s'\n", cmd);
      |         ^~~~~~
../Core/Src/main.c:73:9: note: include '<stdio.h>' or provide a declaration of 'printf'
../Core/Src/main.c:75:17: warning: implicit declaration of function 'strtok' [-Wimplicit-function-declaration]
   75 |         token = strtok(cmd, " ");
      |                 ^~~~~~
../Core/Src/main.c:75:15: warning: assignment to 'char *' from 'int' makes pointer from integer without a cast [-Wint-conversion]
   75 |         token = strtok(cmd, " ");
      |               ^
../Core/Src/main.c:76:13: warning: implicit declaration of function 'strcasecmp' [-Wimplicit-function-declaration]
   76 |         if (strcasecmp(token, "HELLO") == 0)
      |             ^~~~~~~~~~
../Core/Src/main.c:82:23: warning: assignment to 'char *' from 'int' makes pointer from integer without a cast [-Wint-conversion]
   82 |                 token = strtok(NULL, " ");
      |                       ^
../Core/Src/main.c:95:23: warning: assignment to 'char *' from 'int' makes pointer from integer without a cast [-Wint-conversion]
   95 |                 token = strtok(NULL, " ");
      |                       ^
../Core/Src/main.c: In function 'uart_byte_available':
../Core/Src/main.c:134:17: error: too few arguments to function 'uart_process_command'
  134 |                 uart_process_command(data);
      |                 ^~~~~~~~~~~~~~~~~~~~
../Core/Src/main.c:71:13: note: declared here
   71 | static void uart_process_command(char *cmd,int n)
      |             ^~~~~~~~~~~~~~~~~~~~
make: *** [Core/Src/subdir.mk:34: Core/Src/main.o] Error 1
"make -j4 all" terminated with exit code 2. Build might be incomplete.
09:12:43 **** Incremental Build of configuration Debug for project cv05uart ****
make -j4 all 
arm-none-eabi-gcc "../Core/Src/main.c" -mcpu=cortex-m0 -std=gnu11 -g3 -DDEBUG -DUSE_HAL_DRIVER -DSTM32F030x8 -c -I../Core/Inc -I../Drivers/STM32F0xx_HAL_Driver/Inc -I../Drivers/STM32F0xx_HAL_Driver/Inc/Legacy -I../Drivers/CMSIS/Device/ST/STM32F0xx/Include -I../Drivers/CMSIS/Include -O0 -ffunction-sections -fdata-sections -Wall -fstack-usage -fcyclomatic-complexity -MMD -MP -MF"Core/Src/main.d" -MT"Core/Src/main.o" --specs=nano.specs -mfloat-abi=soft -mthumb -o "Core/Src/main.o"
../Core/Src/main.c: In function 'uart_process_command':
../Core/Src/main.c:73:9: warning: implicit declaration of function 'printf' [-Wimplicit-function-declaration]
   73 |         printf("prijato: '%s'\n", cmd);
      |         ^~~~~~
../Core/Src/main.c:21:1: note: include '<stdio.h>' or provide a declaration of 'printf'
   20 | #include "main.h"
  +++ |+#include <stdio.h>
   21 | 
../Core/Src/main.c:73:9: warning: incompatible implicit declaration of built-in function 'printf' [-Wbuiltin-declaration-mismatch]
   73 |         printf("prijato: '%s'\n", cmd);
      |         ^~~~~~
../Core/Src/main.c:73:9: note: include '<stdio.h>' or provide a declaration of 'printf'
../Core/Src/main.c:75:17: warning: implicit declaration of function 'strtok' [-Wimplicit-function-declaration]
   75 |         token = strtok(cmd, " ");
      |                 ^~~~~~
../Core/Src/main.c:75:15: warning: assignment to 'char *' from 'int' makes pointer from integer without a cast [-Wint-conversion]
   75 |         token = strtok(cmd, " ");
      |               ^
../Core/Src/main.c:76:13: warning: implicit declaration of function 'strcasecmp' [-Wimplicit-function-declaration]
   76 |         if (strcasecmp(token, "HELLO") == 0)
      |             ^~~~~~~~~~
../Core/Src/main.c: In function 'uart_byte_available':
../Core/Src/main.c:134:17: error: too few arguments to function 'uart_process_command'
  134 |                 uart_process_command(data);
      |                 ^~~~~~~~~~~~~~~~~~~~
../Core/Src/main.c:71:13: note: declared here
   71 | static void uart_process_command(char *cmd,int n)
      |             ^~~~~~~~~~~~~~~~~~~~
make: *** [Core/Src/subdir.mk:34: Core/Src/main.o] Error 1
"make -j4 all" terminated with exit code 2. Build might be incomplete.
09:12:56 **** Incremental Build of configuration Debug for project cv05uart ****
make -j4 all 
arm-none-eabi-gcc "../Core/Src/main.c" -mcpu=cortex-m0 -std=gnu11 -g3 -DDEBUG -DUSE_HAL_DRIVER -DSTM32F030x8 -c -I../Core/Inc -I../Drivers/STM32F0xx_HAL_Driver/Inc -I../Drivers/STM32F0xx_HAL_Driver/Inc/Legacy -I../Drivers/CMSIS/Device/ST/STM32F0xx/Include -I../Drivers/CMSIS/Include -O0 -ffunction-sections -fdata-sections -Wall -fstack-usage -fcyclomatic-complexity -MMD -MP -MF"Core/Src/main.d" -MT"Core/Src/main.o" --specs=nano.specs -mfloat-abi=soft -mthumb -o "Core/Src/main.o"
../Core/Src/main.c: In function 'uart_process_command':
../Core/Src/main.c:73:9: warning: implicit declaration of function 'printf' [-Wimplicit-function-declaration]
   73 |         printf("prijato: '%s'\n", cmd);
      |         ^~~~~~
../Core/Src/main.c:21:1: note: include '<stdio.h>' or provide a declaration of 'printf'
   20 | #include "main.h"
  +++ |+#include <stdio.h>
   21 | 
../Core/Src/main.c:73:9: warning: incompatible implicit declaration of built-in function 'printf' [-Wbuiltin-declaration-mismatch]
   73 |         printf("prijato: '%s'\n", cmd);
      |         ^~~~~~
../Core/Src/main.c:73:9: note: include '<stdio.h>' or provide a declaration of 'printf'
../Core/Src/main.c:75:17: warning: implicit declaration of function 'strtok' [-Wimplicit-function-declaration]
   75 |         token = strtok(cmd, " ");
      |                 ^~~~~~
../Core/Src/main.c:75:15: warning: assignment to 'char *' from 'int' makes pointer from integer without a cast [-Wint-conversion]
   75 |         token = strtok(cmd, " ");
      |               ^
../Core/Src/main.c:76:13: warning: implicit declaration of function 'strcasecmp' [-Wimplicit-function-declaration]
   76 |         if (strcasecmp(token, "HELLO") == 0)
      |             ^~~~~~~~~~
arm-none-eabi-gcc -o "cv05uart.elf" @"objects.list"   -mcpu=cortex-m0 -T"C:\Temp\MKSVanek\MKS\cv05uart\STM32F030R8TX_FLASH.ld" --specs=nosys.specs -Wl,-Map="cv05uart.map" -Wl,--gc-sections -static --specs=nano.specs -mfloat-abi=soft -mthumb -Wl,--start-group -lc -lm -Wl,--end-group
Finished building target: cv05uart.elf
 
arm-none-eabi-size  cv05uart.elf 
arm-none-eabi-objdump -h -S cv05uart.elf  > "cv05uart.list"
   text	   data	    bss	    dec	    hex	filename
  13172	    104	   2440	  15716	   3d64	cv05uart.elf
Finished building: default.size.stdout
 
Finished building: cv05uart.list
 
09:13:35 **** Incremental Build of configuration Debug for project cv05uart ****
make -j4 all 
arm-none-eabi-gcc "../Core/Src/main.c" -mcpu=cortex-m0 -std=gnu11 -g3 -DDEBUG -DUSE_HAL_DRIVER -DSTM32F030x8 -c -I../Core/Inc -I../Drivers/STM32F0xx_HAL_Driver/Inc -I../Drivers/STM32F0xx_HAL_Driver/Inc/Legacy -I../Drivers/CMSIS/Device/ST/STM32F0xx/Include -I../Drivers/CMSIS/Include -O0 -ffunction-sections -fdata-sections -Wall -fstack-usage -fcyclomatic-complexity -MMD -MP -MF"Core/Src/main.d" -MT"Core/Src/main.o" --specs=nano.specs -mfloat-abi=soft -mthumb -o "Core/Src/main.o"
../Core/Src/main.c: In function 'uart_process_command':
../Core/Src/main.c:73:9: warning: implicit declaration of function 'printf' [-Wimplicit-function-declaration]
   73 |         printf("prijato: '%s'\n", cmd);
      |         ^~~~~~
../Core/Src/main.c:21:1: note: include '<stdio.h>' or provide a declaration of 'printf'
   20 | #include "main.h"
  +++ |+#include <stdio.h>
   21 | 
../Core/Src/main.c:73:9: warning: incompatible implicit declaration of built-in function 'printf' [-Wbuiltin-declaration-mismatch]
   73 |         printf("prijato: '%s'\n", cmd);
      |         ^~~~~~
../Core/Src/main.c:73:9: note: include '<stdio.h>' or provide a declaration of 'printf'
../Core/Src/main.c:75:17: warning: implicit declaration of function 'strtok' [-Wimplicit-function-declaration]
   75 |         token = strtok(cmd, " ");
      |                 ^~~~~~
../Core/Src/main.c:75:15: warning: assignment to 'char *' from 'int' makes pointer from integer without a cast [-Wint-conversion]
   75 |         token = strtok(cmd, " ");
      |               ^
../Core/Src/main.c:76:13: warning: implicit declaration of function 'strcasecmp' [-Wimplicit-function-declaration]
   76 |         if (strcasecmp(token, "HELLO") == 0)
      |             ^~~~~~~~~~
../Core/Src/main.c:82:23: warning: assignment to 'char *' from 'int' makes pointer from integer without a cast [-Wint-conversion]
   82 |                 token = strtok(NULL, " ");
      |                       ^
../Core/Src/main.c:95:23: warning: assignment to 'char *' from 'int' makes pointer from integer without a cast [-Wint-conversion]
   95 |                 token = strtok(NULL, " ");
      |                       ^
arm-none-eabi-gcc -o "cv05uart.elf" @"objects.list"   -mcpu=cortex-m0 -T"C:\Temp\MKSVanek\MKS\cv05uart\STM32F030R8TX_FLASH.ld" --specs=nosys.specs -Wl,-Map="cv05uart.map" -Wl,--gc-sections -static --specs=nano.specs -mfloat-abi=soft -mthumb -Wl,--start-group -lc -lm -Wl,--end-group
Finished building target: cv05uart.elf
 
arm-none-eabi-size  cv05uart.elf 
arm-none-eabi-objdump -h -S cv05uart.elf  > "cv05uart.list"
   text	   data	    bss	    dec	    hex	filename
  13632	    104	   2440	  16176	   3f30	cv05uart.elf
Finished building: default.size.stdout
 
Finished building: cv05uart.list
 
