10:14:04 **** Incremental Build of configuration Debug for project cv05uart ****
make -j4 all 
arm-none-eabi-gcc "../Core/Src/main.c" -mcpu=cortex-m0 -std=gnu11 -g3 -DDEBUG -DUSE_HAL_DRIVER -DSTM32F030x8 -c -I../Core/Inc -I../Drivers/STM32F0xx_HAL_Driver/Inc -I../Drivers/STM32F0xx_HAL_Driver/Inc/Legacy -I../Drivers/CMSIS/Device/ST/STM32F0xx/Include -I../Drivers/CMSIS/Include -O0 -ffunction-sections -fdata-sections -Wall -fstack-usage -fcyclomatic-complexity -MMD -MP -MF"Core/Src/main.d" -MT"Core/Src/main.o" --specs=nano.specs -mfloat-abi=soft -mthumb -o "Core/Src/main.o"
arm-none-eabi-gcc -o "cv05uart.elf" @"objects.list"   -mcpu=cortex-m0 -T"C:\Temp\MKSVanek\MKS\cv05uart\STM32F030R8TX_FLASH.ld" --specs=nosys.specs -Wl,-Map="cv05uart.map" -Wl,--gc-sections -static --specs=nano.specs -mfloat-abi=soft -mthumb -Wl,--start-group -lc -lm -Wl,--end-group
Finished building target: cv05uart.elf
 
arm-none-eabi-size  cv05uart.elf 
arm-none-eabi-objdump -h -S cv05uart.elf  > "cv05uart.list"
   text	   data	    bss	    dec	    hex	filename
  18628	    104	   2520	  21252	   5304	cv05uart.elf
Finished building: default.size.stdout
 
Finished building: cv05uart.list
 
10:14:09 **** Incremental Build of configuration Debug for project cv05uart ****
make -j4 all 
arm-none-eabi-size  cv05uart.elf 
   text	   data	    bss	    dec	    hex	filename
  18628	    104	   2520	  21252	   5304	cv05uart.elf
Finished building: default.size.stdout
 
10:21:26 **** Incremental Build of configuration Debug for project cv05uart ****
make -j4 all 
arm-none-eabi-gcc "../Core/Src/main.c" -mcpu=cortex-m0 -std=gnu11 -g3 -DDEBUG -DUSE_HAL_DRIVER -DSTM32F030x8 -c -I../Core/Inc -I../Drivers/STM32F0xx_HAL_Driver/Inc -I../Drivers/STM32F0xx_HAL_Driver/Inc/Legacy -I../Drivers/CMSIS/Device/ST/STM32F0xx/Include -I../Drivers/CMSIS/Include -O0 -ffunction-sections -fdata-sections -Wall -fstack-usage -fcyclomatic-complexity -MMD -MP -MF"Core/Src/main.d" -MT"Core/Src/main.o" --specs=nano.specs -mfloat-abi=soft -mthumb -o "Core/Src/main.o"
arm-none-eabi-gcc -o "cv05uart.elf" @"objects.list"   -mcpu=cortex-m0 -T"C:\Temp\MKSVanek\MKS\cv05uart\STM32F030R8TX_FLASH.ld" --specs=nosys.specs -Wl,-Map="cv05uart.map" -Wl,--gc-sections -static --specs=nano.specs -mfloat-abi=soft -mthumb -Wl,--start-group -lc -lm -Wl,--end-group
Finished building target: cv05uart.elf
 
arm-none-eabi-size  cv05uart.elf 
arm-none-eabi-objdump -h -S cv05uart.elf  > "cv05uart.list"
   text	   data	    bss	    dec	    hex	filename
  18628	    104	   2520	  21252	   5304	cv05uart.elf
Finished building: default.size.stdout
 
Finished building: cv05uart.list
 
10:25:57 **** Incremental Build of configuration Debug for project cv05uart ****
make -j4 all 
arm-none-eabi-gcc "../Core/Src/main.c" -mcpu=cortex-m0 -std=gnu11 -g3 -DDEBUG -DUSE_HAL_DRIVER -DSTM32F030x8 -c -I../Core/Inc -I../Drivers/STM32F0xx_HAL_Driver/Inc -I../Drivers/STM32F0xx_HAL_Driver/Inc/Legacy -I../Drivers/CMSIS/Device/ST/STM32F0xx/Include -I../Drivers/CMSIS/Include -O0 -ffunction-sections -fdata-sections -Wall -fstack-usage -fcyclomatic-complexity -MMD -MP -MF"Core/Src/main.d" -MT"Core/Src/main.o" --specs=nano.specs -mfloat-abi=soft -mthumb -o "Core/Src/main.o"
../Core/Src/main.c: In function 'uart_process_command':
../Core/Src/main.c:164:40: error: 'value1' undeclared (first use in this function); did you mean 'value'?
  164 |                         printf("%02X ",value1[i]);
      |                                        ^~~~~~
      |                                        value
../Core/Src/main.c:164:40: note: each undeclared identifier is reported only once for each function it appears in
make: *** [Core/Src/subdir.mk:34: Core/Src/main.o] Error 1
"make -j4 all" terminated with exit code 2. Build might be incomplete.
10:26:07 **** Incremental Build of configuration Debug for project cv05uart ****
make -j4 all 
arm-none-eabi-gcc "../Core/Src/main.c" -mcpu=cortex-m0 -std=gnu11 -g3 -DDEBUG -DUSE_HAL_DRIVER -DSTM32F030x8 -c -I../Core/Inc -I../Drivers/STM32F0xx_HAL_Driver/Inc -I../Drivers/STM32F0xx_HAL_Driver/Inc/Legacy -I../Drivers/CMSIS/Device/ST/STM32F0xx/Include -I../Drivers/CMSIS/Include -O0 -ffunction-sections -fdata-sections -Wall -fstack-usage -fcyclomatic-complexity -MMD -MP -MF"Core/Src/main.d" -MT"Core/Src/main.o" --specs=nano.specs -mfloat-abi=soft -mthumb -o "Core/Src/main.o"
arm-none-eabi-gcc -o "cv05uart.elf" @"objects.list"   -mcpu=cortex-m0 -T"C:\Temp\MKSVanek\MKS\cv05uart\STM32F030R8TX_FLASH.ld" --specs=nosys.specs -Wl,-Map="cv05uart.map" -Wl,--gc-sections -static --specs=nano.specs -mfloat-abi=soft -mthumb -Wl,--start-group -lc -lm -Wl,--end-group
Finished building target: cv05uart.elf
 
arm-none-eabi-size  cv05uart.elf 
arm-none-eabi-objdump -h -S cv05uart.elf  > "cv05uart.list"
   text	   data	    bss	    dec	    hex	filename
  18656	    104	   2520	  21280	   5320	cv05uart.elf
Finished building: default.size.stdout
 
Finished building: cv05uart.list
 
10:28:10 **** Incremental Build of configuration Debug for project cv05uart ****
make -j4 all 
arm-none-eabi-gcc "../Core/Src/main.c" -mcpu=cortex-m0 -std=gnu11 -g3 -DDEBUG -DUSE_HAL_DRIVER -DSTM32F030x8 -c -I../Core/Inc -I../Drivers/STM32F0xx_HAL_Driver/Inc -I../Drivers/STM32F0xx_HAL_Driver/Inc/Legacy -I../Drivers/CMSIS/Device/ST/STM32F0xx/Include -I../Drivers/CMSIS/Include -O0 -ffunction-sections -fdata-sections -Wall -fstack-usage -fcyclomatic-complexity -MMD -MP -MF"Core/Src/main.d" -MT"Core/Src/main.o" --specs=nano.specs -mfloat-abi=soft -mthumb -o "Core/Src/main.o"
arm-none-eabi-gcc -o "cv05uart.elf" @"objects.list"   -mcpu=cortex-m0 -T"C:\Temp\MKSVanek\MKS\cv05uart\STM32F030R8TX_FLASH.ld" --specs=nosys.specs -Wl,-Map="cv05uart.map" -Wl,--gc-sections -static --specs=nano.specs -mfloat-abi=soft -mthumb -Wl,--start-group -lc -lm -Wl,--end-group
Finished building target: cv05uart.elf
 
arm-none-eabi-size  cv05uart.elf 
arm-none-eabi-objdump -h -S cv05uart.elf  > "cv05uart.list"
   text	   data	    bss	    dec	    hex	filename
  18648	    104	   2520	  21272	   5318	cv05uart.elf
Finished building: default.size.stdout
 
Finished building: cv05uart.list
 
10:28:30 **** Incremental Build of configuration Debug for project cv05uart ****
make -j4 all 
arm-none-eabi-gcc "../Core/Src/main.c" -mcpu=cortex-m0 -std=gnu11 -g3 -DDEBUG -DUSE_HAL_DRIVER -DSTM32F030x8 -c -I../Core/Inc -I../Drivers/STM32F0xx_HAL_Driver/Inc -I../Drivers/STM32F0xx_HAL_Driver/Inc/Legacy -I../Drivers/CMSIS/Device/ST/STM32F0xx/Include -I../Drivers/CMSIS/Include -O0 -ffunction-sections -fdata-sections -Wall -fstack-usage -fcyclomatic-complexity -MMD -MP -MF"Core/Src/main.d" -MT"Core/Src/main.o" --specs=nano.specs -mfloat-abi=soft -mthumb -o "Core/Src/main.o"
arm-none-eabi-gcc -o "cv05uart.elf" @"objects.list"   -mcpu=cortex-m0 -T"C:\Temp\MKSVanek\MKS\cv05uart\STM32F030R8TX_FLASH.ld" --specs=nosys.specs -Wl,-Map="cv05uart.map" -Wl,--gc-sections -static --specs=nano.specs -mfloat-abi=soft -mthumb -Wl,--start-group -lc -lm -Wl,--end-group
Finished building target: cv05uart.elf
 
arm-none-eabi-size  cv05uart.elf 
arm-none-eabi-objdump -h -S cv05uart.elf  > "cv05uart.list"
   text	   data	    bss	    dec	    hex	filename
  18656	    104	   2520	  21280	   5320	cv05uart.elf
Finished building: default.size.stdout
 
Finished building: cv05uart.list
 
10:29:09 **** Incremental Build of configuration Debug for project cv05uart ****
make -j4 all 
arm-none-eabi-gcc "../Core/Src/main.c" -mcpu=cortex-m0 -std=gnu11 -g3 -DDEBUG -DUSE_HAL_DRIVER -DSTM32F030x8 -c -I../Core/Inc -I../Drivers/STM32F0xx_HAL_Driver/Inc -I../Drivers/STM32F0xx_HAL_Driver/Inc/Legacy -I../Drivers/CMSIS/Device/ST/STM32F0xx/Include -I../Drivers/CMSIS/Include -O0 -ffunction-sections -fdata-sections -Wall -fstack-usage -fcyclomatic-complexity -MMD -MP -MF"Core/Src/main.d" -MT"Core/Src/main.o" --specs=nano.specs -mfloat-abi=soft -mthumb -o "Core/Src/main.o"
../Core/Src/main.c: In function 'uart_process_command':
../Core/Src/main.c:163:32: warning: too many arguments for format [-Wformat-extra-args]
  163 |                         printf("%02X ",i,value[i]);
      |                                ^~~~~~~
arm-none-eabi-gcc -o "cv05uart.elf" @"objects.list"   -mcpu=cortex-m0 -T"C:\Temp\MKSVanek\MKS\cv05uart\STM32F030R8TX_FLASH.ld" --specs=nosys.specs -Wl,-Map="cv05uart.map" -Wl,--gc-sections -static --specs=nano.specs -mfloat-abi=soft -mthumb -Wl,--start-group -lc -lm -Wl,--end-group
Finished building target: cv05uart.elf
 
arm-none-eabi-size  cv05uart.elf 
arm-none-eabi-objdump -h -S cv05uart.elf  > "cv05uart.list"
   text	   data	    bss	    dec	    hex	filename
  18656	    104	   2520	  21280	   5320	cv05uart.elf
Finished building: default.size.stdout
 
Finished building: cv05uart.list
 
10:30:14 **** Incremental Build of configuration Debug for project cv05uart ****
make -j4 all 
arm-none-eabi-gcc "../Core/Src/main.c" -mcpu=cortex-m0 -std=gnu11 -g3 -DDEBUG -DUSE_HAL_DRIVER -DSTM32F030x8 -c -I../Core/Inc -I../Drivers/STM32F0xx_HAL_Driver/Inc -I../Drivers/STM32F0xx_HAL_Driver/Inc/Legacy -I../Drivers/CMSIS/Device/ST/STM32F0xx/Include -I../Drivers/CMSIS/Include -O0 -ffunction-sections -fdata-sections -Wall -fstack-usage -fcyclomatic-complexity -MMD -MP -MF"Core/Src/main.d" -MT"Core/Src/main.o" --specs=nano.specs -mfloat-abi=soft -mthumb -o "Core/Src/main.o"
arm-none-eabi-gcc -o "cv05uart.elf" @"objects.list"   -mcpu=cortex-m0 -T"C:\Temp\MKSVanek\MKS\cv05uart\STM32F030R8TX_FLASH.ld" --specs=nosys.specs -Wl,-Map="cv05uart.map" -Wl,--gc-sections -static --specs=nano.specs -mfloat-abi=soft -mthumb -Wl,--start-group -lc -lm -Wl,--end-group
Finished building target: cv05uart.elf
 
arm-none-eabi-size  cv05uart.elf 
arm-none-eabi-objdump -h -S cv05uart.elf  > "cv05uart.list"
   text	   data	    bss	    dec	    hex	filename
  18660	    104	   2520	  21284	   5324	cv05uart.elf
Finished building: default.size.stdout
 
Finished building: cv05uart.list
 
08:24:29 **** Build of configuration Debug for project cv06 ****
make -j4 all 
arm-none-eabi-gcc "../Drivers/STM32F0xx_HAL_Driver/Src/stm32f0xx_hal.c" -mcpu=cortex-m0 -std=gnu11 -g3 -DDEBUG -DUSE_HAL_DRIVER -DSTM32F030x8 -c -I../Core/Inc -I../Drivers/STM32F0xx_HAL_Driver/Inc -I../Drivers/STM32F0xx_HAL_Driver/Inc/Legacy -I../Drivers/CMSIS/Device/ST/STM32F0xx/Include -I../Drivers/CMSIS/Include -O0 -ffunction-sections -fdata-sections -Wall -fstack-usage -fcyclomatic-complexity -MMD -MP -MF"Drivers/STM32F0xx_HAL_Driver/Src/stm32f0xx_hal.d" -MT"Drivers/STM32F0xx_HAL_Driver/Src/stm32f0xx_hal.o" --specs=nano.specs -mfloat-abi=soft -mthumb -o "Drivers/STM32F0xx_HAL_Driver/Src/stm32f0xx_hal.o"
arm-none-eabi-gcc "../Drivers/STM32F0xx_HAL_Driver/Src/stm32f0xx_hal_cortex.c" -mcpu=cortex-m0 -std=gnu11 -g3 -DDEBUG -DUSE_HAL_DRIVER -DSTM32F030x8 -c -I../Core/Inc -I../Drivers/STM32F0xx_HAL_Driver/Inc -I../Drivers/STM32F0xx_HAL_Driver/Inc/Legacy -I../Drivers/CMSIS/Device/ST/STM32F0xx/Include -I../Drivers/CMSIS/Include -O0 -ffunction-sections -fdata-sections -Wall -fstack-usage -fcyclomatic-complexity -MMD -MP -MF"Drivers/STM32F0xx_HAL_Driver/Src/stm32f0xx_hal_cortex.d" -MT"Drivers/STM32F0xx_HAL_Driver/Src/stm32f0xx_hal_cortex.o" --specs=nano.specs -mfloat-abi=soft -mthumb -o "Drivers/STM32F0xx_HAL_Driver/Src/stm32f0xx_hal_cortex.o"
arm-none-eabi-gcc "../Drivers/STM32F0xx_HAL_Driver/Src/stm32f0xx_hal_dma.c" -mcpu=cortex-m0 -std=gnu11 -g3 -DDEBUG -DUSE_HAL_DRIVER -DSTM32F030x8 -c -I../Core/Inc -I../Drivers/STM32F0xx_HAL_Driver/Inc -I../Drivers/STM32F0xx_HAL_Driver/Inc/Legacy -I../Drivers/CMSIS/Device/ST/STM32F0xx/Include -I../Drivers/CMSIS/Include -O0 -ffunction-sections -fdata-sections -Wall -fstack-usage -fcyclomatic-complexity -MMD -MP -MF"Drivers/STM32F0xx_HAL_Driver/Src/stm32f0xx_hal_dma.d" -MT"Drivers/STM32F0xx_HAL_Driver/Src/stm32f0xx_hal_dma.o" --specs=nano.specs -mfloat-abi=soft -mthumb -o "Drivers/STM32F0xx_HAL_Driver/Src/stm32f0xx_hal_dma.o"
arm-none-eabi-gcc "../Drivers/STM32F0xx_HAL_Driver/Src/stm32f0xx_hal_exti.c" -mcpu=cortex-m0 -std=gnu11 -g3 -DDEBUG -DUSE_HAL_DRIVER -DSTM32F030x8 -c -I../Core/Inc -I../Drivers/STM32F0xx_HAL_Driver/Inc -I../Drivers/STM32F0xx_HAL_Driver/Inc/Legacy -I../Drivers/CMSIS/Device/ST/STM32F0xx/Include -I../Drivers/CMSIS/Include -O0 -ffunction-sections -fdata-sections -Wall -fstack-usage -fcyclomatic-complexity -MMD -MP -MF"Drivers/STM32F0xx_HAL_Driver/Src/stm32f0xx_hal_exti.d" -MT"Drivers/STM32F0xx_HAL_Driver/Src/stm32f0xx_hal_exti.o" --specs=nano.specs -mfloat-abi=soft -mthumb -o "Drivers/STM32F0xx_HAL_Driver/Src/stm32f0xx_hal_exti.o"
arm-none-eabi-gcc "../Drivers/STM32F0xx_HAL_Driver/Src/stm32f0xx_hal_flash.c" -mcpu=cortex-m0 -std=gnu11 -g3 -DDEBUG -DUSE_HAL_DRIVER -DSTM32F030x8 -c -I../Core/Inc -I../Drivers/STM32F0xx_HAL_Driver/Inc -I../Drivers/STM32F0xx_HAL_Driver/Inc/Legacy -I../Drivers/CMSIS/Device/ST/STM32F0xx/Include -I../Drivers/CMSIS/Include -O0 -ffunction-sections -fdata-sections -Wall -fstack-usage -fcyclomatic-complexity -MMD -MP -MF"Drivers/STM32F0xx_HAL_Driver/Src/stm32f0xx_hal_flash.d" -MT"Drivers/STM32F0xx_HAL_Driver/Src/stm32f0xx_hal_flash.o" --specs=nano.specs -mfloat-abi=soft -mthumb -o "Drivers/STM32F0xx_HAL_Driver/Src/stm32f0xx_hal_flash.o"
arm-none-eabi-gcc "../Drivers/STM32F0xx_HAL_Driver/Src/stm32f0xx_hal_flash_ex.c" -mcpu=cortex-m0 -std=gnu11 -g3 -DDEBUG -DUSE_HAL_DRIVER -DSTM32F030x8 -c -I../Core/Inc -I../Drivers/STM32F0xx_HAL_Driver/Inc -I../Drivers/STM32F0xx_HAL_Driver/Inc/Legacy -I../Drivers/CMSIS/Device/ST/STM32F0xx/Include -I../Drivers/CMSIS/Include -O0 -ffunction-sections -fdata-sections -Wall -fstack-usage -fcyclomatic-complexity -MMD -MP -MF"Drivers/STM32F0xx_HAL_Driver/Src/stm32f0xx_hal_flash_ex.d" -MT"Drivers/STM32F0xx_HAL_Driver/Src/stm32f0xx_hal_flash_ex.o" --specs=nano.specs -mfloat-abi=soft -mthumb -o "Drivers/STM32F0xx_HAL_Driver/Src/stm32f0xx_hal_flash_ex.o"
arm-none-eabi-gcc "../Drivers/STM32F0xx_HAL_Driver/Src/stm32f0xx_hal_gpio.c" -mcpu=cortex-m0 -std=gnu11 -g3 -DDEBUG -DUSE_HAL_DRIVER -DSTM32F030x8 -c -I../Core/Inc -I../Drivers/STM32F0xx_HAL_Driver/Inc -I../Drivers/STM32F0xx_HAL_Driver/Inc/Legacy -I../Drivers/CMSIS/Device/ST/STM32F0xx/Include -I../Drivers/CMSIS/Include -O0 -ffunction-sections -fdata-sections -Wall -fstack-usage -fcyclomatic-complexity -MMD -MP -MF"Drivers/STM32F0xx_HAL_Driver/Src/stm32f0xx_hal_gpio.d" -MT"Drivers/STM32F0xx_HAL_Driver/Src/stm32f0xx_hal_gpio.o" --specs=nano.specs -mfloat-abi=soft -mthumb -o "Drivers/STM32F0xx_HAL_Driver/Src/stm32f0xx_hal_gpio.o"
arm-none-eabi-gcc "../Drivers/STM32F0xx_HAL_Driver/Src/stm32f0xx_hal_i2c.c" -mcpu=cortex-m0 -std=gnu11 -g3 -DDEBUG -DUSE_HAL_DRIVER -DSTM32F030x8 -c -I../Core/Inc -I../Drivers/STM32F0xx_HAL_Driver/Inc -I../Drivers/STM32F0xx_HAL_Driver/Inc/Legacy -I../Drivers/CMSIS/Device/ST/STM32F0xx/Include -I../Drivers/CMSIS/Include -O0 -ffunction-sections -fdata-sections -Wall -fstack-usage -fcyclomatic-complexity -MMD -MP -MF"Drivers/STM32F0xx_HAL_Driver/Src/stm32f0xx_hal_i2c.d" -MT"Drivers/STM32F0xx_HAL_Driver/Src/stm32f0xx_hal_i2c.o" --specs=nano.specs -mfloat-abi=soft -mthumb -o "Drivers/STM32F0xx_HAL_Driver/Src/stm32f0xx_hal_i2c.o"
arm-none-eabi-gcc "../Drivers/STM32F0xx_HAL_Driver/Src/stm32f0xx_hal_i2c_ex.c" -mcpu=cortex-m0 -std=gnu11 -g3 -DDEBUG -DUSE_HAL_DRIVER -DSTM32F030x8 -c -I../Core/Inc -I../Drivers/STM32F0xx_HAL_Driver/Inc -I../Drivers/STM32F0xx_HAL_Driver/Inc/Legacy -I../Drivers/CMSIS/Device/ST/STM32F0xx/Include -I../Drivers/CMSIS/Include -O0 -ffunction-sections -fdata-sections -Wall -fstack-usage -fcyclomatic-complexity -MMD -MP -MF"Drivers/STM32F0xx_HAL_Driver/Src/stm32f0xx_hal_i2c_ex.d" -MT"Drivers/STM32F0xx_HAL_Driver/Src/stm32f0xx_hal_i2c_ex.o" --specs=nano.specs -mfloat-abi=soft -mthumb -o "Drivers/STM32F0xx_HAL_Driver/Src/stm32f0xx_hal_i2c_ex.o"
arm-none-eabi-gcc "../Drivers/STM32F0xx_HAL_Driver/Src/stm32f0xx_hal_pwr.c" -mcpu=cortex-m0 -std=gnu11 -g3 -DDEBUG -DUSE_HAL_DRIVER -DSTM32F030x8 -c -I../Core/Inc -I../Drivers/STM32F0xx_HAL_Driver/Inc -I../Drivers/STM32F0xx_HAL_Driver/Inc/Legacy -I../Drivers/CMSIS/Device/ST/STM32F0xx/Include -I../Drivers/CMSIS/Include -O0 -ffunction-sections -fdata-sections -Wall -fstack-usage -fcyclomatic-complexity -MMD -MP -MF"Drivers/STM32F0xx_HAL_Driver/Src/stm32f0xx_hal_pwr.d" -MT"Drivers/STM32F0xx_HAL_Driver/Src/stm32f0xx_hal_pwr.o" --specs=nano.specs -mfloat-abi=soft -mthumb -o "Drivers/STM32F0xx_HAL_Driver/Src/stm32f0xx_hal_pwr.o"
arm-none-eabi-gcc "../Drivers/STM32F0xx_HAL_Driver/Src/stm32f0xx_hal_pwr_ex.c" -mcpu=cortex-m0 -std=gnu11 -g3 -DDEBUG -DUSE_HAL_DRIVER -DSTM32F030x8 -c -I../Core/Inc -I../Drivers/STM32F0xx_HAL_Driver/Inc -I../Drivers/STM32F0xx_HAL_Driver/Inc/Legacy -I../Drivers/CMSIS/Device/ST/STM32F0xx/Include -I../Drivers/CMSIS/Include -O0 -ffunction-sections -fdata-sections -Wall -fstack-usage -fcyclomatic-complexity -MMD -MP -MF"Drivers/STM32F0xx_HAL_Driver/Src/stm32f0xx_hal_pwr_ex.d" -MT"Drivers/STM32F0xx_HAL_Driver/Src/stm32f0xx_hal_pwr_ex.o" --specs=nano.specs -mfloat-abi=soft -mthumb -o "Drivers/STM32F0xx_HAL_Driver/Src/stm32f0xx_hal_pwr_ex.o"
arm-none-eabi-gcc "../Drivers/STM32F0xx_HAL_Driver/Src/stm32f0xx_hal_rcc.c" -mcpu=cortex-m0 -std=gnu11 -g3 -DDEBUG -DUSE_HAL_DRIVER -DSTM32F030x8 -c -I../Core/Inc -I../Drivers/STM32F0xx_HAL_Driver/Inc -I../Drivers/STM32F0xx_HAL_Driver/Inc/Legacy -I../Drivers/CMSIS/Device/ST/STM32F0xx/Include -I../Drivers/CMSIS/Include -O0 -ffunction-sections -fdata-sections -Wall -fstack-usage -fcyclomatic-complexity -MMD -MP -MF"Drivers/STM32F0xx_HAL_Driver/Src/stm32f0xx_hal_rcc.d" -MT"Drivers/STM32F0xx_HAL_Driver/Src/stm32f0xx_hal_rcc.o" --specs=nano.specs -mfloat-abi=soft -mthumb -o "Drivers/STM32F0xx_HAL_Driver/Src/stm32f0xx_hal_rcc.o"
arm-none-eabi-gcc "../Drivers/STM32F0xx_HAL_Driver/Src/stm32f0xx_hal_rcc_ex.c" -mcpu=cortex-m0 -std=gnu11 -g3 -DDEBUG -DUSE_HAL_DRIVER -DSTM32F030x8 -c -I../Core/Inc -I../Drivers/STM32F0xx_HAL_Driver/Inc -I../Drivers/STM32F0xx_HAL_Driver/Inc/Legacy -I../Drivers/CMSIS/Device/ST/STM32F0xx/Include -I../Drivers/CMSIS/Include -O0 -ffunction-sections -fdata-sections -Wall -fstack-usage -fcyclomatic-complexity -MMD -MP -MF"Drivers/STM32F0xx_HAL_Driver/Src/stm32f0xx_hal_rcc_ex.d" -MT"Drivers/STM32F0xx_HAL_Driver/Src/stm32f0xx_hal_rcc_ex.o" --specs=nano.specs -mfloat-abi=soft -mthumb -o "Drivers/STM32F0xx_HAL_Driver/Src/stm32f0xx_hal_rcc_ex.o"
arm-none-eabi-gcc "../Drivers/STM32F0xx_HAL_Driver/Src/stm32f0xx_hal_tim.c" -mcpu=cortex-m0 -std=gnu11 -g3 -DDEBUG -DUSE_HAL_DRIVER -DSTM32F030x8 -c -I../Core/Inc -I../Drivers/STM32F0xx_HAL_Driver/Inc -I../Drivers/STM32F0xx_HAL_Driver/Inc/Legacy -I../Drivers/CMSIS/Device/ST/STM32F0xx/Include -I../Drivers/CMSIS/Include -O0 -ffunction-sections -fdata-sections -Wall -fstack-usage -fcyclomatic-complexity -MMD -MP -MF"Drivers/STM32F0xx_HAL_Driver/Src/stm32f0xx_hal_tim.d" -MT"Drivers/STM32F0xx_HAL_Driver/Src/stm32f0xx_hal_tim.o" --specs=nano.specs -mfloat-abi=soft -mthumb -o "Drivers/STM32F0xx_HAL_Driver/Src/stm32f0xx_hal_tim.o"
arm-none-eabi-gcc "../Drivers/STM32F0xx_HAL_Driver/Src/stm32f0xx_hal_tim_ex.c" -mcpu=cortex-m0 -std=gnu11 -g3 -DDEBUG -DUSE_HAL_DRIVER -DSTM32F030x8 -c -I../Core/Inc -I../Drivers/STM32F0xx_HAL_Driver/Inc -I../Drivers/STM32F0xx_HAL_Driver/Inc/Legacy -I../Drivers/CMSIS/Device/ST/STM32F0xx/Include -I../Drivers/CMSIS/Include -O0 -ffunction-sections -fdata-sections -Wall -fstack-usage -fcyclomatic-complexity -MMD -MP -MF"Drivers/STM32F0xx_HAL_Driver/Src/stm32f0xx_hal_tim_ex.d" -MT"Drivers/STM32F0xx_HAL_Driver/Src/stm32f0xx_hal_tim_ex.o" --specs=nano.specs -mfloat-abi=soft -mthumb -o "Drivers/STM32F0xx_HAL_Driver/Src/stm32f0xx_hal_tim_ex.o"
arm-none-eabi-gcc "../Drivers/STM32F0xx_HAL_Driver/Src/stm32f0xx_hal_uart.c" -mcpu=cortex-m0 -std=gnu11 -g3 -DDEBUG -DUSE_HAL_DRIVER -DSTM32F030x8 -c -I../Core/Inc -I../Drivers/STM32F0xx_HAL_Driver/Inc -I../Drivers/STM32F0xx_HAL_Driver/Inc/Legacy -I../Drivers/CMSIS/Device/ST/STM32F0xx/Include -I../Drivers/CMSIS/Include -O0 -ffunction-sections -fdata-sections -Wall -fstack-usage -fcyclomatic-complexity -MMD -MP -MF"Drivers/STM32F0xx_HAL_Driver/Src/stm32f0xx_hal_uart.d" -MT"Drivers/STM32F0xx_HAL_Driver/Src/stm32f0xx_hal_uart.o" --specs=nano.specs -mfloat-abi=soft -mthumb -o "Drivers/STM32F0xx_HAL_Driver/Src/stm32f0xx_hal_uart.o"
arm-none-eabi-gcc "../Drivers/STM32F0xx_HAL_Driver/Src/stm32f0xx_hal_uart_ex.c" -mcpu=cortex-m0 -std=gnu11 -g3 -DDEBUG -DUSE_HAL_DRIVER -DSTM32F030x8 -c -I../Core/Inc -I../Drivers/STM32F0xx_HAL_Driver/Inc -I../Drivers/STM32F0xx_HAL_Driver/Inc/Legacy -I../Drivers/CMSIS/Device/ST/STM32F0xx/Include -I../Drivers/CMSIS/Include -O0 -ffunction-sections -fdata-sections -Wall -fstack-usage -fcyclomatic-complexity -MMD -MP -MF"Drivers/STM32F0xx_HAL_Driver/Src/stm32f0xx_hal_uart_ex.d" -MT"Drivers/STM32F0xx_HAL_Driver/Src/stm32f0xx_hal_uart_ex.o" --specs=nano.specs -mfloat-abi=soft -mthumb -o "Drivers/STM32F0xx_HAL_Driver/Src/stm32f0xx_hal_uart_ex.o"
arm-none-eabi-gcc -mcpu=cortex-m0 -g3 -DDEBUG -c -x assembler-with-cpp -MMD -MP -MF"Core/Startup/startup_stm32f030r8tx.d" -MT"Core/Startup/startup_stm32f030r8tx.o" --specs=nano.specs -mfloat-abi=soft -mthumb -o "Core/Startup/startup_stm32f030r8tx.o" "../Core/Startup/startup_stm32f030r8tx.s"
arm-none-eabi-gcc "../Core/Src/1wire.c" -mcpu=cortex-m0 -std=gnu11 -g3 -DDEBUG -DUSE_HAL_DRIVER -DSTM32F030x8 -c -I../Core/Inc -I../Drivers/STM32F0xx_HAL_Driver/Inc -I../Drivers/STM32F0xx_HAL_Driver/Inc/Legacy -I../Drivers/CMSIS/Device/ST/STM32F0xx/Include -I../Drivers/CMSIS/Include -O0 -ffunction-sections -fdata-sections -Wall -fstack-usage -fcyclomatic-complexity -MMD -MP -MF"Core/Src/1wire.d" -MT"Core/Src/1wire.o" --specs=nano.specs -mfloat-abi=soft -mthumb -o "Core/Src/1wire.o"
arm-none-eabi-gcc "../Core/Src/main.c" -mcpu=cortex-m0 -std=gnu11 -g3 -DDEBUG -DUSE_HAL_DRIVER -DSTM32F030x8 -c -I../Core/Inc -I../Drivers/STM32F0xx_HAL_Driver/Inc -I../Drivers/STM32F0xx_HAL_Driver/Inc/Legacy -I../Drivers/CMSIS/Device/ST/STM32F0xx/Include -I../Drivers/CMSIS/Include -O0 -ffunction-sections -fdata-sections -Wall -fstack-usage -fcyclomatic-complexity -MMD -MP -MF"Core/Src/main.d" -MT"Core/Src/main.o" --specs=nano.specs -mfloat-abi=soft -mthumb -o "Core/Src/main.o"
arm-none-eabi-gcc "../Core/Src/sct.c" -mcpu=cortex-m0 -std=gnu11 -g3 -DDEBUG -DUSE_HAL_DRIVER -DSTM32F030x8 -c -I../Core/Inc -I../Drivers/STM32F0xx_HAL_Driver/Inc -I../Drivers/STM32F0xx_HAL_Driver/Inc/Legacy -I../Drivers/CMSIS/Device/ST/STM32F0xx/Include -I../Drivers/CMSIS/Include -O0 -ffunction-sections -fdata-sections -Wall -fstack-usage -fcyclomatic-complexity -MMD -MP -MF"Core/Src/sct.d" -MT"Core/Src/sct.o" --specs=nano.specs -mfloat-abi=soft -mthumb -o "Core/Src/sct.o"
In file included from ../Core/Src/1wire.c:10:
../Core/Src/1wire.c: In function 'OWInit':
../Core/Inc/1wire.h:14:38: error: 'DQ_GPIO_Port' undeclared (first use in this function); did you mean 'LD2_GPIO_Port'?
   14 | #define OWSetLink(x)        { if (x) DQ_GPIO_Port->BSRR = DQ_Pin; else DQ_GPIO_Port->BRR = DQ_Pin; }
      |                                      ^~~~~~~~~~~~
../Core/Src/1wire.c:19:5: note: in expansion of macro 'OWSetLink'
   19 |     OWSetLink(1);
      |     ^~~~~~~~~
../Core/Inc/1wire.h:14:38: note: each undeclared identifier is reported only once for each function it appears in
   14 | #define OWSetLink(x)        { if (x) DQ_GPIO_Port->BSRR = DQ_Pin; else DQ_GPIO_Port->BRR = DQ_Pin; }
      |                                      ^~~~~~~~~~~~
../Core/Src/1wire.c:19:5: note: in expansion of macro 'OWSetLink'
   19 |     OWSetLink(1);
      |     ^~~~~~~~~
../Core/Inc/1wire.h:14:59: error: 'DQ_Pin' undeclared (first use in this function); did you mean 'S2_Pin'?
   14 | #define OWSetLink(x)        { if (x) DQ_GPIO_Port->BSRR = DQ_Pin; else DQ_GPIO_Port->BRR = DQ_Pin; }
      |                                                           ^~~~~~
../Core/Src/1wire.c:19:5: note: in expansion of macro 'OWSetLink'
   19 |     OWSetLink(1);
      |     ^~~~~~~~~
../Core/Src/1wire.c: In function 'OWReset':
../Core/Inc/1wire.h:14:38: error: 'DQ_GPIO_Port' undeclared (first use in this function); did you mean 'LD2_GPIO_Port'?
   14 | #define OWSetLink(x)        { if (x) DQ_GPIO_Port->BSRR = DQ_Pin; else DQ_GPIO_Port->BRR = DQ_Pin; }
      |                                      ^~~~~~~~~~~~
../Core/Src/1wire.c:31:5: note: in expansion of macro 'OWSetLink'
   31 |     OWSetLink(0);
      |     ^~~~~~~~~
../Core/Inc/1wire.h:14:59: error: 'DQ_Pin' undeclared (first use in this function); did you mean 'S2_Pin'?
   14 | #define OWSetLink(x)        { if (x) DQ_GPIO_Port->BSRR = DQ_Pin; else DQ_GPIO_Port->BRR = DQ_Pin; }
      |                                                           ^~~~~~
../Core/Src/1wire.c:31:5: note: in expansion of macro 'OWSetLink'
   31 |     OWSetLink(0);
      |     ^~~~~~~~~
../Core/Src/1wire.c: In function 'OWWriteBit':
../Core/Inc/1wire.h:14:38: error: 'DQ_GPIO_Port' undeclared (first use in this function); did you mean 'LD2_GPIO_Port'?
   14 | #define OWSetLink(x)        { if (x) DQ_GPIO_Port->BSRR = DQ_Pin; else DQ_GPIO_Port->BRR = DQ_Pin; }
      |                                      ^~~~~~~~~~~~
../Core/Src/1wire.c:45:9: note: in expansion of macro 'OWSetLink'
   45 |         OWSetLink(0);
      |         ^~~~~~~~~
../Core/Inc/1wire.h:14:59: error: 'DQ_Pin' undeclared (first use in this function); did you mean 'S2_Pin'?
   14 | #define OWSetLink(x)        { if (x) DQ_GPIO_Port->BSRR = DQ_Pin; else DQ_GPIO_Port->BRR = DQ_Pin; }
      |                                                           ^~~~~~
../Core/Src/1wire.c:45:9: note: in expansion of macro 'OWSetLink'
   45 |         OWSetLink(0);
      |         ^~~~~~~~~
../Core/Src/1wire.c: In function 'OWReadBit':
../Core/Inc/1wire.h:14:38: error: 'DQ_GPIO_Port' undeclared (first use in this function); did you mean 'LD2_GPIO_Port'?
   14 | #define OWSetLink(x)        { if (x) DQ_GPIO_Port->BSRR = DQ_Pin; else DQ_GPIO_Port->BRR = DQ_Pin; }
      |                                      ^~~~~~~~~~~~
../Core/Src/1wire.c:63:5: note: in expansion of macro 'OWSetLink'
   63 |     OWSetLink(0);
      |     ^~~~~~~~~
../Core/Inc/1wire.h:14:59: error: 'DQ_Pin' undeclared (first use in this function); did you mean 'S2_Pin'?
   14 | #define OWSetLink(x)        { if (x) DQ_GPIO_Port->BSRR = DQ_Pin; else DQ_GPIO_Port->BRR = DQ_Pin; }
      |                                                           ^~~~~~
../Core/Src/1wire.c:63:5: note: in expansion of macro 'OWSetLink'
   63 |     OWSetLink(0);
      |     ^~~~~~~~~
../Core/Src/main.c: In function 'main':
../Core/Src/main.c:70:9: warning: implicit declaration of function 'OWInit' [-Wimplicit-function-declaration]
   70 |         OWInit();
      |         ^~~~~~
../Core/Src/main.c:100:11: warning: implicit declaration of function 'OWConvertAll' [-Wimplicit-function-declaration]
  100 |           OWConvertAll();
      |           ^~~~~~~~~~~~
../Core/Src/main.c:102:11: warning: implicit declaration of function 'OWReadTemperature' [-Wimplicit-function-declaration]
  102 |           OWReadTemperature();
      |           ^~~~~~~~~~~~~~~~~
arm-none-eabi-gcc "../Core/Src/stm32f0xx_hal_msp.c" -mcpu=cortex-m0 -std=gnu11 -g3 -DDEBUG -DUSE_HAL_DRIVER -DSTM32F030x8 -c -I../Core/Inc -I../Drivers/STM32F0xx_HAL_Driver/Inc -I../Drivers/STM32F0xx_HAL_Driver/Inc/Legacy -I../Drivers/CMSIS/Device/ST/STM32F0xx/Include -I../Drivers/CMSIS/Include -O0 -ffunction-sections -fdata-sections -Wall -fstack-usage -fcyclomatic-complexity -MMD -MP -MF"Core/Src/stm32f0xx_hal_msp.d" -MT"Core/Src/stm32f0xx_hal_msp.o" --specs=nano.specs -mfloat-abi=soft -mthumb -o "Core/Src/stm32f0xx_hal_msp.o"
arm-none-eabi-gcc "../Core/Src/stm32f0xx_it.c" -mcpu=cortex-m0 -std=gnu11 -g3 -DDEBUG -DUSE_HAL_DRIVER -DSTM32F030x8 -c -I../Core/Inc -I../Drivers/STM32F0xx_HAL_Driver/Inc -I../Drivers/STM32F0xx_HAL_Driver/Inc/Legacy -I../Drivers/CMSIS/Device/ST/STM32F0xx/Include -I../Drivers/CMSIS/Include -O0 -ffunction-sections -fdata-sections -Wall -fstack-usage -fcyclomatic-complexity -MMD -MP -MF"Core/Src/stm32f0xx_it.d" -MT"Core/Src/stm32f0xx_it.o" --specs=nano.specs -mfloat-abi=soft -mthumb -o "Core/Src/stm32f0xx_it.o"
../Core/Src/sct.c: In function 'sct_led':
../Core/Src/sct.c:19:35: error: 'SCT_SDI_GPIO_Port' undeclared (first use in this function); did you mean 'TMS_GPIO_Port'?
   19 |                 HAL_GPIO_WritePin(SCT_SDI_GPIO_Port, SCT_SDI_Pin, (value & 1 ));
      |                                   ^~~~~~~~~~~~~~~~~
      |                                   TMS_GPIO_Port
../Core/Src/sct.c:19:35: note: each undeclared identifier is reported only once for each function it appears in
../Core/Src/sct.c:19:54: error: 'SCT_SDI_Pin' undeclared (first use in this function)
   19 |                 HAL_GPIO_WritePin(SCT_SDI_GPIO_Port, SCT_SDI_Pin, (value & 1 ));
      |                                                      ^~~~~~~~~~~
../Core/Src/sct.c:21:35: error: 'SCT_CLK_GPIO_Port' undeclared (first use in this function); did you mean 'TCK_GPIO_Port'?
   21 |                 HAL_GPIO_WritePin(SCT_CLK_GPIO_Port, SCT_CLK_Pin, 1);
      |                                   ^~~~~~~~~~~~~~~~~
      |                                   TCK_GPIO_Port
../Core/Src/sct.c:21:54: error: 'SCT_CLK_Pin' undeclared (first use in this function); did you mean 'TCK_Pin'?
   21 |                 HAL_GPIO_WritePin(SCT_CLK_GPIO_Port, SCT_CLK_Pin, 1);
      |                                                      ^~~~~~~~~~~
      |                                                      TCK_Pin
../Core/Src/sct.c:25:27: error: 'SCT_NLA_GPIO_Port' undeclared (first use in this function); did you mean 'USART_RX_GPIO_Port'?
   25 |         HAL_GPIO_WritePin(SCT_NLA_GPIO_Port, SCT_NLA_Pin, 1);
      |                           ^~~~~~~~~~~~~~~~~
      |                           USART_RX_GPIO_Port
../Core/Src/sct.c:25:46: error: 'SCT_NLA_Pin' undeclared (first use in this function)
   25 |         HAL_GPIO_WritePin(SCT_NLA_GPIO_Port, SCT_NLA_Pin, 1);
      |                                              ^~~~~~~~~~~
make: *** [Core/Src/subdir.mk:40: Core/Src/1wire.o] Error 1
make: *** Waiting for unfinished jobs....
make: *** [Core/Src/subdir.mk:40: Core/Src/sct.o] Error 1
"make -j4 all" terminated with exit code 2. Build might be incomplete.
08:25:27 **** Incremental Build of configuration Debug for project cv06 ****
make -j4 all 
arm-none-eabi-gcc "../Core/Src/1wire.c" -mcpu=cortex-m0 -std=gnu11 -g3 -DDEBUG -DUSE_HAL_DRIVER -DSTM32F030x8 -c -I../Core/Inc -I../Drivers/STM32F0xx_HAL_Driver/Inc -I../Drivers/STM32F0xx_HAL_Driver/Inc/Legacy -I../Drivers/CMSIS/Device/ST/STM32F0xx/Include -I../Drivers/CMSIS/Include -O0 -ffunction-sections -fdata-sections -Wall -fstack-usage -fcyclomatic-complexity -MMD -MP -MF"Core/Src/1wire.d" -MT"Core/Src/1wire.o" --specs=nano.specs -mfloat-abi=soft -mthumb -o "Core/Src/1wire.o"
arm-none-eabi-gcc "../Core/Src/main.c" -mcpu=cortex-m0 -std=gnu11 -g3 -DDEBUG -DUSE_HAL_DRIVER -DSTM32F030x8 -c -I../Core/Inc -I../Drivers/STM32F0xx_HAL_Driver/Inc -I../Drivers/STM32F0xx_HAL_Driver/Inc/Legacy -I../Drivers/CMSIS/Device/ST/STM32F0xx/Include -I../Drivers/CMSIS/Include -O0 -ffunction-sections -fdata-sections -Wall -fstack-usage -fcyclomatic-complexity -MMD -MP -MF"Core/Src/main.d" -MT"Core/Src/main.o" --specs=nano.specs -mfloat-abi=soft -mthumb -o "Core/Src/main.o"
arm-none-eabi-gcc "../Core/Src/sct.c" -mcpu=cortex-m0 -std=gnu11 -g3 -DDEBUG -DUSE_HAL_DRIVER -DSTM32F030x8 -c -I../Core/Inc -I../Drivers/STM32F0xx_HAL_Driver/Inc -I../Drivers/STM32F0xx_HAL_Driver/Inc/Legacy -I../Drivers/CMSIS/Device/ST/STM32F0xx/Include -I../Drivers/CMSIS/Include -O0 -ffunction-sections -fdata-sections -Wall -fstack-usage -fcyclomatic-complexity -MMD -MP -MF"Core/Src/sct.d" -MT"Core/Src/sct.o" --specs=nano.specs -mfloat-abi=soft -mthumb -o "Core/Src/sct.o"
arm-none-eabi-gcc "../Core/Src/stm32f0xx_hal_msp.c" -mcpu=cortex-m0 -std=gnu11 -g3 -DDEBUG -DUSE_HAL_DRIVER -DSTM32F030x8 -c -I../Core/Inc -I../Drivers/STM32F0xx_HAL_Driver/Inc -I../Drivers/STM32F0xx_HAL_Driver/Inc/Legacy -I../Drivers/CMSIS/Device/ST/STM32F0xx/Include -I../Drivers/CMSIS/Include -O0 -ffunction-sections -fdata-sections -Wall -fstack-usage -fcyclomatic-complexity -MMD -MP -MF"Core/Src/stm32f0xx_hal_msp.d" -MT"Core/Src/stm32f0xx_hal_msp.o" --specs=nano.specs -mfloat-abi=soft -mthumb -o "Core/Src/stm32f0xx_hal_msp.o"
../Core/Src/main.c: In function 'main':
../Core/Src/main.c:70:9: warning: implicit declaration of function 'OWInit' [-Wimplicit-function-declaration]
   70 |         OWInit();
      |         ^~~~~~
../Core/Src/main.c:100:11: warning: implicit declaration of function 'OWConvertAll' [-Wimplicit-function-declaration]
  100 |           OWConvertAll();
      |           ^~~~~~~~~~~~
../Core/Src/main.c:102:11: warning: implicit declaration of function 'OWReadTemperature' [-Wimplicit-function-declaration]
  102 |           OWReadTemperature();
      |           ^~~~~~~~~~~~~~~~~
../Core/Src/sct.c: In function 'sct_led':
../Core/Src/sct.c:19:35: error: 'SCT_SDI_GPIO_Port' undeclared (first use in this function); did you mean 'TMS_GPIO_Port'?
   19 |                 HAL_GPIO_WritePin(SCT_SDI_GPIO_Port, SCT_SDI_Pin, (value & 1 ));
      |                                   ^~~~~~~~~~~~~~~~~
      |                                   TMS_GPIO_Port
../Core/Src/sct.c:19:35: note: each undeclared identifier is reported only once for each function it appears in
../Core/Src/sct.c:19:54: error: 'SCT_SDI_Pin' undeclared (first use in this function)
   19 |                 HAL_GPIO_WritePin(SCT_SDI_GPIO_Port, SCT_SDI_Pin, (value & 1 ));
      |                                                      ^~~~~~~~~~~
../Core/Src/sct.c:21:35: error: 'SCT_CLK_GPIO_Port' undeclared (first use in this function); did you mean 'TCK_GPIO_Port'?
   21 |                 HAL_GPIO_WritePin(SCT_CLK_GPIO_Port, SCT_CLK_Pin, 1);
      |                                   ^~~~~~~~~~~~~~~~~
      |                                   TCK_GPIO_Port
../Core/Src/sct.c:21:54: error: 'SCT_CLK_Pin' undeclared (first use in this function); did you mean 'TCK_Pin'?
   21 |                 HAL_GPIO_WritePin(SCT_CLK_GPIO_Port, SCT_CLK_Pin, 1);
      |                                                      ^~~~~~~~~~~
      |                                                      TCK_Pin
../Core/Src/sct.c:25:27: error: 'SCT_NLA_GPIO_Port' undeclared (first use in this function); did you mean 'USART_RX_GPIO_Port'?
   25 |         HAL_GPIO_WritePin(SCT_NLA_GPIO_Port, SCT_NLA_Pin, 1);
      |                           ^~~~~~~~~~~~~~~~~
      |                           USART_RX_GPIO_Port
../Core/Src/sct.c:25:46: error: 'SCT_NLA_Pin' undeclared (first use in this function)
   25 |         HAL_GPIO_WritePin(SCT_NLA_GPIO_Port, SCT_NLA_Pin, 1);
      |                                              ^~~~~~~~~~~
make: *** [Core/Src/subdir.mk:40: Core/Src/sct.o] Error 1
make: *** Waiting for unfinished jobs....
"make -j4 all" terminated with exit code 2. Build might be incomplete.
08:30:10 **** Incremental Build of configuration Debug for project cv06 ****
make -j4 all 
arm-none-eabi-gcc "../Core/Src/1wire.c" -mcpu=cortex-m0 -std=gnu11 -g3 -DDEBUG -DUSE_HAL_DRIVER -DSTM32F030x8 -c -I../Core/Inc -I../Drivers/STM32F0xx_HAL_Driver/Inc -I../Drivers/STM32F0xx_HAL_Driver/Inc/Legacy -I../Drivers/CMSIS/Device/ST/STM32F0xx/Include -I../Drivers/CMSIS/Include -O0 -ffunction-sections -fdata-sections -Wall -fstack-usage -fcyclomatic-complexity -MMD -MP -MF"Core/Src/1wire.d" -MT"Core/Src/1wire.o" --specs=nano.specs -mfloat-abi=soft -mthumb -o "Core/Src/1wire.o"
arm-none-eabi-gcc "../Core/Src/main.c" -mcpu=cortex-m0 -std=gnu11 -g3 -DDEBUG -DUSE_HAL_DRIVER -DSTM32F030x8 -c -I../Core/Inc -I../Drivers/STM32F0xx_HAL_Driver/Inc -I../Drivers/STM32F0xx_HAL_Driver/Inc/Legacy -I../Drivers/CMSIS/Device/ST/STM32F0xx/Include -I../Drivers/CMSIS/Include -O0 -ffunction-sections -fdata-sections -Wall -fstack-usage -fcyclomatic-complexity -MMD -MP -MF"Core/Src/main.d" -MT"Core/Src/main.o" --specs=nano.specs -mfloat-abi=soft -mthumb -o "Core/Src/main.o"
arm-none-eabi-gcc "../Core/Src/sct.c" -mcpu=cortex-m0 -std=gnu11 -g3 -DDEBUG -DUSE_HAL_DRIVER -DSTM32F030x8 -c -I../Core/Inc -I../Drivers/STM32F0xx_HAL_Driver/Inc -I../Drivers/STM32F0xx_HAL_Driver/Inc/Legacy -I../Drivers/CMSIS/Device/ST/STM32F0xx/Include -I../Drivers/CMSIS/Include -O0 -ffunction-sections -fdata-sections -Wall -fstack-usage -fcyclomatic-complexity -MMD -MP -MF"Core/Src/sct.d" -MT"Core/Src/sct.o" --specs=nano.specs -mfloat-abi=soft -mthumb -o "Core/Src/sct.o"
arm-none-eabi-gcc "../Core/Src/stm32f0xx_hal_msp.c" -mcpu=cortex-m0 -std=gnu11 -g3 -DDEBUG -DUSE_HAL_DRIVER -DSTM32F030x8 -c -I../Core/Inc -I../Drivers/STM32F0xx_HAL_Driver/Inc -I../Drivers/STM32F0xx_HAL_Driver/Inc/Legacy -I../Drivers/CMSIS/Device/ST/STM32F0xx/Include -I../Drivers/CMSIS/Include -O0 -ffunction-sections -fdata-sections -Wall -fstack-usage -fcyclomatic-complexity -MMD -MP -MF"Core/Src/stm32f0xx_hal_msp.d" -MT"Core/Src/stm32f0xx_hal_msp.o" --specs=nano.specs -mfloat-abi=soft -mthumb -o "Core/Src/stm32f0xx_hal_msp.o"
../Core/Src/main.c: In function 'main':
../Core/Src/main.c:70:9: warning: implicit declaration of function 'OWInit' [-Wimplicit-function-declaration]
   70 |         OWInit();
      |         ^~~~~~
../Core/Src/main.c:100:11: warning: implicit declaration of function 'OWConvertAll' [-Wimplicit-function-declaration]
  100 |           OWConvertAll();
      |           ^~~~~~~~~~~~
../Core/Src/main.c:102:11: warning: implicit declaration of function 'OWReadTemperature' [-Wimplicit-function-declaration]
  102 |           OWReadTemperature();
      |           ^~~~~~~~~~~~~~~~~
arm-none-eabi-gcc "../Core/Src/stm32f0xx_it.c" -mcpu=cortex-m0 -std=gnu11 -g3 -DDEBUG -DUSE_HAL_DRIVER -DSTM32F030x8 -c -I../Core/Inc -I../Drivers/STM32F0xx_HAL_Driver/Inc -I../Drivers/STM32F0xx_HAL_Driver/Inc/Legacy -I../Drivers/CMSIS/Device/ST/STM32F0xx/Include -I../Drivers/CMSIS/Include -O0 -ffunction-sections -fdata-sections -Wall -fstack-usage -fcyclomatic-complexity -MMD -MP -MF"Core/Src/stm32f0xx_it.d" -MT"Core/Src/stm32f0xx_it.o" --specs=nano.specs -mfloat-abi=soft -mthumb -o "Core/Src/stm32f0xx_it.o"
arm-none-eabi-gcc "../Core/Src/syscalls.c" -mcpu=cortex-m0 -std=gnu11 -g3 -DDEBUG -DUSE_HAL_DRIVER -DSTM32F030x8 -c -I../Core/Inc -I../Drivers/STM32F0xx_HAL_Driver/Inc -I../Drivers/STM32F0xx_HAL_Driver/Inc/Legacy -I../Drivers/CMSIS/Device/ST/STM32F0xx/Include -I../Drivers/CMSIS/Include -O0 -ffunction-sections -fdata-sections -Wall -fstack-usage -fcyclomatic-complexity -MMD -MP -MF"Core/Src/syscalls.d" -MT"Core/Src/syscalls.o" --specs=nano.specs -mfloat-abi=soft -mthumb -o "Core/Src/syscalls.o"
arm-none-eabi-gcc "../Core/Src/sysmem.c" -mcpu=cortex-m0 -std=gnu11 -g3 -DDEBUG -DUSE_HAL_DRIVER -DSTM32F030x8 -c -I../Core/Inc -I../Drivers/STM32F0xx_HAL_Driver/Inc -I../Drivers/STM32F0xx_HAL_Driver/Inc/Legacy -I../Drivers/CMSIS/Device/ST/STM32F0xx/Include -I../Drivers/CMSIS/Include -O0 -ffunction-sections -fdata-sections -Wall -fstack-usage -fcyclomatic-complexity -MMD -MP -MF"Core/Src/sysmem.d" -MT"Core/Src/sysmem.o" --specs=nano.specs -mfloat-abi=soft -mthumb -o "Core/Src/sysmem.o"
arm-none-eabi-gcc "../Core/Src/system_stm32f0xx.c" -mcpu=cortex-m0 -std=gnu11 -g3 -DDEBUG -DUSE_HAL_DRIVER -DSTM32F030x8 -c -I../Core/Inc -I../Drivers/STM32F0xx_HAL_Driver/Inc -I../Drivers/STM32F0xx_HAL_Driver/Inc/Legacy -I../Drivers/CMSIS/Device/ST/STM32F0xx/Include -I../Drivers/CMSIS/Include -O0 -ffunction-sections -fdata-sections -Wall -fstack-usage -fcyclomatic-complexity -MMD -MP -MF"Core/Src/system_stm32f0xx.d" -MT"Core/Src/system_stm32f0xx.o" --specs=nano.specs -mfloat-abi=soft -mthumb -o "Core/Src/system_stm32f0xx.o"
arm-none-eabi-gcc -o "cv06.elf" @"objects.list"   -mcpu=cortex-m0 -T"C:\Temp\vanek\MKS\MKS\cv06\STM32F030R8TX_FLASH.ld" --specs=nosys.specs -Wl,-Map="cv06.map" -Wl,--gc-sections -static --specs=nano.specs -mfloat-abi=soft -mthumb -Wl,--start-group -lc -lm -Wl,--end-group
Finished building target: cv06.elf
 
arm-none-eabi-size  cv06.elf 
arm-none-eabi-objdump -h -S cv06.elf  > "cv06.list"
   text	   data	    bss	    dec	    hex	filename
   8596	     12	   1708	  10316	   284c	cv06.elf
Finished building: default.size.stdout
 
Finished building: cv06.list
 
08:30:18 **** Incremental Build of configuration Debug for project cv06 ****
make -j4 all 
arm-none-eabi-size  cv06.elf 
   text	   data	    bss	    dec	    hex	filename
   8596	     12	   1708	  10316	   284c	cv06.elf
Finished building: default.size.stdout
 
08:34:10 **** Incremental Build of configuration Debug for project cv06 ****
make -j4 all 
arm-none-eabi-gcc "../Core/Src/main.c" -mcpu=cortex-m0 -std=gnu11 -g3 -DDEBUG -DUSE_HAL_DRIVER -DSTM32F030x8 -c -I../Core/Inc -I../Drivers/STM32F0xx_HAL_Driver/Inc -I../Drivers/STM32F0xx_HAL_Driver/Inc/Legacy -I../Drivers/CMSIS/Device/ST/STM32F0xx/Include -I../Drivers/CMSIS/Include -O0 -ffunction-sections -fdata-sections -Wall -fstack-usage -fcyclomatic-complexity -MMD -MP -MF"Core/Src/main.d" -MT"Core/Src/main.o" --specs=nano.specs -mfloat-abi=soft -mthumb -o "Core/Src/main.o"
../Core/Src/main.c: In function 'main':
../Core/Src/main.c:70:9: warning: implicit declaration of function 'OWInit' [-Wimplicit-function-declaration]
   70 |         OWInit();
      |         ^~~~~~
../Core/Src/main.c:100:11: warning: implicit declaration of function 'OWConvertAll' [-Wimplicit-function-declaration]
  100 |           OWConvertAll();
      |           ^~~~~~~~~~~~
../Core/Src/main.c:102:11: warning: implicit declaration of function 'OWReadTemperature' [-Wimplicit-function-declaration]
  102 |           OWReadTemperature();
      |           ^~~~~~~~~~~~~~~~~
../Core/Src/main.c:104:11: warning: implicit declaration of function 'sct_value' [-Wimplicit-function-declaration]
  104 |           sct_value(OWReadTemperature(&temp_18b20));
      |           ^~~~~~~~~
arm-none-eabi-gcc -o "cv06.elf" @"objects.list"   -mcpu=cortex-m0 -T"C:\Temp\vanek\MKS\MKS\cv06\STM32F030R8TX_FLASH.ld" --specs=nosys.specs -Wl,-Map="cv06.map" -Wl,--gc-sections -static --specs=nano.specs -mfloat-abi=soft -mthumb -Wl,--start-group -lc -lm -Wl,--end-group
Finished building target: cv06.elf
 
arm-none-eabi-size  cv06.elf 
arm-none-eabi-objdump -h -S cv06.elf  > "cv06.list"
   text	   data	    bss	    dec	    hex	filename
   9072	     12	   1708	  10792	   2a28	cv06.elf
Finished building: default.size.stdout
 
Finished building: cv06.list
 
08:35:02 **** Incremental Build of configuration Debug for project cv06 ****
make -j4 all 
arm-none-eabi-gcc "../Core/Src/main.c" -mcpu=cortex-m0 -std=gnu11 -g3 -DDEBUG -DUSE_HAL_DRIVER -DSTM32F030x8 -c -I../Core/Inc -I../Drivers/STM32F0xx_HAL_Driver/Inc -I../Drivers/STM32F0xx_HAL_Driver/Inc/Legacy -I../Drivers/CMSIS/Device/ST/STM32F0xx/Include -I../Drivers/CMSIS/Include -O0 -ffunction-sections -fdata-sections -Wall -fstack-usage -fcyclomatic-complexity -MMD -MP -MF"Core/Src/main.d" -MT"Core/Src/main.o" --specs=nano.specs -mfloat-abi=soft -mthumb -o "Core/Src/main.o"
../Core/Src/main.c:24:10: error: #include expects "FILENAME" or <FILENAME>
   24 | #include 'sct.h'
      |          ^~~~~~~
../Core/Src/main.c:25:10: error: #include expects "FILENAME" or <FILENAME>
   25 | #include '1wire.h'
      |          ^~~~~~~~~
../Core/Src/main.c: In function 'main':
../Core/Src/main.c:71:9: warning: implicit declaration of function 'OWInit' [-Wimplicit-function-declaration]
   71 |         OWInit();
      |         ^~~~~~
../Core/Src/main.c:101:11: warning: implicit declaration of function 'OWConvertAll' [-Wimplicit-function-declaration]
  101 |           OWConvertAll();
      |           ^~~~~~~~~~~~
../Core/Src/main.c:103:11: warning: implicit declaration of function 'OWReadTemperature' [-Wimplicit-function-declaration]
  103 |           OWReadTemperature();
      |           ^~~~~~~~~~~~~~~~~
../Core/Src/main.c:105:11: warning: implicit declaration of function 'sct_value' [-Wimplicit-function-declaration]
  105 |           sct_value(OWReadTemperature(&temp_18b20));
      |           ^~~~~~~~~
make: *** [Core/Src/subdir.mk:40: Core/Src/main.o] Error 1
"make -j4 all" terminated with exit code 2. Build might be incomplete.
08:35:19 **** Incremental Build of configuration Debug for project cv06 ****
make -j4 all 
arm-none-eabi-gcc "../Core/Src/main.c" -mcpu=cortex-m0 -std=gnu11 -g3 -DDEBUG -DUSE_HAL_DRIVER -DSTM32F030x8 -c -I../Core/Inc -I../Drivers/STM32F0xx_HAL_Driver/Inc -I../Drivers/STM32F0xx_HAL_Driver/Inc/Legacy -I../Drivers/CMSIS/Device/ST/STM32F0xx/Include -I../Drivers/CMSIS/Include -O0 -ffunction-sections -fdata-sections -Wall -fstack-usage -fcyclomatic-complexity -MMD -MP -MF"Core/Src/main.d" -MT"Core/Src/main.o" --specs=nano.specs -mfloat-abi=soft -mthumb -o "Core/Src/main.o"
../Core/Src/main.c: In function 'main':
../Core/Src/main.c:103:11: error: too few arguments to function 'OWReadTemperature'
  103 |           OWReadTemperature();
      |           ^~~~~~~~~~~~~~~~~
In file included from ../Core/Src/main.c:25:
../Core/Inc/1wire.h:38:16: note: declared here
   38 | extern uint8_t OWReadTemperature(int16_t *temperature);
      |                ^~~~~~~~~~~~~~~~~
../Core/Src/main.c:105:11: error: too few arguments to function 'sct_value'
  105 |           sct_value(OWReadTemperature(&temp_18b20));
      |           ^~~~~~~~~
In file included from ../Core/Src/main.c:24:
../Core/Inc/sct.h:13:6: note: declared here
   13 | void sct_value(uint16_t value, uint8_t led);
      |      ^~~~~~~~~
make: *** [Core/Src/subdir.mk:40: Core/Src/main.o] Error 1
"make -j4 all" terminated with exit code 2. Build might be incomplete.
08:36:56 **** Incremental Build of configuration Debug for project cv06 ****
make -j4 all 
arm-none-eabi-gcc "../Core/Src/main.c" -mcpu=cortex-m0 -std=gnu11 -g3 -DDEBUG -DUSE_HAL_DRIVER -DSTM32F030x8 -c -I../Core/Inc -I../Drivers/STM32F0xx_HAL_Driver/Inc -I../Drivers/STM32F0xx_HAL_Driver/Inc/Legacy -I../Drivers/CMSIS/Device/ST/STM32F0xx/Include -I../Drivers/CMSIS/Include -O0 -ffunction-sections -fdata-sections -Wall -fstack-usage -fcyclomatic-complexity -MMD -MP -MF"Core/Src/main.d" -MT"Core/Src/main.o" --specs=nano.specs -mfloat-abi=soft -mthumb -o "Core/Src/main.o"
../Core/Src/main.c: In function 'main':
../Core/Src/main.c:103:11: error: too few arguments to function 'OWReadTemperature'
  103 |           OWReadTemperature();
      |           ^~~~~~~~~~~~~~~~~
In file included from ../Core/Src/main.c:25:
../Core/Inc/1wire.h:38:16: note: declared here
   38 | extern uint8_t OWReadTemperature(int16_t *temperature);
      |                ^~~~~~~~~~~~~~~~~
make: *** [Core/Src/subdir.mk:40: Core/Src/main.o] Error 1
"make -j4 all" terminated with exit code 2. Build might be incomplete.
08:37:06 **** Incremental Build of configuration Debug for project cv06 ****
make -j4 all 
arm-none-eabi-gcc "../Core/Src/main.c" -mcpu=cortex-m0 -std=gnu11 -g3 -DDEBUG -DUSE_HAL_DRIVER -DSTM32F030x8 -c -I../Core/Inc -I../Drivers/STM32F0xx_HAL_Driver/Inc -I../Drivers/STM32F0xx_HAL_Driver/Inc/Legacy -I../Drivers/CMSIS/Device/ST/STM32F0xx/Include -I../Drivers/CMSIS/Include -O0 -ffunction-sections -fdata-sections -Wall -fstack-usage -fcyclomatic-complexity -MMD -MP -MF"Core/Src/main.d" -MT"Core/Src/main.o" --specs=nano.specs -mfloat-abi=soft -mthumb -o "Core/Src/main.o"
../Core/Src/main.c: In function 'main':
../Core/Src/main.c:103:11: warning: statement with no effect [-Wunused-value]
  103 |           OWReadTemperature;
      |           ^~~~~~~~~~~~~~~~~
arm-none-eabi-gcc -o "cv06.elf" @"objects.list"   -mcpu=cortex-m0 -T"C:\Temp\vanek\MKS\MKS\cv06\STM32F030R8TX_FLASH.ld" --specs=nosys.specs -Wl,-Map="cv06.map" -Wl,--gc-sections -static --specs=nano.specs -mfloat-abi=soft -mthumb -Wl,--start-group -lc -lm -Wl,--end-group
Finished building target: cv06.elf
 
arm-none-eabi-size  cv06.elf 
arm-none-eabi-objdump -h -S cv06.elf  > "cv06.list"
   text	   data	    bss	    dec	    hex	filename
   9068	     12	   1708	  10788	   2a24	cv06.elf
Finished building: default.size.stdout
 
Finished building: cv06.list
 
08:38:15 **** Incremental Build of configuration Debug for project cv06 ****
make -j4 all 
arm-none-eabi-gcc "../Core/Src/main.c" -mcpu=cortex-m0 -std=gnu11 -g3 -DDEBUG -DUSE_HAL_DRIVER -DSTM32F030x8 -c -I../Core/Inc -I../Drivers/STM32F0xx_HAL_Driver/Inc -I../Drivers/STM32F0xx_HAL_Driver/Inc/Legacy -I../Drivers/CMSIS/Device/ST/STM32F0xx/Include -I../Drivers/CMSIS/Include -O0 -ffunction-sections -fdata-sections -Wall -fstack-usage -fcyclomatic-complexity -MMD -MP -MF"Core/Src/main.d" -MT"Core/Src/main.o" --specs=nano.specs -mfloat-abi=soft -mthumb -o "Core/Src/main.o"
arm-none-eabi-gcc -o "cv06.elf" @"objects.list"   -mcpu=cortex-m0 -T"C:\Temp\vanek\MKS\MKS\cv06\STM32F030R8TX_FLASH.ld" --specs=nosys.specs -Wl,-Map="cv06.map" -Wl,--gc-sections -static --specs=nano.specs -mfloat-abi=soft -mthumb -Wl,--start-group -lc -lm -Wl,--end-group
Finished building target: cv06.elf
 
arm-none-eabi-size  cv06.elf 
arm-none-eabi-objdump -h -S cv06.elf  > "cv06.list"
   text	   data	    bss	    dec	    hex	filename
   9068	     12	   1708	  10788	   2a24	cv06.elf
Finished building: default.size.stdout
 
Finished building: cv06.list
 
08:40:15 **** Incremental Build of configuration Debug for project cv06 ****
make -j4 all 
arm-none-eabi-gcc "../Core/Src/main.c" -mcpu=cortex-m0 -std=gnu11 -g3 -DDEBUG -DUSE_HAL_DRIVER -DSTM32F030x8 -c -I../Core/Inc -I../Drivers/STM32F0xx_HAL_Driver/Inc -I../Drivers/STM32F0xx_HAL_Driver/Inc/Legacy -I../Drivers/CMSIS/Device/ST/STM32F0xx/Include -I../Drivers/CMSIS/Include -O0 -ffunction-sections -fdata-sections -Wall -fstack-usage -fcyclomatic-complexity -MMD -MP -MF"Core/Src/main.d" -MT"Core/Src/main.o" --specs=nano.specs -mfloat-abi=soft -mthumb -o "Core/Src/main.o"
../Core/Src/main.c: In function 'main':
../Core/Src/main.c:104:29: warning: passing argument 1 of 'OWReadTemperature' makes pointer from integer without a cast [-Wint-conversion]
  104 |           OWReadTemperature(temp_18b20)
      |                             ^~~~~~~~~~
      |                             |
      |                             int16_t {aka short int}
In file included from ../Core/Src/main.c:25:
../Core/Inc/1wire.h:38:43: note: expected 'int16_t *' {aka 'short int *'} but argument is of type 'int16_t' {aka 'short int'}
   38 | extern uint8_t OWReadTemperature(int16_t *temperature);
      |                                  ~~~~~~~~~^~~~~~~~~~~
../Core/Src/main.c:104:40: error: expected ';' before 'sct_value'
  104 |           OWReadTemperature(temp_18b20)
      |                                        ^
      |                                        ;
  105 |           sct_value(temp_18b20,0);
      |           ~~~~~~~~~                     
make: *** [Core/Src/subdir.mk:40: Core/Src/main.o] Error 1
"make -j4 all" terminated with exit code 2. Build might be incomplete.
08:40:41 **** Incremental Build of configuration Debug for project cv06 ****
make -j4 all 
arm-none-eabi-gcc "../Core/Src/main.c" -mcpu=cortex-m0 -std=gnu11 -g3 -DDEBUG -DUSE_HAL_DRIVER -DSTM32F030x8 -c -I../Core/Inc -I../Drivers/STM32F0xx_HAL_Driver/Inc -I../Drivers/STM32F0xx_HAL_Driver/Inc/Legacy -I../Drivers/CMSIS/Device/ST/STM32F0xx/Include -I../Drivers/CMSIS/Include -O0 -ffunction-sections -fdata-sections -Wall -fstack-usage -fcyclomatic-complexity -MMD -MP -MF"Core/Src/main.d" -MT"Core/Src/main.o" --specs=nano.specs -mfloat-abi=soft -mthumb -o "Core/Src/main.o"
../Core/Src/main.c: In function 'main':
../Core/Src/main.c:104:29: warning: passing argument 1 of 'OWReadTemperature' makes pointer from integer without a cast [-Wint-conversion]
  104 |           OWReadTemperature(temp_18b20)
      |                             ^~~~~~~~~~
      |                             |
      |                             int16_t {aka short int}
In file included from ../Core/Src/main.c:25:
../Core/Inc/1wire.h:38:43: note: expected 'int16_t *' {aka 'short int *'} but argument is of type 'int16_t' {aka 'short int'}
   38 | extern uint8_t OWReadTemperature(int16_t *temperature);
      |                                  ~~~~~~~~~^~~~~~~~~~~
../Core/Src/main.c:104:40: error: expected ';' before 'sct_value'
  104 |           OWReadTemperature(temp_18b20)
      |                                        ^
      |                                        ;
  105 |           sct_value(temp,0);
      |           ~~~~~~~~~                     
make: *** [Core/Src/subdir.mk:40: Core/Src/main.o] Error 1
"make -j4 all" terminated with exit code 2. Build might be incomplete.
08:40:48 **** Incremental Build of configuration Debug for project cv06 ****
make -j4 all 
arm-none-eabi-gcc "../Core/Src/main.c" -mcpu=cortex-m0 -std=gnu11 -g3 -DDEBUG -DUSE_HAL_DRIVER -DSTM32F030x8 -c -I../Core/Inc -I../Drivers/STM32F0xx_HAL_Driver/Inc -I../Drivers/STM32F0xx_HAL_Driver/Inc/Legacy -I../Drivers/CMSIS/Device/ST/STM32F0xx/Include -I../Drivers/CMSIS/Include -O0 -ffunction-sections -fdata-sections -Wall -fstack-usage -fcyclomatic-complexity -MMD -MP -MF"Core/Src/main.d" -MT"Core/Src/main.o" --specs=nano.specs -mfloat-abi=soft -mthumb -o "Core/Src/main.o"
../Core/Src/main.c: In function 'main':
../Core/Src/main.c:104:29: warning: passing argument 1 of 'OWReadTemperature' makes pointer from integer without a cast [-Wint-conversion]
  104 |           OWReadTemperature(temp_18b20);
      |                             ^~~~~~~~~~
      |                             |
      |                             int16_t {aka short int}
In file included from ../Core/Src/main.c:25:
../Core/Inc/1wire.h:38:43: note: expected 'int16_t *' {aka 'short int *'} but argument is of type 'int16_t' {aka 'short int'}
   38 | extern uint8_t OWReadTemperature(int16_t *temperature);
      |                                  ~~~~~~~~~^~~~~~~~~~~
../Core/Src/main.c:105:21: error: 'temp' undeclared (first use in this function)
  105 |           sct_value(temp,0);
      |                     ^~~~
../Core/Src/main.c:105:21: note: each undeclared identifier is reported only once for each function it appears in
make: *** [Core/Src/subdir.mk:40: Core/Src/main.o] Error 1
"make -j4 all" terminated with exit code 2. Build might be incomplete.
08:40:57 **** Incremental Build of configuration Debug for project cv06 ****
make -j4 all 
arm-none-eabi-gcc "../Core/Src/main.c" -mcpu=cortex-m0 -std=gnu11 -g3 -DDEBUG -DUSE_HAL_DRIVER -DSTM32F030x8 -c -I../Core/Inc -I../Drivers/STM32F0xx_HAL_Driver/Inc -I../Drivers/STM32F0xx_HAL_Driver/Inc/Legacy -I../Drivers/CMSIS/Device/ST/STM32F0xx/Include -I../Drivers/CMSIS/Include -O0 -ffunction-sections -fdata-sections -Wall -fstack-usage -fcyclomatic-complexity -MMD -MP -MF"Core/Src/main.d" -MT"Core/Src/main.o" --specs=nano.specs -mfloat-abi=soft -mthumb -o "Core/Src/main.o"
../Core/Src/main.c: In function 'main':
../Core/Src/main.c:104:29: warning: passing argument 1 of 'OWReadTemperature' makes pointer from integer without a cast [-Wint-conversion]
  104 |           OWReadTemperature(temp_18b20);
      |                             ^~~~~~~~~~
      |                             |
      |                             int16_t {aka short int}
In file included from ../Core/Src/main.c:25:
../Core/Inc/1wire.h:38:43: note: expected 'int16_t *' {aka 'short int *'} but argument is of type 'int16_t' {aka 'short int'}
   38 | extern uint8_t OWReadTemperature(int16_t *temperature);
      |                                  ~~~~~~~~~^~~~~~~~~~~
../Core/Src/main.c:104:11: warning: 'temp_18b20' is used uninitialized [-Wuninitialized]
  104 |           OWReadTemperature(temp_18b20);
      |           ^~~~~~~~~~~~~~~~~~~~~~~~~~~~~
../Core/Src/main.c:103:19: note: 'temp_18b20' was declared here
  103 |           int16_t temp_18b20;
      |                   ^~~~~~~~~~
arm-none-eabi-gcc -o "cv06.elf" @"objects.list"   -mcpu=cortex-m0 -T"C:\Temp\vanek\MKS\MKS\cv06\STM32F030R8TX_FLASH.ld" --specs=nosys.specs -Wl,-Map="cv06.map" -Wl,--gc-sections -static --specs=nano.specs -mfloat-abi=soft -mthumb -Wl,--start-group -lc -lm -Wl,--end-group
Finished building target: cv06.elf
 
arm-none-eabi-size  cv06.elf 
arm-none-eabi-objdump -h -S cv06.elf  > "cv06.list"
   text	   data	    bss	    dec	    hex	filename
   9076	     12	   1708	  10796	   2a2c	cv06.elf
Finished building: default.size.stdout
 
Finished building: cv06.list
 
08:41:54 **** Incremental Build of configuration Debug for project cv06 ****
make -j4 all 
arm-none-eabi-gcc "../Core/Src/main.c" -mcpu=cortex-m0 -std=gnu11 -g3 -DDEBUG -DUSE_HAL_DRIVER -DSTM32F030x8 -c -I../Core/Inc -I../Drivers/STM32F0xx_HAL_Driver/Inc -I../Drivers/STM32F0xx_HAL_Driver/Inc/Legacy -I../Drivers/CMSIS/Device/ST/STM32F0xx/Include -I../Drivers/CMSIS/Include -O0 -ffunction-sections -fdata-sections -Wall -fstack-usage -fcyclomatic-complexity -MMD -MP -MF"Core/Src/main.d" -MT"Core/Src/main.o" --specs=nano.specs -mfloat-abi=soft -mthumb -o "Core/Src/main.o"
arm-none-eabi-gcc -o "cv06.elf" @"objects.list"   -mcpu=cortex-m0 -T"C:\Temp\vanek\MKS\MKS\cv06\STM32F030R8TX_FLASH.ld" --specs=nosys.specs -Wl,-Map="cv06.map" -Wl,--gc-sections -static --specs=nano.specs -mfloat-abi=soft -mthumb -Wl,--start-group -lc -lm -Wl,--end-group
Finished building target: cv06.elf
 
arm-none-eabi-size  cv06.elf 
arm-none-eabi-objdump -h -S cv06.elf  > "cv06.list"
   text	   data	    bss	    dec	    hex	filename
   9076	     12	   1708	  10796	   2a2c	cv06.elf
Finished building: default.size.stdout
 
Finished building: cv06.list
 
08:42:52 **** Incremental Build of configuration Debug for project cv06 ****
make -j4 all 
arm-none-eabi-gcc "../Core/Src/main.c" -mcpu=cortex-m0 -std=gnu11 -g3 -DDEBUG -DUSE_HAL_DRIVER -DSTM32F030x8 -c -I../Core/Inc -I../Drivers/STM32F0xx_HAL_Driver/Inc -I../Drivers/STM32F0xx_HAL_Driver/Inc/Legacy -I../Drivers/CMSIS/Device/ST/STM32F0xx/Include -I../Drivers/CMSIS/Include -O0 -ffunction-sections -fdata-sections -Wall -fstack-usage -fcyclomatic-complexity -MMD -MP -MF"Core/Src/main.d" -MT"Core/Src/main.o" --specs=nano.specs -mfloat-abi=soft -mthumb -o "Core/Src/main.o"
../Core/Src/main.c: In function 'main':
../Core/Src/main.c:105:11: error: too few arguments to function 'sct_value'
  105 |           sct_value(temp_18b20/10);
      |           ^~~~~~~~~
In file included from ../Core/Src/main.c:24:
../Core/Inc/sct.h:13:6: note: declared here
   13 | void sct_value(uint16_t value, uint8_t led);
      |      ^~~~~~~~~
make: *** [Core/Src/subdir.mk:40: Core/Src/main.o] Error 1
"make -j4 all" terminated with exit code 2. Build might be incomplete.
08:43:20 **** Incremental Build of configuration Debug for project cv06 ****
make -j4 all 
arm-none-eabi-gcc "../Core/Src/main.c" -mcpu=cortex-m0 -std=gnu11 -g3 -DDEBUG -DUSE_HAL_DRIVER -DSTM32F030x8 -c -I../Core/Inc -I../Drivers/STM32F0xx_HAL_Driver/Inc -I../Drivers/STM32F0xx_HAL_Driver/Inc/Legacy -I../Drivers/CMSIS/Device/ST/STM32F0xx/Include -I../Drivers/CMSIS/Include -O0 -ffunction-sections -fdata-sections -Wall -fstack-usage -fcyclomatic-complexity -MMD -MP -MF"Core/Src/main.d" -MT"Core/Src/main.o" --specs=nano.specs -mfloat-abi=soft -mthumb -o "Core/Src/main.o"
arm-none-eabi-gcc -o "cv06.elf" @"objects.list"   -mcpu=cortex-m0 -T"C:\Temp\vanek\MKS\MKS\cv06\STM32F030R8TX_FLASH.ld" --specs=nosys.specs -Wl,-Map="cv06.map" -Wl,--gc-sections -static --specs=nano.specs -mfloat-abi=soft -mthumb -Wl,--start-group -lc -lm -Wl,--end-group
Finished building target: cv06.elf
 
arm-none-eabi-size  cv06.elf 
arm-none-eabi-objdump -h -S cv06.elf  > "cv06.list"
   text	   data	    bss	    dec	    hex	filename
   9556	     12	   1708	  11276	   2c0c	cv06.elf
Finished building: default.size.stdout
 
Finished building: cv06.list
 
08:46:12 **** Incremental Build of configuration Debug for project cv06 ****
make -j4 all 
arm-none-eabi-gcc "../Core/Src/main.c" -mcpu=cortex-m0 -std=gnu11 -g3 -DDEBUG -DUSE_HAL_DRIVER -DSTM32F030x8 -c -I../Core/Inc -I../Drivers/STM32F0xx_HAL_Driver/Inc -I../Drivers/STM32F0xx_HAL_Driver/Inc/Legacy -I../Drivers/CMSIS/Device/ST/STM32F0xx/Include -I../Drivers/CMSIS/Include -O0 -ffunction-sections -fdata-sections -Wall -fstack-usage -fcyclomatic-complexity -MMD -MP -MF"Core/Src/main.d" -MT"Core/Src/main.o" --specs=nano.specs -mfloat-abi=soft -mthumb -o "Core/Src/main.o"
../Core/Src/main.c: In function 'main':
../Core/Src/main.c:106:19: error: too few arguments to function 'sct_value'
  106 |                   sct_value(temp_18b20/10);
      |                   ^~~~~~~~~
In file included from ../Core/Src/main.c:24:
../Core/Inc/sct.h:13:6: note: declared here
   13 | void sct_value(uint16_t value, uint8_t led);
      |      ^~~~~~~~~
../Core/Src/main.c:109:29: warning: passing argument 1 of 'sct_value' makes integer from pointer without a cast [-Wint-conversion]
  109 |                   sct_value("Error");
      |                             ^~~~~~~
      |                             |
      |                             char *
../Core/Inc/sct.h:13:25: note: expected 'uint16_t' {aka 'short unsigned int'} but argument is of type 'char *'
   13 | void sct_value(uint16_t value, uint8_t led);
      |                ~~~~~~~~~^~~~~
../Core/Src/main.c:109:19: error: too few arguments to function 'sct_value'
  109 |                   sct_value("Error");
      |                   ^~~~~~~~~
../Core/Inc/sct.h:13:6: note: declared here
   13 | void sct_value(uint16_t value, uint8_t led);
      |      ^~~~~~~~~
make: *** [Core/Src/subdir.mk:40: Core/Src/main.o] Error 1
"make -j4 all" terminated with exit code 2. Build might be incomplete.
08:46:24 **** Incremental Build of configuration Debug for project cv06 ****
make -j4 all 
arm-none-eabi-gcc "../Core/Src/main.c" -mcpu=cortex-m0 -std=gnu11 -g3 -DDEBUG -DUSE_HAL_DRIVER -DSTM32F030x8 -c -I../Core/Inc -I../Drivers/STM32F0xx_HAL_Driver/Inc -I../Drivers/STM32F0xx_HAL_Driver/Inc/Legacy -I../Drivers/CMSIS/Device/ST/STM32F0xx/Include -I../Drivers/CMSIS/Include -O0 -ffunction-sections -fdata-sections -Wall -fstack-usage -fcyclomatic-complexity -MMD -MP -MF"Core/Src/main.d" -MT"Core/Src/main.o" --specs=nano.specs -mfloat-abi=soft -mthumb -o "Core/Src/main.o"
../Core/Src/main.c: In function 'main':
../Core/Src/main.c:106:19: error: too few arguments to function 'sct_value'
  106 |                   sct_value(temp_18b20/10);
      |                   ^~~~~~~~~
In file included from ../Core/Src/main.c:24:
../Core/Inc/sct.h:13:6: note: declared here
   13 | void sct_value(uint16_t value, uint8_t led);
      |      ^~~~~~~~~
make: *** [Core/Src/subdir.mk:40: Core/Src/main.o] Error 1
"make -j4 all" terminated with exit code 2. Build might be incomplete.
08:46:31 **** Incremental Build of configuration Debug for project cv06 ****
make -j4 all 
arm-none-eabi-gcc "../Core/Src/main.c" -mcpu=cortex-m0 -std=gnu11 -g3 -DDEBUG -DUSE_HAL_DRIVER -DSTM32F030x8 -c -I../Core/Inc -I../Drivers/STM32F0xx_HAL_Driver/Inc -I../Drivers/STM32F0xx_HAL_Driver/Inc/Legacy -I../Drivers/CMSIS/Device/ST/STM32F0xx/Include -I../Drivers/CMSIS/Include -O0 -ffunction-sections -fdata-sections -Wall -fstack-usage -fcyclomatic-complexity -MMD -MP -MF"Core/Src/main.d" -MT"Core/Src/main.o" --specs=nano.specs -mfloat-abi=soft -mthumb -o "Core/Src/main.o"
arm-none-eabi-gcc -o "cv06.elf" @"objects.list"   -mcpu=cortex-m0 -T"C:\Temp\vanek\MKS\MKS\cv06\STM32F030R8TX_FLASH.ld" --specs=nosys.specs -Wl,-Map="cv06.map" -Wl,--gc-sections -static --specs=nano.specs -mfloat-abi=soft -mthumb -Wl,--start-group -lc -lm -Wl,--end-group
Finished building target: cv06.elf
 
arm-none-eabi-size  cv06.elf 
arm-none-eabi-objdump -h -S cv06.elf  > "cv06.list"
   text	   data	    bss	    dec	    hex	filename
   9556	     12	   1708	  11276	   2c0c	cv06.elf
Finished building: default.size.stdout
 
Finished building: cv06.list
 
08:47:58 **** Incremental Build of configuration Debug for project cv06 ****
make -j4 all 
arm-none-eabi-gcc "../Core/Src/main.c" -mcpu=cortex-m0 -std=gnu11 -g3 -DDEBUG -DUSE_HAL_DRIVER -DSTM32F030x8 -c -I../Core/Inc -I../Drivers/STM32F0xx_HAL_Driver/Inc -I../Drivers/STM32F0xx_HAL_Driver/Inc/Legacy -I../Drivers/CMSIS/Device/ST/STM32F0xx/Include -I../Drivers/CMSIS/Include -O0 -ffunction-sections -fdata-sections -Wall -fstack-usage -fcyclomatic-complexity -MMD -MP -MF"Core/Src/main.d" -MT"Core/Src/main.o" --specs=nano.specs -mfloat-abi=soft -mthumb -o "Core/Src/main.o"
arm-none-eabi-gcc -o "cv06.elf" @"objects.list"   -mcpu=cortex-m0 -T"C:\Temp\vanek\MKS\MKS\cv06\STM32F030R8TX_FLASH.ld" --specs=nosys.specs -Wl,-Map="cv06.map" -Wl,--gc-sections -static --specs=nano.specs -mfloat-abi=soft -mthumb -Wl,--start-group -lc -lm -Wl,--end-group
Finished building target: cv06.elf
 
arm-none-eabi-size  cv06.elf 
arm-none-eabi-objdump -h -S cv06.elf  > "cv06.list"
   text	   data	    bss	    dec	    hex	filename
   9556	     12	   1708	  11276	   2c0c	cv06.elf
Finished building: default.size.stdout
 
Finished building: cv06.list
 
08:48:28 **** Incremental Build of configuration Debug for project cv06 ****
make -j4 all 
arm-none-eabi-gcc "../Core/Src/main.c" -mcpu=cortex-m0 -std=gnu11 -g3 -DDEBUG -DUSE_HAL_DRIVER -DSTM32F030x8 -c -I../Core/Inc -I../Drivers/STM32F0xx_HAL_Driver/Inc -I../Drivers/STM32F0xx_HAL_Driver/Inc/Legacy -I../Drivers/CMSIS/Device/ST/STM32F0xx/Include -I../Drivers/CMSIS/Include -O0 -ffunction-sections -fdata-sections -Wall -fstack-usage -fcyclomatic-complexity -MMD -MP -MF"Core/Src/main.d" -MT"Core/Src/main.o" --specs=nano.specs -mfloat-abi=soft -mthumb -o "Core/Src/main.o"
arm-none-eabi-gcc -o "cv06.elf" @"objects.list"   -mcpu=cortex-m0 -T"C:\Temp\vanek\MKS\MKS\cv06\STM32F030R8TX_FLASH.ld" --specs=nosys.specs -Wl,-Map="cv06.map" -Wl,--gc-sections -static --specs=nano.specs -mfloat-abi=soft -mthumb -Wl,--start-group -lc -lm -Wl,--end-group
Finished building target: cv06.elf
 
arm-none-eabi-size  cv06.elf 
arm-none-eabi-objdump -h -S cv06.elf  > "cv06.list"
   text	   data	    bss	    dec	    hex	filename
   9576	     12	   1708	  11296	   2c20	cv06.elf
Finished building: default.size.stdout
 
Finished building: cv06.list
 
08:49:33 **** Incremental Build of configuration Debug for project cv06 ****
make -j4 all 
arm-none-eabi-gcc "../Core/Src/main.c" -mcpu=cortex-m0 -std=gnu11 -g3 -DDEBUG -DUSE_HAL_DRIVER -DSTM32F030x8 -c -I../Core/Inc -I../Drivers/STM32F0xx_HAL_Driver/Inc -I../Drivers/STM32F0xx_HAL_Driver/Inc/Legacy -I../Drivers/CMSIS/Device/ST/STM32F0xx/Include -I../Drivers/CMSIS/Include -O0 -ffunction-sections -fdata-sections -Wall -fstack-usage -fcyclomatic-complexity -MMD -MP -MF"Core/Src/main.d" -MT"Core/Src/main.o" --specs=nano.specs -mfloat-abi=soft -mthumb -o "Core/Src/main.o"
../Core/Src/main.c: In function 'main':
../Core/Src/main.c:107:19: error: too few arguments to function 'sct_value'
  107 |                   sct_value(temp_18b20/10);
      |                   ^~~~~~~~~
In file included from ../Core/Src/main.c:24:
../Core/Inc/sct.h:13:6: note: declared here
   13 | void sct_value(uint16_t value, uint8_t led);
      |      ^~~~~~~~~
make: *** [Core/Src/subdir.mk:40: Core/Src/main.o] Error 1
"make -j4 all" terminated with exit code 2. Build might be incomplete.
08:49:46 **** Incremental Build of configuration Debug for project cv06 ****
make -j4 all 
arm-none-eabi-gcc "../Core/Src/main.c" -mcpu=cortex-m0 -std=gnu11 -g3 -DDEBUG -DUSE_HAL_DRIVER -DSTM32F030x8 -c -I../Core/Inc -I../Drivers/STM32F0xx_HAL_Driver/Inc -I../Drivers/STM32F0xx_HAL_Driver/Inc/Legacy -I../Drivers/CMSIS/Device/ST/STM32F0xx/Include -I../Drivers/CMSIS/Include -O0 -ffunction-sections -fdata-sections -Wall -fstack-usage -fcyclomatic-complexity -MMD -MP -MF"Core/Src/main.d" -MT"Core/Src/main.o" --specs=nano.specs -mfloat-abi=soft -mthumb -o "Core/Src/main.o"
arm-none-eabi-gcc -o "cv06.elf" @"objects.list"   -mcpu=cortex-m0 -T"C:\Temp\vanek\MKS\MKS\cv06\STM32F030R8TX_FLASH.ld" --specs=nosys.specs -Wl,-Map="cv06.map" -Wl,--gc-sections -static --specs=nano.specs -mfloat-abi=soft -mthumb -Wl,--start-group -lc -lm -Wl,--end-group
Finished building target: cv06.elf
 
arm-none-eabi-size  cv06.elf 
arm-none-eabi-objdump -h -S cv06.elf  > "cv06.list"
   text	   data	    bss	    dec	    hex	filename
   9576	     12	   1708	  11296	   2c20	cv06.elf
Finished building: default.size.stdout
 
Finished building: cv06.list
 
08:54:52 **** Incremental Build of configuration Debug for project cv06 ****
make -j4 all 
arm-none-eabi-gcc "../Core/Src/1wire.c" -mcpu=cortex-m0 -std=gnu11 -g3 -DDEBUG -DUSE_HAL_DRIVER -DSTM32F030x8 -c -I../Core/Inc -I../Drivers/STM32F0xx_HAL_Driver/Inc -I../Drivers/STM32F0xx_HAL_Driver/Inc/Legacy -I../Drivers/CMSIS/Device/ST/STM32F0xx/Include -I../Drivers/CMSIS/Include -O0 -ffunction-sections -fdata-sections -Wall -fstack-usage -fcyclomatic-complexity -MMD -MP -MF"Core/Src/1wire.d" -MT"Core/Src/1wire.o" --specs=nano.specs -mfloat-abi=soft -mthumb -o "Core/Src/1wire.o"
arm-none-eabi-gcc "../Core/Src/main.c" -mcpu=cortex-m0 -std=gnu11 -g3 -DDEBUG -DUSE_HAL_DRIVER -DSTM32F030x8 -c -I../Core/Inc -I../Drivers/STM32F0xx_HAL_Driver/Inc -I../Drivers/STM32F0xx_HAL_Driver/Inc/Legacy -I../Drivers/CMSIS/Device/ST/STM32F0xx/Include -I../Drivers/CMSIS/Include -O0 -ffunction-sections -fdata-sections -Wall -fstack-usage -fcyclomatic-complexity -MMD -MP -MF"Core/Src/main.d" -MT"Core/Src/main.o" --specs=nano.specs -mfloat-abi=soft -mthumb -o "Core/Src/main.o"
arm-none-eabi-gcc -o "cv06.elf" @"objects.list"   -mcpu=cortex-m0 -T"C:\Temp\vanek\MKS\MKS\cv06\STM32F030R8TX_FLASH.ld" --specs=nosys.specs -Wl,-Map="cv06.map" -Wl,--gc-sections -static --specs=nano.specs -mfloat-abi=soft -mthumb -Wl,--start-group -lc -lm -Wl,--end-group
Finished building target: cv06.elf
 
arm-none-eabi-size  cv06.elf 
arm-none-eabi-objdump -h -S cv06.elf  > "cv06.list"
   text	   data	    bss	    dec	    hex	filename
   9576	     12	   1708	  11296	   2c20	cv06.elf
Finished building: default.size.stdout
 
Finished building: cv06.list
 
08:56:36 **** Incremental Build of configuration Debug for project cv06 ****
make -j4 all 
arm-none-eabi-gcc "../Core/Src/main.c" -mcpu=cortex-m0 -std=gnu11 -g3 -DDEBUG -DUSE_HAL_DRIVER -DSTM32F030x8 -c -I../Core/Inc -I../Drivers/STM32F0xx_HAL_Driver/Inc -I../Drivers/STM32F0xx_HAL_Driver/Inc/Legacy -I../Drivers/CMSIS/Device/ST/STM32F0xx/Include -I../Drivers/CMSIS/Include -O0 -ffunction-sections -fdata-sections -Wall -fstack-usage -fcyclomatic-complexity -MMD -MP -MF"Core/Src/main.d" -MT"Core/Src/main.o" --specs=nano.specs -mfloat-abi=soft -mthumb -o "Core/Src/main.o"
../Core/Src/main.c: In function 'main':
../Core/Src/main.c:110:19: error: too few arguments to function 'sct_value'
  110 |                   sct_value(0);
      |                   ^~~~~~~~~
In file included from ../Core/Src/main.c:24:
../Core/Inc/sct.h:13:6: note: declared here
   13 | void sct_value(uint16_t value, uint8_t led);
      |      ^~~~~~~~~
make: *** [Core/Src/subdir.mk:40: Core/Src/main.o] Error 1
"make -j4 all" terminated with exit code 2. Build might be incomplete.
08:56:46 **** Incremental Build of configuration Debug for project cv06 ****
make -j4 all 
arm-none-eabi-gcc "../Core/Src/main.c" -mcpu=cortex-m0 -std=gnu11 -g3 -DDEBUG -DUSE_HAL_DRIVER -DSTM32F030x8 -c -I../Core/Inc -I../Drivers/STM32F0xx_HAL_Driver/Inc -I../Drivers/STM32F0xx_HAL_Driver/Inc/Legacy -I../Drivers/CMSIS/Device/ST/STM32F0xx/Include -I../Drivers/CMSIS/Include -O0 -ffunction-sections -fdata-sections -Wall -fstack-usage -fcyclomatic-complexity -MMD -MP -MF"Core/Src/main.d" -MT"Core/Src/main.o" --specs=nano.specs -mfloat-abi=soft -mthumb -o "Core/Src/main.o"
arm-none-eabi-gcc -o "cv06.elf" @"objects.list"   -mcpu=cortex-m0 -T"C:\Temp\vanek\MKS\MKS\cv06\STM32F030R8TX_FLASH.ld" --specs=nosys.specs -Wl,-Map="cv06.map" -Wl,--gc-sections -static --specs=nano.specs -mfloat-abi=soft -mthumb -Wl,--start-group -lc -lm -Wl,--end-group
Finished building target: cv06.elf
 
arm-none-eabi-size  cv06.elf 
arm-none-eabi-objdump -h -S cv06.elf  > "cv06.list"
   text	   data	    bss	    dec	    hex	filename
   9588	     12	   1708	  11308	   2c2c	cv06.elf
Finished building: default.size.stdout
 
Finished building: cv06.list
 
08:57:34 **** Incremental Build of configuration Debug for project cv06 ****
make -j4 all 
arm-none-eabi-gcc "../Core/Src/main.c" -mcpu=cortex-m0 -std=gnu11 -g3 -DDEBUG -DUSE_HAL_DRIVER -DSTM32F030x8 -c -I../Core/Inc -I../Drivers/STM32F0xx_HAL_Driver/Inc -I../Drivers/STM32F0xx_HAL_Driver/Inc/Legacy -I../Drivers/CMSIS/Device/ST/STM32F0xx/Include -I../Drivers/CMSIS/Include -O0 -ffunction-sections -fdata-sections -Wall -fstack-usage -fcyclomatic-complexity -MMD -MP -MF"Core/Src/main.d" -MT"Core/Src/main.o" --specs=nano.specs -mfloat-abi=soft -mthumb -o "Core/Src/main.o"
arm-none-eabi-gcc -o "cv06.elf" @"objects.list"   -mcpu=cortex-m0 -T"C:\Temp\vanek\MKS\MKS\cv06\STM32F030R8TX_FLASH.ld" --specs=nosys.specs -Wl,-Map="cv06.map" -Wl,--gc-sections -static --specs=nano.specs -mfloat-abi=soft -mthumb -Wl,--start-group -lc -lm -Wl,--end-group
Finished building target: cv06.elf
 
arm-none-eabi-size  cv06.elf 
arm-none-eabi-objdump -h -S cv06.elf  > "cv06.list"
   text	   data	    bss	    dec	    hex	filename
   9640	     12	   1708	  11360	   2c60	cv06.elf
Finished building: default.size.stdout
 
Finished building: cv06.list
 
08:58:10 **** Incremental Build of configuration Debug for project cv06 ****
make -j4 all 
arm-none-eabi-gcc "../Core/Src/main.c" -mcpu=cortex-m0 -std=gnu11 -g3 -DDEBUG -DUSE_HAL_DRIVER -DSTM32F030x8 -c -I../Core/Inc -I../Drivers/STM32F0xx_HAL_Driver/Inc -I../Drivers/STM32F0xx_HAL_Driver/Inc/Legacy -I../Drivers/CMSIS/Device/ST/STM32F0xx/Include -I../Drivers/CMSIS/Include -O0 -ffunction-sections -fdata-sections -Wall -fstack-usage -fcyclomatic-complexity -MMD -MP -MF"Core/Src/main.d" -MT"Core/Src/main.o" --specs=nano.specs -mfloat-abi=soft -mthumb -o "Core/Src/main.o"
arm-none-eabi-gcc -o "cv06.elf" @"objects.list"   -mcpu=cortex-m0 -T"C:\Temp\vanek\MKS\MKS\cv06\STM32F030R8TX_FLASH.ld" --specs=nosys.specs -Wl,-Map="cv06.map" -Wl,--gc-sections -static --specs=nano.specs -mfloat-abi=soft -mthumb -Wl,--start-group -lc -lm -Wl,--end-group
Finished building target: cv06.elf
 
arm-none-eabi-size  cv06.elf 
arm-none-eabi-objdump -h -S cv06.elf  > "cv06.list"
   text	   data	    bss	    dec	    hex	filename
   9628	     12	   1708	  11348	   2c54	cv06.elf
Finished building: default.size.stdout
 
Finished building: cv06.list
 
08:58:14 **** Incremental Build of configuration Debug for project cv06 ****
make -j4 all 
arm-none-eabi-size  cv06.elf 
   text	   data	    bss	    dec	    hex	filename
   9628	     12	   1708	  11348	   2c54	cv06.elf
Finished building: default.size.stdout
 
08:59:29 **** Incremental Build of configuration Debug for project cv06 ****
make -j4 all 
arm-none-eabi-gcc "../Core/Src/1wire.c" -mcpu=cortex-m0 -std=gnu11 -g3 -DDEBUG -DUSE_HAL_DRIVER -DSTM32F030x8 -c -I../Core/Inc -I../Drivers/STM32F0xx_HAL_Driver/Inc -I../Drivers/STM32F0xx_HAL_Driver/Inc/Legacy -I../Drivers/CMSIS/Device/ST/STM32F0xx/Include -I../Drivers/CMSIS/Include -O0 -ffunction-sections -fdata-sections -Wall -fstack-usage -fcyclomatic-complexity -MMD -MP -MF"Core/Src/1wire.d" -MT"Core/Src/1wire.o" --specs=nano.specs -mfloat-abi=soft -mthumb -o "Core/Src/1wire.o"
arm-none-eabi-gcc "../Core/Src/main.c" -mcpu=cortex-m0 -std=gnu11 -g3 -DDEBUG -DUSE_HAL_DRIVER -DSTM32F030x8 -c -I../Core/Inc -I../Drivers/STM32F0xx_HAL_Driver/Inc -I../Drivers/STM32F0xx_HAL_Driver/Inc/Legacy -I../Drivers/CMSIS/Device/ST/STM32F0xx/Include -I../Drivers/CMSIS/Include -O0 -ffunction-sections -fdata-sections -Wall -fstack-usage -fcyclomatic-complexity -MMD -MP -MF"Core/Src/main.d" -MT"Core/Src/main.o" --specs=nano.specs -mfloat-abi=soft -mthumb -o "Core/Src/main.o"
arm-none-eabi-gcc "../Core/Src/sct.c" -mcpu=cortex-m0 -std=gnu11 -g3 -DDEBUG -DUSE_HAL_DRIVER -DSTM32F030x8 -c -I../Core/Inc -I../Drivers/STM32F0xx_HAL_Driver/Inc -I../Drivers/STM32F0xx_HAL_Driver/Inc/Legacy -I../Drivers/CMSIS/Device/ST/STM32F0xx/Include -I../Drivers/CMSIS/Include -O0 -ffunction-sections -fdata-sections -Wall -fstack-usage -fcyclomatic-complexity -MMD -MP -MF"Core/Src/sct.d" -MT"Core/Src/sct.o" --specs=nano.specs -mfloat-abi=soft -mthumb -o "Core/Src/sct.o"
arm-none-eabi-gcc "../Core/Src/stm32f0xx_hal_msp.c" -mcpu=cortex-m0 -std=gnu11 -g3 -DDEBUG -DUSE_HAL_DRIVER -DSTM32F030x8 -c -I../Core/Inc -I../Drivers/STM32F0xx_HAL_Driver/Inc -I../Drivers/STM32F0xx_HAL_Driver/Inc/Legacy -I../Drivers/CMSIS/Device/ST/STM32F0xx/Include -I../Drivers/CMSIS/Include -O0 -ffunction-sections -fdata-sections -Wall -fstack-usage -fcyclomatic-complexity -MMD -MP -MF"Core/Src/stm32f0xx_hal_msp.d" -MT"Core/Src/stm32f0xx_hal_msp.o" --specs=nano.specs -mfloat-abi=soft -mthumb -o "Core/Src/stm32f0xx_hal_msp.o"
arm-none-eabi-gcc "../Core/Src/stm32f0xx_it.c" -mcpu=cortex-m0 -std=gnu11 -g3 -DDEBUG -DUSE_HAL_DRIVER -DSTM32F030x8 -c -I../Core/Inc -I../Drivers/STM32F0xx_HAL_Driver/Inc -I../Drivers/STM32F0xx_HAL_Driver/Inc/Legacy -I../Drivers/CMSIS/Device/ST/STM32F0xx/Include -I../Drivers/CMSIS/Include -O0 -ffunction-sections -fdata-sections -Wall -fstack-usage -fcyclomatic-complexity -MMD -MP -MF"Core/Src/stm32f0xx_it.d" -MT"Core/Src/stm32f0xx_it.o" --specs=nano.specs -mfloat-abi=soft -mthumb -o "Core/Src/stm32f0xx_it.o"
arm-none-eabi-gcc -o "cv06.elf" @"objects.list"   -mcpu=cortex-m0 -T"C:\Temp\vanek\MKS\MKS\cv06\STM32F030R8TX_FLASH.ld" --specs=nosys.specs -Wl,-Map="cv06.map" -Wl,--gc-sections -static --specs=nano.specs -mfloat-abi=soft -mthumb -Wl,--start-group -lc -lm -Wl,--end-group
Finished building target: cv06.elf
 
arm-none-eabi-size  cv06.elf 
arm-none-eabi-objdump -h -S cv06.elf  > "cv06.list"
   text	   data	    bss	    dec	    hex	filename
   9632	     12	   1708	  11352	   2c58	cv06.elf
Finished building: default.size.stdout
 
Finished building: cv06.list
 
08:59:32 **** Incremental Build of configuration Debug for project cv06 ****
make -j4 all 
arm-none-eabi-size  cv06.elf 
   text	   data	    bss	    dec	    hex	filename
   9632	     12	   1708	  11352	   2c58	cv06.elf
Finished building: default.size.stdout
 
09:41:12 **** Incremental Build of configuration Debug for project cv06 ****
make -j4 all 
arm-none-eabi-gcc "../Core/Src/main.c" -mcpu=cortex-m0 -std=gnu11 -g3 -DDEBUG -DUSE_HAL_DRIVER -DSTM32F030x8 -c -I../Core/Inc -I../Drivers/STM32F0xx_HAL_Driver/Inc -I../Drivers/STM32F0xx_HAL_Driver/Inc/Legacy -I../Drivers/CMSIS/Device/ST/STM32F0xx/Include -I../Drivers/CMSIS/Include -O0 -ffunction-sections -fdata-sections -Wall -fstack-usage -fcyclomatic-complexity -MMD -MP -MF"Core/Src/main.d" -MT"Core/Src/main.o" --specs=nano.specs -mfloat-abi=soft -mthumb -o "Core/Src/main.o"
In file included from ../Core/Src/main.c:26:
../Core/Inc/data.dlm:1:1: error: expected identifier or '(' before numeric constant
[...]
arm-none-eabi-gcc -o "cv11.elf" @"objects.list"   -mcpu=cortex-m4 -T"C:\Temp\vanek\MKS\MKS\cv11\STM32F429ZITX_FLASH.ld" --specs=nosys.specs -Wl,-Map="cv11.map" -Wl,--gc-sections -static --specs=nano.specs -mfpu=fpv4-sp-d16 -mfloat-abi=hard -mthumb -Wl,--start-group -lc -lm -Wl,--end-group
Finished building target: cv11.elf
 
arm-none-eabi-size  cv11.elf 
arm-none-eabi-objdump -h -S cv11.elf  > "cv11.list"
   text	   data	    bss	    dec	    hex	filename
  35200	    284	   4164	  39648	   9ae0	cv11.elf
Finished building: default.size.stdout
 
Finished building: cv11.list
 
09:54:17 **** Incremental Build of configuration Debug for project cv11 ****
make -j4 all 
arm-none-eabi-gcc "../Core/Src/main.c" -mcpu=cortex-m4 -std=gnu11 -g3 -DDEBUG -DUSE_HAL_DRIVER -DSTM32F429xx -c -I../Core/Inc -I../Drivers/STM32F4xx_HAL_Driver/Inc -I../Drivers/STM32F4xx_HAL_Driver/Inc/Legacy -I../Drivers/CMSIS/Device/ST/STM32F4xx/Include -I../Drivers/CMSIS/Include -I../USB_DEVICE/App -I../USB_DEVICE/Target -I../Middlewares/ST/STM32_USB_Device_Library/Core/Inc -I../Middlewares/ST/STM32_USB_Device_Library/Class/HID/Inc -O0 -ffunction-sections -fdata-sections -Wall -fstack-usage -fcyclomatic-complexity -MMD -MP -MF"Core/Src/main.d" -MT"Core/Src/main.o" --specs=nano.specs -mfpu=fpv4-sp-d16 -mfloat-abi=hard -mthumb -o "Core/Src/main.o"
arm-none-eabi-gcc -o "cv11.elf" @"objects.list"   -mcpu=cortex-m4 -T"C:\Temp\vanek\MKS\MKS\cv11\STM32F429ZITX_FLASH.ld" --specs=nosys.specs -Wl,-Map="cv11.map" -Wl,--gc-sections -static --specs=nano.specs -mfpu=fpv4-sp-d16 -mfloat-abi=hard -mthumb -Wl,--start-group -lc -lm -Wl,--end-group
Finished building target: cv11.elf
 
arm-none-eabi-size  cv11.elf 
arm-none-eabi-objdump -h -S cv11.elf  > "cv11.list"
   text	   data	    bss	    dec	    hex	filename
  35200	    284	   4164	  39648	   9ae0	cv11.elf
Finished building: default.size.stdout
 
Finished building: cv11.list
 
09:54:39 **** Incremental Build of configuration Debug for project cv11 ****
make -j4 all 
arm-none-eabi-gcc "../Core/Src/main.c" -mcpu=cortex-m4 -std=gnu11 -g3 -DDEBUG -DUSE_HAL_DRIVER -DSTM32F429xx -c -I../Core/Inc -I../Drivers/STM32F4xx_HAL_Driver/Inc -I../Drivers/STM32F4xx_HAL_Driver/Inc/Legacy -I../Drivers/CMSIS/Device/ST/STM32F4xx/Include -I../Drivers/CMSIS/Include -I../USB_DEVICE/App -I../USB_DEVICE/Target -I../Middlewares/ST/STM32_USB_Device_Library/Core/Inc -I../Middlewares/ST/STM32_USB_Device_Library/Class/HID/Inc -O0 -ffunction-sections -fdata-sections -Wall -fstack-usage -fcyclomatic-complexity -MMD -MP -MF"Core/Src/main.d" -MT"Core/Src/main.o" --specs=nano.specs -mfpu=fpv4-sp-d16 -mfloat-abi=hard -mthumb -o "Core/Src/main.o"
arm-none-eabi-gcc -o "cv11.elf" @"objects.list"   -mcpu=cortex-m4 -T"C:\Temp\vanek\MKS\MKS\cv11\STM32F429ZITX_FLASH.ld" --specs=nosys.specs -Wl,-Map="cv11.map" -Wl,--gc-sections -static --specs=nano.specs -mfpu=fpv4-sp-d16 -mfloat-abi=hard -mthumb -Wl,--start-group -lc -lm -Wl,--end-group
Finished building target: cv11.elf
 
arm-none-eabi-size  cv11.elf 
arm-none-eabi-objdump -h -S cv11.elf  > "cv11.list"
   text	   data	    bss	    dec	    hex	filename
  35200	    284	   4164	  39648	   9ae0	cv11.elf
Finished building: default.size.stdout
 
Finished building: cv11.list
 
09:57:44 **** Incremental Build of configuration Debug for project cv11 ****
make -j4 all 
arm-none-eabi-gcc "../Core/Src/main.c" -mcpu=cortex-m4 -std=gnu11 -g3 -DDEBUG -DUSE_HAL_DRIVER -DSTM32F429xx -c -I../Core/Inc -I../Drivers/STM32F4xx_HAL_Driver/Inc -I../Drivers/STM32F4xx_HAL_Driver/Inc/Legacy -I../Drivers/CMSIS/Device/ST/STM32F4xx/Include -I../Drivers/CMSIS/Include -I../USB_DEVICE/App -I../USB_DEVICE/Target -I../Middlewares/ST/STM32_USB_Device_Library/Core/Inc -I../Middlewares/ST/STM32_USB_Device_Library/Class/HID/Inc -O0 -ffunction-sections -fdata-sections -Wall -fstack-usage -fcyclomatic-complexity -MMD -MP -MF"Core/Src/main.d" -MT"Core/Src/main.o" --specs=nano.specs -mfpu=fpv4-sp-d16 -mfloat-abi=hard -mthumb -o "Core/Src/main.o"
arm-none-eabi-gcc -o "cv11.elf" @"objects.list"   -mcpu=cortex-m4 -T"C:\Temp\vanek\MKS\MKS\cv11\STM32F429ZITX_FLASH.ld" --specs=nosys.specs -Wl,-Map="cv11.map" -Wl,--gc-sections -static --specs=nano.specs -mfpu=fpv4-sp-d16 -mfloat-abi=hard -mthumb -Wl,--start-group -lc -lm -Wl,--end-group
Finished building target: cv11.elf
 
arm-none-eabi-size  cv11.elf 
arm-none-eabi-objdump -h -S cv11.elf  > "cv11.list"
   text	   data	    bss	    dec	    hex	filename
  35200	    284	   4164	  39648	   9ae0	cv11.elf
Finished building: default.size.stdout
 
Finished building: cv11.list
 
09:58:24 **** Incremental Build of configuration Debug for project cv11 ****
make -j4 all 
arm-none-eabi-gcc "../Core/Src/main.c" -mcpu=cortex-m4 -std=gnu11 -g3 -DDEBUG -DUSE_HAL_DRIVER -DSTM32F429xx -c -I../Core/Inc -I../Drivers/STM32F4xx_HAL_Driver/Inc -I../Drivers/STM32F4xx_HAL_Driver/Inc/Legacy -I../Drivers/CMSIS/Device/ST/STM32F4xx/Include -I../Drivers/CMSIS/Include -I../USB_DEVICE/App -I../USB_DEVICE/Target -I../Middlewares/ST/STM32_USB_Device_Library/Core/Inc -I../Middlewares/ST/STM32_USB_Device_Library/Class/HID/Inc -O0 -ffunction-sections -fdata-sections -Wall -fstack-usage -fcyclomatic-complexity -MMD -MP -MF"Core/Src/main.d" -MT"Core/Src/main.o" --specs=nano.specs -mfpu=fpv4-sp-d16 -mfloat-abi=hard -mthumb -o "Core/Src/main.o"
arm-none-eabi-gcc -o "cv11.elf" @"objects.list"   -mcpu=cortex-m4 -T"C:\Temp\vanek\MKS\MKS\cv11\STM32F429ZITX_FLASH.ld" --specs=nosys.specs -Wl,-Map="cv11.map" -Wl,--gc-sections -static --specs=nano.specs -mfpu=fpv4-sp-d16 -mfloat-abi=hard -mthumb -Wl,--start-group -lc -lm -Wl,--end-group
Finished building target: cv11.elf
 
arm-none-eabi-size  cv11.elf 
arm-none-eabi-objdump -h -S cv11.elf  > "cv11.list"
   text	   data	    bss	    dec	    hex	filename
  35200	    284	   4164	  39648	   9ae0	cv11.elf
Finished building: default.size.stdout
 
Finished building: cv11.list
 
09:58:55 **** Incremental Build of configuration Debug for project cv11 ****
make -j4 all 
arm-none-eabi-gcc "../Core/Src/main.c" -mcpu=cortex-m4 -std=gnu11 -g3 -DDEBUG -DUSE_HAL_DRIVER -DSTM32F429xx -c -I../Core/Inc -I../Drivers/STM32F4xx_HAL_Driver/Inc -I../Drivers/STM32F4xx_HAL_Driver/Inc/Legacy -I../Drivers/CMSIS/Device/ST/STM32F4xx/Include -I../Drivers/CMSIS/Include -I../USB_DEVICE/App -I../USB_DEVICE/Target -I../Middlewares/ST/STM32_USB_Device_Library/Core/Inc -I../Middlewares/ST/STM32_USB_Device_Library/Class/HID/Inc -O0 -ffunction-sections -fdata-sections -Wall -fstack-usage -fcyclomatic-complexity -MMD -MP -MF"Core/Src/main.d" -MT"Core/Src/main.o" --specs=nano.specs -mfpu=fpv4-sp-d16 -mfloat-abi=hard -mthumb -o "Core/Src/main.o"
arm-none-eabi-gcc -o "cv11.elf" @"objects.list"   -mcpu=cortex-m4 -T"C:\Temp\vanek\MKS\MKS\cv11\STM32F429ZITX_FLASH.ld" --specs=nosys.specs -Wl,-Map="cv11.map" -Wl,--gc-sections -static --specs=nano.specs -mfpu=fpv4-sp-d16 -mfloat-abi=hard -mthumb -Wl,--start-group -lc -lm -Wl,--end-group
Finished building target: cv11.elf
 
arm-none-eabi-size  cv11.elf 
arm-none-eabi-objdump -h -S cv11.elf  > "cv11.list"
   text	   data	    bss	    dec	    hex	filename
  35200	    284	   4164	  39648	   9ae0	cv11.elf
Finished building: default.size.stdout
 
Finished building: cv11.list
 
09:59:18 **** Incremental Build of configuration Debug for project cv11 ****
make -j4 all 
arm-none-eabi-gcc "../Core/Src/main.c" -mcpu=cortex-m4 -std=gnu11 -g3 -DDEBUG -DUSE_HAL_DRIVER -DSTM32F429xx -c -I../Core/Inc -I../Drivers/STM32F4xx_HAL_Driver/Inc -I../Drivers/STM32F4xx_HAL_Driver/Inc/Legacy -I../Drivers/CMSIS/Device/ST/STM32F4xx/Include -I../Drivers/CMSIS/Include -I../USB_DEVICE/App -I../USB_DEVICE/Target -I../Middlewares/ST/STM32_USB_Device_Library/Core/Inc -I../Middlewares/ST/STM32_USB_Device_Library/Class/HID/Inc -O0 -ffunction-sections -fdata-sections -Wall -fstack-usage -fcyclomatic-complexity -MMD -MP -MF"Core/Src/main.d" -MT"Core/Src/main.o" --specs=nano.specs -mfpu=fpv4-sp-d16 -mfloat-abi=hard -mthumb -o "Core/Src/main.o"
arm-none-eabi-gcc -o "cv11.elf" @"objects.list"   -mcpu=cortex-m4 -T"C:\Temp\vanek\MKS\MKS\cv11\STM32F429ZITX_FLASH.ld" --specs=nosys.specs -Wl,-Map="cv11.map" -Wl,--gc-sections -static --specs=nano.specs -mfpu=fpv4-sp-d16 -mfloat-abi=hard -mthumb -Wl,--start-group -lc -lm -Wl,--end-group
Finished building target: cv11.elf
 
arm-none-eabi-size  cv11.elf 
arm-none-eabi-objdump -h -S cv11.elf  > "cv11.list"
   text	   data	    bss	    dec	    hex	filename
  35200	    284	   4164	  39648	   9ae0	cv11.elf
Finished building: default.size.stdout
 
Finished building: cv11.list
 
09:59:38 **** Incremental Build of configuration Debug for project cv11 ****
make -j4 all 
arm-none-eabi-gcc "../Core/Src/main.c" -mcpu=cortex-m4 -std=gnu11 -g3 -DDEBUG -DUSE_HAL_DRIVER -DSTM32F429xx -c -I../Core/Inc -I../Drivers/STM32F4xx_HAL_Driver/Inc -I../Drivers/STM32F4xx_HAL_Driver/Inc/Legacy -I../Drivers/CMSIS/Device/ST/STM32F4xx/Include -I../Drivers/CMSIS/Include -I../USB_DEVICE/App -I../USB_DEVICE/Target -I../Middlewares/ST/STM32_USB_Device_Library/Core/Inc -I../Middlewares/ST/STM32_USB_Device_Library/Class/HID/Inc -O0 -ffunction-sections -fdata-sections -Wall -fstack-usage -fcyclomatic-complexity -MMD -MP -MF"Core/Src/main.d" -MT"Core/Src/main.o" --specs=nano.specs -mfpu=fpv4-sp-d16 -mfloat-abi=hard -mthumb -o "Core/Src/main.o"
arm-none-eabi-gcc -o "cv11.elf" @"objects.list"   -mcpu=cortex-m4 -T"C:\Temp\vanek\MKS\MKS\cv11\STM32F429ZITX_FLASH.ld" --specs=nosys.specs -Wl,-Map="cv11.map" -Wl,--gc-sections -static --specs=nano.specs -mfpu=fpv4-sp-d16 -mfloat-abi=hard -mthumb -Wl,--start-group -lc -lm -Wl,--end-group
Finished building target: cv11.elf
 
arm-none-eabi-size  cv11.elf 
arm-none-eabi-objdump -h -S cv11.elf  > "cv11.list"
   text	   data	    bss	    dec	    hex	filename
  35200	    284	   4164	  39648	   9ae0	cv11.elf
Finished building: default.size.stdout
 
Finished building: cv11.list
 
10:05:15 **** Incremental Build of configuration Debug for project cv11 ****
make -j4 all 
arm-none-eabi-gcc "../Core/Src/main.c" -mcpu=cortex-m4 -std=gnu11 -g3 -DDEBUG -DUSE_HAL_DRIVER -DSTM32F429xx -c -I../Core/Inc -I../Drivers/STM32F4xx_HAL_Driver/Inc -I../Drivers/STM32F4xx_HAL_Driver/Inc/Legacy -I../Drivers/CMSIS/Device/ST/STM32F4xx/Include -I../Drivers/CMSIS/Include -I../USB_DEVICE/App -I../USB_DEVICE/Target -I../Middlewares/ST/STM32_USB_Device_Library/Core/Inc -I../Middlewares/ST/STM32_USB_Device_Library/Class/HID/Inc -O0 -ffunction-sections -fdata-sections -Wall -fstack-usage -fcyclomatic-complexity -MMD -MP -MF"Core/Src/main.d" -MT"Core/Src/main.o" --specs=nano.specs -mfpu=fpv4-sp-d16 -mfloat-abi=hard -mthumb -o "Core/Src/main.o"
arm-none-eabi-gcc -o "cv11.elf" @"objects.list"   -mcpu=cortex-m4 -T"C:\Temp\vanek\MKS\MKS\cv11\STM32F429ZITX_FLASH.ld" --specs=nosys.specs -Wl,-Map="cv11.map" -Wl,--gc-sections -static --specs=nano.specs -mfpu=fpv4-sp-d16 -mfloat-abi=hard -mthumb -Wl,--start-group -lc -lm -Wl,--end-group
Finished building target: cv11.elf
 
arm-none-eabi-size  cv11.elf 
arm-none-eabi-objdump -h -S cv11.elf  > "cv11.list"
   text	   data	    bss	    dec	    hex	filename
  34432	    284	   4164	  38880	   97e0	cv11.elf
Finished building: default.size.stdout
 
Finished building: cv11.list
 
10:07:08 **** Incremental Build of configuration Debug for project cv11 ****
make -j4 all 
arm-none-eabi-gcc "../Core/Src/main.c" -mcpu=cortex-m4 -std=gnu11 -g3 -DDEBUG -DUSE_HAL_DRIVER -DSTM32F429xx -c -I../Core/Inc -I../Drivers/STM32F4xx_HAL_Driver/Inc -I../Drivers/STM32F4xx_HAL_Driver/Inc/Legacy -I../Drivers/CMSIS/Device/ST/STM32F4xx/Include -I../Drivers/CMSIS/Include -I../USB_DEVICE/App -I../USB_DEVICE/Target -I../Middlewares/ST/STM32_USB_Device_Library/Core/Inc -I../Middlewares/ST/STM32_USB_Device_Library/Class/HID/Inc -O0 -ffunction-sections -fdata-sections -Wall -fstack-usage -fcyclomatic-complexity -MMD -MP -MF"Core/Src/main.d" -MT"Core/Src/main.o" --specs=nano.specs -mfpu=fpv4-sp-d16 -mfloat-abi=hard -mthumb -o "Core/Src/main.o"
arm-none-eabi-gcc -o "cv11.elf" @"objects.list"   -mcpu=cortex-m4 -T"C:\Temp\vanek\MKS\MKS\cv11\STM32F429ZITX_FLASH.ld" --specs=nosys.specs -Wl,-Map="cv11.map" -Wl,--gc-sections -static --specs=nano.specs -mfpu=fpv4-sp-d16 -mfloat-abi=hard -mthumb -Wl,--start-group -lc -lm -Wl,--end-group
Finished building target: cv11.elf
 
arm-none-eabi-size  cv11.elf 
arm-none-eabi-objdump -h -S cv11.elf  > "cv11.list"
   text	   data	    bss	    dec	    hex	filename
  35200	    284	   4164	  39648	   9ae0	cv11.elf
Finished building: default.size.stdout
 
Finished building: cv11.list
 
10:07:36 **** Incremental Build of configuration Debug for project cv11 ****
make -j4 all 
arm-none-eabi-gcc "../Core/Src/main.c" -mcpu=cortex-m4 -std=gnu11 -g3 -DDEBUG -DUSE_HAL_DRIVER -DSTM32F429xx -c -I../Core/Inc -I../Drivers/STM32F4xx_HAL_Driver/Inc -I../Drivers/STM32F4xx_HAL_Driver/Inc/Legacy -I../Drivers/CMSIS/Device/ST/STM32F4xx/Include -I../Drivers/CMSIS/Include -I../USB_DEVICE/App -I../USB_DEVICE/Target -I../Middlewares/ST/STM32_USB_Device_Library/Core/Inc -I../Middlewares/ST/STM32_USB_Device_Library/Class/HID/Inc -O0 -ffunction-sections -fdata-sections -Wall -fstack-usage -fcyclomatic-complexity -MMD -MP -MF"Core/Src/main.d" -MT"Core/Src/main.o" --specs=nano.specs -mfpu=fpv4-sp-d16 -mfloat-abi=hard -mthumb -o "Core/Src/main.o"
arm-none-eabi-gcc -o "cv11.elf" @"objects.list"   -mcpu=cortex-m4 -T"C:\Temp\vanek\MKS\MKS\cv11\STM32F429ZITX_FLASH.ld" --specs=nosys.specs -Wl,-Map="cv11.map" -Wl,--gc-sections -static --specs=nano.specs -mfpu=fpv4-sp-d16 -mfloat-abi=hard -mthumb -Wl,--start-group -lc -lm -Wl,--end-group
Finished building target: cv11.elf
 
arm-none-eabi-size  cv11.elf 
arm-none-eabi-objdump -h -S cv11.elf  > "cv11.list"
   text	   data	    bss	    dec	    hex	filename
  35200	    284	   4164	  39648	   9ae0	cv11.elf
Finished building: default.size.stdout
 
Finished building: cv11.list
 
10:08:59 **** Incremental Build of configuration Debug for project cv11 ****
make -j4 all 
arm-none-eabi-gcc "../Core/Src/main.c" -mcpu=cortex-m4 -std=gnu11 -g3 -DDEBUG -DUSE_HAL_DRIVER -DSTM32F429xx -c -I../Core/Inc -I../Drivers/STM32F4xx_HAL_Driver/Inc -I../Drivers/STM32F4xx_HAL_Driver/Inc/Legacy -I../Drivers/CMSIS/Device/ST/STM32F4xx/Include -I../Drivers/CMSIS/Include -I../USB_DEVICE/App -I../USB_DEVICE/Target -I../Middlewares/ST/STM32_USB_Device_Library/Core/Inc -I../Middlewares/ST/STM32_USB_Device_Library/Class/HID/Inc -O0 -ffunction-sections -fdata-sections -Wall -fstack-usage -fcyclomatic-complexity -MMD -MP -MF"Core/Src/main.d" -MT"Core/Src/main.o" --specs=nano.specs -mfpu=fpv4-sp-d16 -mfloat-abi=hard -mthumb -o "Core/Src/main.o"
arm-none-eabi-gcc -o "cv11.elf" @"objects.list"   -mcpu=cortex-m4 -T"C:\Temp\vanek\MKS\MKS\cv11\STM32F429ZITX_FLASH.ld" --specs=nosys.specs -Wl,-Map="cv11.map" -Wl,--gc-sections -static --specs=nano.specs -mfpu=fpv4-sp-d16 -mfloat-abi=hard -mthumb -Wl,--start-group -lc -lm -Wl,--end-group
Finished building target: cv11.elf
 
arm-none-eabi-size  cv11.elf 
arm-none-eabi-objdump -h -S cv11.elf  > "cv11.list"
   text	   data	    bss	    dec	    hex	filename
  34936	    284	   4164	  39384	   99d8	cv11.elf
Finished building: default.size.stdout
 
Finished building: cv11.list
 
10:12:09 **** Incremental Build of configuration Debug for project cv11 ****
make -j4 all 
arm-none-eabi-gcc "../Core/Src/main.c" -mcpu=cortex-m4 -std=gnu11 -g3 -DDEBUG -DUSE_HAL_DRIVER -DSTM32F429xx -c -I../Core/Inc -I../Drivers/STM32F4xx_HAL_Driver/Inc -I../Drivers/STM32F4xx_HAL_Driver/Inc/Legacy -I../Drivers/CMSIS/Device/ST/STM32F4xx/Include -I../Drivers/CMSIS/Include -I../USB_DEVICE/App -I../USB_DEVICE/Target -I../Middlewares/ST/STM32_USB_Device_Library/Core/Inc -I../Middlewares/ST/STM32_USB_Device_Library/Class/HID/Inc -O0 -ffunction-sections -fdata-sections -Wall -fstack-usage -fcyclomatic-complexity -MMD -MP -MF"Core/Src/main.d" -MT"Core/Src/main.o" --specs=nano.specs -mfpu=fpv4-sp-d16 -mfloat-abi=hard -mthumb -o "Core/Src/main.o"
arm-none-eabi-gcc -o "cv11.elf" @"objects.list"   -mcpu=cortex-m4 -T"C:\Temp\vanek\MKS\MKS\cv11\STM32F429ZITX_FLASH.ld" --specs=nosys.specs -Wl,-Map="cv11.map" -Wl,--gc-sections -static --specs=nano.specs -mfpu=fpv4-sp-d16 -mfloat-abi=hard -mthumb -Wl,--start-group -lc -lm -Wl,--end-group
Finished building target: cv11.elf
 
arm-none-eabi-size  cv11.elf 
arm-none-eabi-objdump -h -S cv11.elf  > "cv11.list"
   text	   data	    bss	    dec	    hex	filename
  34936	    284	   4164	  39384	   99d8	cv11.elf
Finished building: default.size.stdout
 
Finished building: cv11.list
 
10:13:45 **** Incremental Build of configuration Debug for project cv11 ****
make -j4 all 
arm-none-eabi-size  cv11.elf 
   text	   data	    bss	    dec	    hex	filename
  34936	    284	   4164	  39384	   99d8	cv11.elf
Finished building: default.size.stdout
 
10:14:26 **** Incremental Build of configuration Debug for project cv11 ****
make -j4 all 
arm-none-eabi-gcc "../Core/Src/main.c" -mcpu=cortex-m4 -std=gnu11 -g3 -DDEBUG -DUSE_HAL_DRIVER -DSTM32F429xx -c -I../Core/Inc -I../Drivers/STM32F4xx_HAL_Driver/Inc -I../Drivers/STM32F4xx_HAL_Driver/Inc/Legacy -I../Drivers/CMSIS/Device/ST/STM32F4xx/Include -I../Drivers/CMSIS/Include -I../USB_DEVICE/App -I../USB_DEVICE/Target -I../Middlewares/ST/STM32_USB_Device_Library/Core/Inc -I../Middlewares/ST/STM32_USB_Device_Library/Class/HID/Inc -O0 -ffunction-sections -fdata-sections -Wall -fstack-usage -fcyclomatic-complexity -MMD -MP -MF"Core/Src/main.d" -MT"Core/Src/main.o" --specs=nano.specs -mfpu=fpv4-sp-d16 -mfloat-abi=hard -mthumb -o "Core/Src/main.o"
arm-none-eabi-gcc -o "cv11.elf" @"objects.list"   -mcpu=cortex-m4 -T"C:\Temp\vanek\MKS\MKS\cv11\STM32F429ZITX_FLASH.ld" --specs=nosys.specs -Wl,-Map="cv11.map" -Wl,--gc-sections -static --specs=nano.specs -mfpu=fpv4-sp-d16 -mfloat-abi=hard -mthumb -Wl,--start-group -lc -lm -Wl,--end-group
Finished building target: cv11.elf
 
arm-none-eabi-size  cv11.elf 
arm-none-eabi-objdump -h -S cv11.elf  > "cv11.list"
   text	   data	    bss	    dec	    hex	filename
  35200	    284	   4164	  39648	   9ae0	cv11.elf
Finished building: default.size.stdout
 
Finished building: cv11.list
 
10:14:44 **** Incremental Build of configuration Debug for project cv11 ****
make -j4 all 
arm-none-eabi-size  cv11.elf 
   text	   data	    bss	    dec	    hex	filename
  35200	    284	   4164	  39648	   9ae0	cv11.elf
Finished building: default.size.stdout
 
10:15:18 **** Incremental Build of configuration Debug for project cv11 ****
make -j4 all 
arm-none-eabi-gcc "../Core/Src/main.c" -mcpu=cortex-m4 -std=gnu11 -g3 -DDEBUG -DUSE_HAL_DRIVER -DSTM32F429xx -c -I../Core/Inc -I../Drivers/STM32F4xx_HAL_Driver/Inc -I../Drivers/STM32F4xx_HAL_Driver/Inc/Legacy -I../Drivers/CMSIS/Device/ST/STM32F4xx/Include -I../Drivers/CMSIS/Include -I../USB_DEVICE/App -I../USB_DEVICE/Target -I../Middlewares/ST/STM32_USB_Device_Library/Core/Inc -I../Middlewares/ST/STM32_USB_Device_Library/Class/HID/Inc -O0 -ffunction-sections -fdata-sections -Wall -fstack-usage -fcyclomatic-complexity -MMD -MP -MF"Core/Src/main.d" -MT"Core/Src/main.o" --specs=nano.specs -mfpu=fpv4-sp-d16 -mfloat-abi=hard -mthumb -o "Core/Src/main.o"
arm-none-eabi-gcc -o "cv11.elf" @"objects.list"   -mcpu=cortex-m4 -T"C:\Temp\vanek\MKS\MKS\cv11\STM32F429ZITX_FLASH.ld" --specs=nosys.specs -Wl,-Map="cv11.map" -Wl,--gc-sections -static --specs=nano.specs -mfpu=fpv4-sp-d16 -mfloat-abi=hard -mthumb -Wl,--start-group -lc -lm -Wl,--end-group
Finished building target: cv11.elf
 
arm-none-eabi-size  cv11.elf 
arm-none-eabi-objdump -h -S cv11.elf  > "cv11.list"
   text	   data	    bss	    dec	    hex	filename
  34936	    284	   4164	  39384	   99d8	cv11.elf
Finished building: default.size.stdout
 
Finished building: cv11.list
 
